06-09 12:05:44.408  2786  2786 I IMS_RILA: getRadioServiceProxy, HIDL version, service: 1 [SUB0]
06-09 12:05:44.409  2786  2786 I IMS_RILA: Ims-RIL: serviceProxy.isAidl = false [SUB0]
06-09 12:05:44.409  2786  2786 I IMS_RILA: getRadioServiceProxy, HIDL version, service: 2 [SUB0]
06-09 12:05:44.410  2786  2786 I IMS_RILA: Ims-RIL: serviceProxy.isAidl = false [SUB0]
06-09 12:05:44.410  2786  2786 I IMS_RILA: getRadioServiceProxy, HIDL version, service: 3 [SUB0]
06-09 12:05:44.410  2786  2786 I IMS_RILA: Ims-RIL: serviceProxy.isAidl = false [SUB0]
06-09 12:05:44.410  2786  2786 I IMS_RILA: getRadioServiceProxy, HIDL version, service: 4 [SUB0]
06-09 12:05:44.411  2786  2786 I IMS_RILA: Ims-RIL: serviceProxy.isAidl = false [SUB0]
06-09 12:05:44.415  1701  1733 I AT      : [0] AT< +ESLOTSINFO=*** (RIL_CMD_RT_7, tid:471978904752)
06-09 12:05:44.415  1701  1733 I AT      : [0] AT< OK (RIL_CMD_RT_7, tid:471978904752)
06-09 12:05:44.417  1701  1701 I RILC    : [9] setResponseFunctionsSE
06-09 12:05:44.418  1701  1701 I RILC    : setResponseFunctions, slotId = 9
06-09 12:05:44.420  1701  1756 I AT      : [1] AT> AT+CPIN? (RIL_CMD2_RT_7 tid:471666052272)
06-09 12:05:44.425  1701  1755 I AT      : [1] AT< +CME ERROR: 10 (RIL_CMD2_RT_7, tid:471667117232)
06-09 12:05:44.427  1701  1710 I RtcImsConfigController: [0] onSimStateChanged, simState = 1
06-09 12:05:44.427  1701  1710 I RtcImsConfigController: [0] DIMS setImsResourceCapability, volte:1, vilte:1, wfc:0, vonr:0, vinr:0
06-09 12:05:44.428  1701  1710 E RILC    : imsCfgDynamicImsSwitchCompleteInd: mtkRadioExService[4]->mRadioIndicationIms == NULL
06-09 12:05:44.437  2786  2786 I IMS_RILA: getMtkRadioProxy mMtkRadioVersion = 3.0 [SUB0]
06-09 12:05:44.438  1701  1734 I AT      : [0] AT> AT+CPIN? (RIL_CMD_RT_7 tid:471961062576)
06-09 12:05:44.438  1701  1701 I RILC    : setResponseFunctionsIms, slotId = 4
06-09 12:05:44.438  1701  1710 I RtcImsConfigController: [1] onSimStateChanged, simState = 1
06-09 12:05:44.438  1701  1701 I RILC    : onNewCommandConnect, slot 0, client 3
06-09 12:05:44.438  1701  1706 I RILC    : sendPendedUrcCallback 1 0 3
06-09 12:05:44.438  1701  1706 I RILC    : sendPendedUrcs RIL_SOCKET_1, RIL_UNSOL_IMS_BEARER_INIT, client 3
06-09 12:05:44.438  1701  1710 I RtcImsConfigController: [1] DIMS setImsResourceCapability, volte:1, vilte:1, wfc:0, vonr:0, vinr:0
06-09 12:05:44.438  1701  1710 E RILC    : imsCfgDynamicImsSwitchCompleteInd: mtkRadioExService[5]->mRadioIndicationIms == NULL
06-09 12:05:44.438  1701  1706 I RILC    : sendPendedUrcs RIL_SOCKET_1, RIL_UNSOL_IMS_REGISTRATION_INFO, client 3
06-09 12:05:44.440  2786  2786 I IMS_RILA: getMtkRadioExServiceProxy No AIDL, get HIDL instead. [SUB0]
06-09 12:05:44.441  2786  2786 I IMS_RILA: getMtkRadioExServiceProxy No AIDL, get HIDL instead. [SUB0]
06-09 12:05:44.442  2786  2786 I IMS_RILA: getMtkRadioExServiceProxy No AIDL, get HIDL instead. [SUB0]
06-09 12:05:44.444  2786  2786 I IMS_RILA: Ims-RIL: init phone = 1
06-09 12:05:44.444  1701  1733 I AT      : [0] AT< +CME ERROR: 10 (RIL_CMD_RT_7, tid:471978904752)
06-09 12:05:44.453  2786  2786 E IMS_RILA: getRadioProxy: mRadioVersion 1.5 [SUB1]
06-09 12:05:44.453  2786  2786 I IMS_RILA: getRadioProxy: android.hardware.radio@1.6::IRadio@Proxy [SUB1]
06-09 12:05:44.454  1701  1701 I RILC    : setResponseFunctions, slotId = 5
06-09 12:05:44.460  1820  1820 I pm_critical_info: setEnabledSettings callingUid = 1000 callingPid = 1820 packageName = com.google.android.devicelockcontroller componentName = null callingPackage= android newState = 0
06-09 12:05:44.463  1701  1701 I RIL-Fusion: getRadioState(): radioState=0
06-09 12:05:44.463  1701  1701 E RILC    : radioStateChangedInd: radioService[1]->mRadioIndication == NULL
06-09 12:05:44.463  1701  1701 E RILC    : radioStateChangedInd: radioService[13]->mRadioIndication == NULL
06-09 12:05:44.463  1701  1701 I RILC    : onNewCommandConnect, slot 1, client 2
06-09 12:05:44.463  2786  2786 I IMS_RILA: setResponseFunctionsIms [SUB1]
06-09 12:05:44.463  1701  1706 I RILC    : sendPendedUrcCallback 1 1 2
06-09 12:05:44.463  2786  2786 I IMS_RILA: Ims-RIL: proxy = false [SUB1]
06-09 12:05:44.463  2786  2786 I IMS_RILA: getRadioServiceProxy, HIDL version, service: 1 [SUB1]
06-09 12:05:44.464  2786  2786 I IMS_RILA: Ims-RIL: serviceProxy.isAidl = false [SUB1]
06-09 12:05:44.464  2786  2786 I IMS_RILA: getRadioServiceProxy, HIDL version, service: 2 [SUB1]
06-09 12:05:44.464  2786  2786 I IMS_RILA: Ims-RIL: serviceProxy.isAidl = false [SUB1]
06-09 12:05:44.465  1701  1756 I AT      : [1] AT> AT+CPIN? (RIL_CMD2_RT_7 tid:471666052272)
06-09 12:05:44.465  2786  2786 I IMS_RILA: getRadioServiceProxy, HIDL version, service: 3 [SUB1]
06-09 12:05:44.465  2786  2786 I IMS_RILA: Ims-RIL: serviceProxy.isAidl = false [SUB1]
06-09 12:05:44.465  2786  2786 I IMS_RILA: getRadioServiceProxy, HIDL version, service: 4 [SUB1]
06-09 12:05:44.465  2786  2786 I IMS_RILA: Ims-RIL: serviceProxy.isAidl = false [SUB1]
06-09 12:05:44.468  2786  2786 I IMS_RILA: getMtkRadioProxy mMtkRadioVersion = 3.0 [SUB1]
06-09 12:05:44.469  1701  1701 I RILC    : setResponseFunctionsIms, slotId = 5
06-09 12:05:44.469  1701  1701 I RILC    : onNewCommandConnect, slot 1, client 3
06-09 12:05:44.469  1701  1706 I RILC    : sendPendedUrcCallback 1 1 3
06-09 12:05:44.469  1701  1755 I AT      : [1] AT< +CME ERROR: 10 (RIL_CMD2_RT_7, tid:471667117232)
06-09 12:05:44.469  1701  1706 I RILC    : sendPendedUrcs RIL_SOCKET_2, RIL_UNSOL_IMS_REGISTRATION_INFO, client 3
06-09 12:05:44.470  1701  1706 I RILC    : sendPendedUrcs RIL_SOCKET_2, RIL_UNSOL_IMS_BEARER_INIT, client 3
06-09 12:05:44.470  2786  2786 I IMS_RILA: getMtkRadioExServiceProxy No AIDL, get HIDL instead. [SUB1]
06-09 12:05:44.471  2786  2786 I IMS_RILA: getMtkRadioExServiceProxy No AIDL, get HIDL instead. [SUB1]
06-09 12:05:44.472  2786  2786 I IMS_RILA: getMtkRadioExServiceProxy No AIDL, get HIDL instead. [SUB1]
06-09 12:05:44.473  2786  2786 I IMS_RILA: Ims-RIL: init phone = 2
06-09 12:05:44.482  2786  2786 E IMS_RILA: getRadioProxy: mRadioVersion 1.5 [SUB2]
06-09 12:05:44.483  2786  2786 I IMS_RILA: getRadioProxy: android.hardware.radio@1.6::IRadio@Proxy [SUB2]
06-09 12:05:44.484  1701  1701 I RILC    : setResponseFunctions, slotId = 6
06-09 12:05:44.491  1701  1701 I RIL-Fusion: getRadioState(): radioState=0
06-09 12:05:44.492  1701  1701 E RILC    : radioStateChangedInd: radioService[2]->mRadioIndication == NULL
06-09 12:05:44.492  1701  1701 E RILC    : radioStateChangedInd: radioService[10]->mRadioIndication == NULL
06-09 12:05:44.492  1701  1701 E RILC    : radioStateChangedInd: radioService[14]->mRadioIndication == NULL
06-09 12:05:44.492  1701  1701 I RILC    : onNewCommandConnect, slot 2, client 2
06-09 12:05:44.492  1701  1706 I RILC    : sendPendedUrcCallback 1 2 2
06-09 12:05:44.493  2786  2786 I IMS_RILA: setResponseFunctionsIms [SUB2]
06-09 12:05:44.493  2786  2786 I IMS_RILA: Ims-RIL: proxy = false [SUB2]
06-09 12:05:44.493  2786  2786 I IMS_RILA: getRadioServiceProxy, HIDL version, service: 1 [SUB2]
06-09 12:05:44.494  2786  2786 I IMS_RILA: Ims-RIL: serviceProxy.isAidl = false [SUB2]
06-09 12:05:44.494  2786  2786 I IMS_RILA: getRadioServiceProxy, HIDL version, service: 2 [SUB2]
06-09 12:05:44.494  2786  2786 I IMS_RILA: Ims-RIL: serviceProxy.isAidl = false [SUB2]
06-09 12:05:44.494  2786  2786 I IMS_RILA: getRadioServiceProxy, HIDL version, service: 3 [SUB2]
06-09 12:05:44.494  2786  2786 I IMS_RILA: Ims-RIL: serviceProxy.isAidl = false [SUB2]
06-09 12:05:44.494  2786  2786 I IMS_RILA: getRadioServiceProxy, HIDL version, service: 4 [SUB2]
06-09 12:05:44.494  2786  2786 I IMS_RILA: Ims-RIL: serviceProxy.isAidl = false [SUB2]
06-09 12:05:44.499  2786  2786 I IMS_RILA: getMtkRadioProxy mMtkRadioVersion = 3.0 [SUB2]
06-09 12:05:44.499  1701  1701 I RILC    : setResponseFunctionsIms, slotId = 6
06-09 12:05:44.499  1701  1701 I RILC    : onNewCommandConnect, slot 2, client 3
06-09 12:05:44.499  1701  1706 I RILC    : sendPendedUrcCallback 1 2 3
06-09 12:05:44.499  1701  1706 I RILC    : sendPendedUrcs RIL_SOCKET_3, RIL_UNSOL_IMS_REGISTRATION_INFO, client 3
06-09 12:05:44.500  1701  1706 I RILC    : sendPendedUrcs RIL_SOCKET_3, RIL_UNSOL_IMS_BEARER_INIT, client 3
06-09 12:05:44.501  2786  2786 I IMS_RILA: getMtkRadioExServiceProxy No AIDL, get HIDL instead. [SUB2]
06-09 12:05:44.502  2786  2786 I IMS_RILA: getMtkRadioExServiceProxy No AIDL, get HIDL instead. [SUB2]
06-09 12:05:44.503  2786  2786 I IMS_RILA: getMtkRadioExServiceProxy No AIDL, get HIDL instead. [SUB2]
06-09 12:05:44.504  2786  2786 D ImsDataTracker: mIsBearerNotify rule set to 1
06-09 12:05:44.507  2786  2786 D ImsDataTracker: setImsBearerNotification enable: 1
06-09 12:05:44.508  2786  2919 D DC-emergency[0]: DefaultState: enter
06-09 12:05:44.508  2786  2919 D DC-emergency[0]: InactiveState: refreshNetworkLostListener
06-09 12:05:44.508  2786  2919 E DC-emergency[0]: InactiveState: cb already has been released!!
06-09 12:05:44.509  2786  2919 D DC-emergency[0]: InactiveState: refreshNetworkLostListener, uid = 1001, package name: com.mediatek.ims
06-09 12:05:44.516  1701  1740 D RmcDcImsDc2ReqHandler: [0][checkImsServiceRestartAfterSystemCrash] vendor.ril.zygote.state=
06-09 12:05:44.516  1701  1740 D RmcDcImsDc2ReqHandler: [0][notifyUnsyncImsBearerRequest] ims State=0
06-09 12:05:44.516  1701  1740 I RmcDcImsDc2ReqHandler: [0][notifyUnsyncImsBearerRequest] no ongoing ACTIVATED or DEACTIVATED event
06-09 12:05:44.516  1701  1740 E RmcDcImsDc2ReqHandler: [0][handleImsBearerNotificationSet] isEnableBearerNotification: 1
06-09 12:05:44.516  2786  2786 D ImsDataTracker: setImsBearerNotification enable: 1
06-09 12:05:44.516  2786  2922 D DC-emergency[1]: DefaultState: enter
06-09 12:05:44.516  2786  2922 D DC-emergency[1]: InactiveState: refreshNetworkLostListener
06-09 12:05:44.521  2786  2922 E DC-emergency[1]: InactiveState: cb already has been released!!
06-09 12:05:44.521  2786  2922 D DC-emergency[1]: InactiveState: refreshNetworkLostListener, uid = 1001, package name: com.mediatek.ims
06-09 12:05:44.539  1820  2098 I commit_sys_config_file: [settings-0-0,5]
06-09 12:05:44.542  2786  2919 D DC-emergency[0]: InactiveState:  enter
06-09 12:05:44.543  2786  2919 D DC-ims[0]: DefaultState: enter
06-09 12:05:44.543  2786  2919 D DC-ims[0]: InactiveState: refreshNetworkLostListener
06-09 12:05:44.546  2786  2922 D DC-emergency[1]: InactiveState:  enter
06-09 12:05:44.546  2786  2922 D DC-ims[1]: DefaultState: enter
06-09 12:05:44.546  2786  2922 D DC-ims[1]: InactiveState: refreshNetworkLostListener
06-09 12:05:44.547  2786  2922 E DC-ims[1]: InactiveState: cb already has been released!!
06-09 12:05:44.547  2786  2922 D DC-ims[1]: InactiveState: refreshNetworkLostListener, uid = 1001, package name: com.mediatek.ims
06-09 12:05:44.548  1701  1762 D RmcDcImsDc2ReqHandler: [1][checkImsServiceRestartAfterSystemCrash] vendor.ril.zygote.state=
06-09 12:05:44.548  1701  1762 D RmcDcImsDc2ReqHandler: [1][notifyUnsyncImsBearerRequest] ims State=0
06-09 12:05:44.548  1701  1762 I RmcDcImsDc2ReqHandler: [1][notifyUnsyncImsBearerRequest] no ongoing ACTIVATED or DEACTIVATED event
06-09 12:05:44.548  1701  1762 E RmcDcImsDc2ReqHandler: [1][handleImsBearerNotificationSet] isEnableBearerNotification: 1
06-09 12:05:44.548  2786  2919 E DC-ims[0]: InactiveState: cb already has been released!!
06-09 12:05:44.548  2786  2919 D DC-ims[0]: InactiveState: refreshNetworkLostListener, uid = 1001, package name: com.mediatek.ims
06-09 12:05:44.550  2786  2919 D DC-ims[0]: InactiveState:  enter
06-09 12:05:44.552  2786  2922 D DC-ims[1]: InactiveState:  enter
06-09 12:05:44.557   441   441 I auditd  : avc:  denied  { find } for pid=2491 uid=10176 name=vendor.mediatek.hardware.mbrain.IMBrain/default scontext=u:r:priv_app:s0:c512,c768 tcontext=u:object_r:default_android_service:s0 tclass=service_manager permissive=0
06-09 12:05:44.571  1820  2382 D TelephonyRegistry: listen oscl: mHasNotifySubscriptionInfoChangedOccurred==false no callback
06-09 12:05:44.581  2786  2932 D DC-ims[2]: DefaultState: enter
06-09 12:05:44.581  2786  2786 D ImsDataTracker: setImsBearerNotification enable: 1
06-09 12:05:44.581  2786  2932 D DC-ims[2]: InactiveState: refreshNetworkLostListener
06-09 12:05:44.581  2786  2932 E DC-ims[2]: InactiveState: cb already has been released!!
06-09 12:05:44.581  2786  2932 D DC-ims[2]: InactiveState: refreshNetworkLostListener, uid = 1001, package name: com.mediatek.ims
06-09 12:05:44.584  2786  2932 D DC-ims[2]: InactiveState:  enter
06-09 12:05:44.584  2786  2932 D DC-emergency[2]: DefaultState: enter
06-09 12:05:44.585  2786  2932 D DC-emergency[2]: InactiveState: refreshNetworkLostListener
06-09 12:05:44.585  2786  2932 E DC-emergency[2]: InactiveState: cb already has been released!!
06-09 12:05:44.585  2786  2932 D DC-emergency[2]: InactiveState: refreshNetworkLostListener, uid = 1001, package name: com.mediatek.ims
06-09 12:05:44.586  2786  2932 D DC-emergency[2]: InactiveState:  enter
06-09 12:05:44.587  1701  1784 D RmcDcImsDc2ReqHandler: [2][checkImsServiceRestartAfterSystemCrash] vendor.ril.zygote.state=
06-09 12:05:44.587  1701  1784 D RmcDcImsDc2ReqHandler: [2][notifyUnsyncImsBearerRequest] ims State=0
06-09 12:05:44.587  1701  1784 I RmcDcImsDc2ReqHandler: [2][notifyUnsyncImsBearerRequest] no ongoing ACTIVATED or DEACTIVATED event
06-09 12:05:44.587  1701  1784 E RmcDcImsDc2ReqHandler: [2][handleImsBearerNotificationSet] isEnableBearerNotification: 1
06-09 12:05:44.589  1820  2810 D TelephonyRegistry: listen oscl: mHasNotifySubscriptionInfoChangedOccurred==false no callback
06-09 12:05:44.591  2786  2786 D ImsManagerOemPluginBase: default isMergeRcsStateToImsSupport = false
06-09 12:05:44.805  2786  2786 D ImsConfigEventReceiver[0]: init with phoneId:0, simState = 0, carrier config loaded: false
06-09 12:05:44.815  2786  2786 D FeatureConnector: [InstanceManager, 0] imsFeatureRemoved: reason=3
06-09 12:05:44.819  2786  2951 I ImsManager: IM[0] connectionUnavailable, reason: 3
06-09 12:05:44.824  1820  2810 D TelephonyRegistry: listen oscl: mHasNotifySubscriptionInfoChangedOccurred==false no callback
06-09 12:05:44.825  2786  2939 D SuppServExt: [0]handleMessage: EVENT_RADIO_OFF(3)
06-09 12:05:44.825  2786  2786 D SuppServExt: [0]MtkSuppServExt init done.
06-09 12:05:44.826  2786  2786 D ImsEventPackageAdapter: ImsEventPackageAdapter()
06-09 12:05:44.826  2786  2786 D ImsEventPackageAdapter: Use AOSP default ImsExternalCallState.
06-09 12:05:44.830  2786  2786 D ImsConfigEventReceiver[1]: init with phoneId:1, simState = 0, carrier config loaded: false
06-09 12:05:44.832  2786  2786 D FeatureConnector: [InstanceManager, 1] imsFeatureRemoved: reason=3
06-09 12:05:44.854  2786  2956 I ImsManager: IM[1] connectionUnavailable, reason: 3
06-09 12:05:44.856  1820  2810 D TelephonyRegistry: listen oscl: mHasNotifySubscriptionInfoChangedOccurred==false no callback
06-09 12:05:44.856  2786  2786 D SuppServExt: [1]MtkSuppServExt init done.
06-09 12:05:44.856  2786  2786 D ImsEventPackageAdapter: ImsEventPackageAdapter()
06-09 12:05:44.856  2786  2939 D SuppServExt: [1]handleMessage: EVENT_RADIO_OFF(3)
06-09 12:05:44.856  2786  2786 D ImsEventPackageAdapter: Use AOSP default ImsExternalCallState.
06-09 12:05:44.857  2764  2764 W TelephonyComponentFactory: getValidatedPaths: com.mediatek.internal.telephony.MtkTelephonyComponentFactory ,/system_ext/framework/mediatek-telephony-common.jar
06-09 12:05:44.858  2764  2764 W TelephonyComponentFactory: StructStatVfs: 4097 ,1
06-09 12:05:44.858  2786  2786 D ImsConfigEventReceiver[2]: init with phoneId:2, simState = 0, carrier config loaded: false
06-09 12:05:44.859  2764  2764 D TelephonyComponentFactory: validated paths: /system_ext/framework/mediatek-telephony-common.jar
06-09 12:05:44.870  2786  2786 D FeatureConnector: [InstanceManager, 2] imsFeatureRemoved: reason=3
06-09 12:05:44.870  2786  2960 I ImsManager: IM[2] connectionUnavailable, reason: 3
06-09 12:05:44.877  1820  2382 D TelephonyRegistry: listen oscl: mHasNotifySubscriptionInfoChangedOccurred==false no callback
06-09 12:05:44.878  2786  2786 D SuppServExt: [2]MtkSuppServExt init done.
06-09 12:05:44.878  2786  2786 D ImsEventPackageAdapter: ImsEventPackageAdapter()
06-09 12:05:44.878  2786  2786 D ImsEventPackageAdapter: Use AOSP default ImsExternalCallState.
06-09 12:05:44.879  2786  2939 D SuppServExt: [2]handleMessage: EVENT_RADIO_OFF(3)
06-09 12:05:44.885  1701  1728 I AT      : [0] AT> AT+CIREG=2 (RIL_CMD_READER_3 tid:472034561200)
06-09 12:05:44.888  1701  1750 I AT      : [1] AT> AT+CIREG=2 (RIL_CMD2_READER_3 tid:471690267824)
06-09 12:05:44.890  1701  1716 I AT      : [0] AT< +CIREGU: 0 (RIL_URC_READER, tid:472289610928)
06-09 12:05:44.890  1701  1727 I AT      : [0] AT< OK (RIL_CMD_READER_3, tid:472052403376)
06-09 12:05:44.890  1701  1772 I AT      : [2] AT> AT+CIREG=2 (RIL_CMD3_READER_3 tid:471463414960)
06-09 12:05:44.892  2786  2939 D SuppServExt: [0]handleMessage: EVENT_IMS_REGISTRATION_INFO(1)
06-09 12:05:44.893  2786  2939 D SuppServExt: [0]EVENT_IMS_REGISTRATION_INFO: 0
06-09 12:05:44.893  1701  1710 E RILC    : imsNetworkStateChangedInd: radioService[0]->mRadioIndication == NULL
06-09 12:05:44.901  2786  2786 D ImsManagerOemPluginBase: default isWfcSupport
06-09 12:05:44.901  2786  2786 D WfoService: WfoService new MWIService
06-09 12:05:44.902  2786  2786 D MWIS    : [MwiService] Construct MwiService
06-09 12:05:44.903  2786  2786 D MWIS    : [MwiService] mSimCount: 3
06-09 12:05:44.907  2764  2764 W TelephonyComponentFactory: getValidatedPaths: com.mediatek.internal.telephony.MtkTelephonyComponentFactory ,/system_ext/framework/mediatek-telephony-common.jar
06-09 12:05:44.907  2764  2764 W TelephonyComponentFactory: StructStatVfs: 4097 ,1
06-09 12:05:44.907  2764  2764 D TelephonyComponentFactory: Total components injected: 24
06-09 12:05:44.911  2786  2786 E MwiRIL  : mRadioProxyEx binder is null: vendor.mediatek.hardware.mtkradioex.ims.IMtkRadioExIms/slot1 [SUB0]
06-09 12:05:44.922  2786  2786 E MwiRIL  : mRadioProxy getService() done [SUB0]
06-09 12:05:44.922  2786  2786 E MwiRIL  : mRadioProxy getService() done 2 [SUB0]
06-09 12:05:44.922  2786  2786 E MwiRIL  : mRadioProxy linkToDeath() done [SUB0]
06-09 12:05:44.922  1701  1701 I RILC    : setResponseFunctionsMwi
06-09 12:05:44.922  1701  1701 I RILC    : onNewCommandConnect, slot 0, client 4
06-09 12:05:44.922  1701  1706 I RILC    : sendPendedUrcCallback 1 0 4
06-09 12:05:44.923  2786  2786 E MwiRIL  : mRadioProxy setResponseFunctionsMwi() done [SUB0]
06-09 12:05:44.924  2786  2786 E MwiRIL  : mRadioProxyEx binder is null: vendor.mediatek.hardware.mtkradioex.ims.IMtkRadioExIms/slot2 [SUB1]
06-09 12:05:44.926  2786  2786 E MwiRIL  : mRadioProxy getService() done [SUB1]
06-09 12:05:44.926  2786  2786 E MwiRIL  : mRadioProxy getService() done 2 [SUB1]
06-09 12:05:44.926  2786  2786 E MwiRIL  : mRadioProxy linkToDeath() done [SUB1]
06-09 12:05:44.926  1701  1701 I RILC    : setResponseFunctionsMwi
06-09 12:05:44.926  1701  1701 I RILC    : onNewCommandConnect, slot 1, client 4
06-09 12:05:44.926  1701  1706 I RILC    : sendPendedUrcCallback 1 1 4
06-09 12:05:44.926  2786  2786 E MwiRIL  : mRadioProxy setResponseFunctionsMwi() done [SUB1]
06-09 12:05:44.927  2786  2786 E MwiRIL  : mRadioProxyEx binder is null: vendor.mediatek.hardware.mtkradioex.ims.IMtkRadioExIms/slot3 [SUB2]
06-09 12:05:44.929  2786  2786 E MwiRIL  : mRadioProxy getService() done [SUB2]
06-09 12:05:44.929  2786  2786 E MwiRIL  : mRadioProxy getService() done 2 [SUB2]
06-09 12:05:44.930  2786  2786 E MwiRIL  : mRadioProxy linkToDeath() done [SUB2]
06-09 12:05:44.930  1701  1701 I RILC    : setResponseFunctionsMwi
06-09 12:05:44.930  1701  1701 I RILC    : onNewCommandConnect, slot 2, client 4
06-09 12:05:44.930  1701  1706 I RILC    : sendPendedUrcCallback 1 2 4
06-09 12:05:44.930  2786  2786 E MwiRIL  : mRadioProxy setResponseFunctionsMwi() done [SUB2]
06-09 12:05:44.931  2786  2961 D WifiPdnHandler: initWifiManager.
06-09 12:05:44.939  1701  1710 D RtcMwi  : [0] onHandleRequest: request id 60523 is RFX_MSG_REQUEST_SET_WIFI_ENABLED
06-09 12:05:44.940  1701  1728 D RmcMwi  : [0] setWifiEnabled dataLen: 3
06-09 12:05:44.940  1701  1728 I AT      : [0] AT> AT+EWIFIEN="wlan0",1,0 (RIL_CMD_READER_3 tid:472034561200)
06-09 12:05:44.944  1701  1727 I AT      : [0] AT< OK (RIL_CMD_READER_3, tid:472052403376)
06-09 12:05:44.945  1701  1710 D RtcMwi  : [0] onHandleResponse, handle RFX_MSG_REQUEST_SET_WIFI_ENABLED
06-09 12:05:44.949  2786  2961 D WifiPdnHandler: initTetheringManager.
06-09 12:05:44.950  1701  1710 D RtcMwi  : [0] onHandleRequest: request id 60523 is RFX_MSG_REQUEST_SET_WIFI_ENABLED
06-09 12:05:44.950  1701  1728 D RmcMwi  : [0] setWifiEnabled dataLen: 3
06-09 12:05:44.950  1701  1728 I AT      : [0] AT> AT+EWIFIEN="wlan0",1,0 (RIL_CMD_READER_3 tid:472034561200)
06-09 12:05:44.953  1701  1710 D RtcMwi  : [0] onHandleRequest: request id 60526 is RFX_MSG_REQUEST_GET_WFC_CONFIG
06-09 12:05:44.954  2786  2961 W CarrierConfigManager: Error getting config for subId -1 ICarrierConfigLoader is null
06-09 12:05:44.954  1701  1727 I AT      : [0] AT< OK (RIL_CMD_READER_3, tid:472052403376)
06-09 12:05:44.954  1701  1728 D RmcMwi  : [0] getWfcConfig: 2
06-09 12:05:44.954  1701  1710 D RtcMwi  : [0] onHandleResponse, handle RFX_MSG_REQUEST_SET_WIFI_ENABLED
06-09 12:05:44.955  1701  1710 D RtcMwi  : [0] onHandleResponse, handle RFX_MSG_REQUEST_GET_WFC_CONFIG
06-09 12:05:44.956  2786  2961 W CarrierConfigManager: Error getting config for subId -1 ICarrierConfigLoader is null
06-09 12:05:44.957  2786  2961 W CarrierConfigManager: Error getting config for subId -1 ICarrierConfigLoader is null
06-09 12:05:45.022  1701  1719 I AT      : [1] AT< +CIREGU: 0 (RIL_URC2_READER, tid:472200400048)
06-09 12:05:45.023  1701  1749 I AT      : [1] AT< OK (RIL_CMD2_READER_3, tid:471691332784)
06-09 12:05:45.023  1701  1721 I AT      : [2] AT< +CIREGU: 0 (RIL_URC3_READER, tid:472163650736)
06-09 12:05:45.023  1701  1771 I AT      : [2] AT< OK (RIL_CMD3_READER_3, tid:471464479920)
06-09 12:05:45.027  1701  1710 E RILC    : imsNetworkStateChangedInd: radioService[1]->mRadioIndication == NULL
06-09 12:05:45.028  1701  1710 E RILC    : imsNetworkStateChangedInd: radioService[2]->mRadioIndication == NULL
06-09 12:05:45.037  2500  2500 W CarrierConfigManager: Error getting config for subId -1 ICarrierConfigLoader is null
06-09 12:05:45.049  2764  2764 D TDC     : class = class com.mediatek.internal.telephony.MtkTelephonyDevController
06-09 12:05:45.052  2764  2764 D TDC     : constructor function = public com.mediatek.internal.telephony.MtkTelephonyDevController()
06-09 12:05:45.052  2764  2764 D TDC     : updateOrInsert: inserting: Modem { uuid=modem, state=0, rilModel=0, rat={}, maxActiveVoiceCall=1, maxActiveDataCall=1, maxStandby=1 }
06-09 12:05:45.052  2764  2764 D TDC     : updateOrInsert: inserting: Sim { uuid=sim, modemUuid=modem, state=0 }
06-09 12:05:45.052  2764  2764 D TDC     : MtkTelephonyDevController constructor
06-09 12:05:45.059  1820  2796 D TelephonyRegistry: listen oscl: mHasNotifySubscriptionInfoChangedOccurred==false no callback
06-09 12:05:45.061  1820  2005 I am_proc_start: [0,2992,1000,com.transsion.multiwindow,service,{com.transsion.multiwindow/com.transsion.multiwindow.MultiWindowService},caller=system/1000]
06-09 12:05:45.062  2786  2786 I service_manager_slow: [34,location]
06-09 12:05:45.065  2786  2939 D SuppServExt: [1]handleMessage: EVENT_IMS_REGISTRATION_INFO(1)
06-09 12:05:45.066  2786  2939 D SuppServExt: [1]EVENT_IMS_REGISTRATION_INFO: 0
06-09 12:05:45.067   441   441 I auditd  : avc:  denied  { find } for pid=2500 uid=10175 name=vendor.mediatek.hardware.mbrain.IMBrain/default scontext=u:r:platform_app:s0:c512,c768 tcontext=u:object_r:default_android_service:s0 tclass=service_manager permissive=0
06-09 12:05:45.070  2786  2939 D SuppServExt: [2]handleMessage: EVENT_IMS_REGISTRATION_INFO(1)
06-09 12:05:45.070  2786  2939 D SuppServExt: [2]EVENT_IMS_REGISTRATION_INFO: 0
06-09 12:05:45.072  2491  2945 I jank_cuj_events_cancel_request: [-1,1749441945011752000,132738757161,132738757545]
06-09 12:05:45.079  1701  1710 D RtcMwi  : [0] onHandleRequest: request id 60525 is RFX_MSG_REQUEST_SET_WFC_CONFIG
06-09 12:05:45.080  1701  1728 D RmcMwi  : [0] setWfcConfig: 1
06-09 12:05:45.080  1701  1728 D RmcMwi  : [0] setWfcConfig_LocationSetting: 1, locenable, 1
06-09 12:05:45.080  1701  1728 I AT      : [0] AT> AT+ELOCAEN=1 (RIL_CMD_READER_3 tid:472034561200)
06-09 12:05:45.086  1701  1727 I AT      : [0] AT< OK (RIL_CMD_READER_3, tid:472052403376)
06-09 12:05:45.086  1701  1710 D RtcMwi  : [0] onHandleResponse, handle RFX_MSG_REQUEST_SET_WFC_CONFIG
06-09 12:05:45.093  1820  2796 D TelephonyRegistry: listen oscl: mHasNotifySubscriptionInfoChangedOccurred==false no callback
06-09 12:05:45.094  1820  2397 I service_manager_stats: [244,183,5018]
06-09 12:05:45.100  1820  2098 I commit_sys_config_file: [settings-0-0,32]
06-09 12:05:45.106  2786  2786 I ImsApp  : ImsApp onCreate end
06-09 12:05:45.137  1820  2098 I commit_sys_config_file: [settings-1-0,29]
06-09 12:05:45.161  2824  2950 I service_manager_slow: [18,vendor.transsion.hardware.tranradio.ITranRadio/default]
06-09 12:05:45.203   441   441 I auditd  : avc:  denied  { find } for pid=2618 uid=10133 name=vendor.mediatek.hardware.mbrain.IMBrain/default scontext=u:r:platform_app:s0:c512,c768 tcontext=u:object_r:default_android_service:s0 tclass=service_manager permissive=0
06-09 12:05:45.225  2764  2764 D MetricsCollector: registered
06-09 12:05:45.228  2764  2764 D MtkTelephonyComponentFactory: makeDefaultPhoneNotifier mtk
06-09 12:05:45.244  2764  2764 D TranSignalSmooth: [TranSignalSmooth]
06-09 12:05:45.255  2764  2764 D MtkTelephonyRegistryEx: publish: com.mediatek.internal.telephony.MtkTelephonyRegistryEx@1c2a35f
06-09 12:05:45.261  2764  2764 D CdmaSSM : subscriptionSource from settings: 0
06-09 12:05:45.261  2764  2764 I PhoneFactory: Cdma Subscription set to 0
06-09 12:05:45.261  2764  2764 I PhoneFactory: Network Mode set to 9
06-09 12:05:45.262  2764  2764 D RILJ    : RIL: init allowedNetworkTypes=316295 cdmaSubscription=0) [PHONEnull]
06-09 12:05:45.266  2491  3028 I liblog  : 82
06-09 12:05:45.300  1820  2810 I am_proc_bound: [0,2992,com.transsion.multiwindow]
06-09 12:05:45.300  2764  2764 I MtkRILJ : getRadioServiceProxy wait for MtkRIL
06-09 12:05:45.300  2764  2764 I MtkRILJ : canMakeRequest wait for MtkRIL [PHONE0]
06-09 12:05:45.316  2764  2764 E RILJ    : Feature android.hardware.telephony.calling is declared, but service VOICE is missing [PHONE0]
06-09 12:05:45.322  2764  2764 E RILJ    : Feature android.hardware.telephony.data is declared, but service DATA is missing [PHONE0]
06-09 12:05:45.355  1820  2878 I am_uid_active: 10208
06-09 12:05:45.358  2764  2764 E RILJ    : Feature android.hardware.telephony.messaging is declared, but service MESSAGING is missing [PHONE0]
06-09 12:05:45.361  2764  2764 E RILJ    : Feature android.hardware.telephony.ims is declared, but service IMS is missing [PHONE0]
06-09 12:05:45.361  2764  2764 I MtkRILJ : getRadioProxy wait for MtkRIL
06-09 12:05:45.362  2764  2764 D RILJ    : HAL version of RADIO: -1.-1 [PHONE0]
06-09 12:05:45.362  2764  2764 I MtkRILJ : getRadioServiceProxy wait for MtkRIL
06-09 12:05:45.362  2764  2764 D RILJ    : HAL version of DATA: -2.-2 [PHONE0]
06-09 12:05:45.362  2764  2764 I MtkRILJ : getRadioServiceProxy wait for MtkRIL
06-09 12:05:45.362  2764  2764 D RILJ    : HAL version of MESSAGING: -2.-2 [PHONE0]
06-09 12:05:45.362  2764  2764 I MtkRILJ : getRadioServiceProxy wait for MtkRIL
06-09 12:05:45.362  2764  2764 D RILJ    : HAL version of MODEM: -2.-2 [PHONE0]
06-09 12:05:45.362  2764  2764 I MtkRILJ : getRadioServiceProxy wait for MtkRIL
06-09 12:05:45.362  2764  2764 D RILJ    : HAL version of NETWORK: -2.-2 [PHONE0]
06-09 12:05:45.362  2764  2764 I MtkRILJ : getRadioServiceProxy wait for MtkRIL
06-09 12:05:45.362  2764  2764 D RILJ    : HAL version of SIM: -2.-2 [PHONE0]
06-09 12:05:45.362  2764  2764 I MtkRILJ : getRadioServiceProxy wait for MtkRIL
06-09 12:05:45.362  2764  2764 D RILJ    : HAL version of VOICE: -2.-2 [PHONE0]
06-09 12:05:45.362  2764  2764 I MtkRILJ : getRadioServiceProxy wait for MtkRIL
06-09 12:05:45.362  2764  2764 D RILJ    : HAL version of IMS: -2.-2 [PHONE0]
06-09 12:05:45.362  2764  2764 D MtkRILJ : constructor: sub = 0
06-09 12:05:45.370  1820  2395 I thermal_changed: [SKIN,3,47.000000,3,0]
06-09 12:05:45.399  2764  2764 E RILJ    : getRadioServiceProxy: mHalVersion 1.6 [PHONE0]
06-09 12:05:45.401  1701  1701 I RILC    : setResponseFunctions, slotId = 0
06-09 12:05:45.414  1820  2161 W TelephonyRegistry: Pid 1820 has exceeded half the number of permissible registered listeners. Now at 42
06-09 12:05:45.421  1820  2262 I wm_restart_activity: [0,257602181,5,com.transsion.XOSLauncher/com.android.launcher3.uioverrides.QuickstepLauncher]
06-09 12:05:45.423  1701  1701 I RIL-Fusion: getRadioState(): radioState=0
06-09 12:05:45.424  1701  1710 D RtcCC   : [0] No call, ignore hangup all: slot = 0
06-09 12:05:45.424  1701  1701 E RILC    : radioStateChangedInd: radioService[12]->mRadioIndication == NULL
06-09 12:05:45.424  1701  1701 I RILC    : RIL Daemon version: android reference-ril 1.0
06-09 12:05:45.425  1820  2262 I wm_set_resumed_activity: [0,com.transsion.XOSLauncher/com.android.launcher3.uioverrides.QuickstepLauncher,realStartActivityLocked - onActivityStateChanged]
06-09 12:05:45.426  1701  1701 I RILC    : onNewCommandConnect, slot 0, client 0
06-09 12:05:45.426  1701  1706 I RILC    : sendPendedUrcCallback 0 0 0
06-09 12:05:45.426  1701  1706 I RILC    : sendPendedUrcs RIL_SOCKET_1, UNSOL_HARDWARE_CONFIG_CHANGED, client 0
06-09 12:05:45.426  1701  1706 I RILC    : sendPendedUrcs RIL_SOCKET_1, UNSOL_OEM_HOOK_RAW, client 0
06-09 12:05:45.426  1701  1706 E RILC    : oemHookRawInd: mtkRadioExService[0]->mRadioIndicationMtk == NULL
06-09 12:05:45.426  1701  1706 E RILC    : oemHookRawInd: mtkRadioExService[12]->mRadioIndicationEm == NULL
06-09 12:05:45.426  1701  1706 I RILC    : sendPendedUrcs RIL_SOCKET_1, UNSOL_RESPONSE_SIM_STATUS_CHANGED, client 0
06-09 12:05:45.426  1701  1706 I RILC    : sendPendedUrcs RIL_SOCKET_1, UNSOL_OEM_HOOK_RAW, client 0
06-09 12:05:45.426  1701  1706 E RILC    : oemHookRawInd: mtkRadioExService[0]->mRadioIndicationMtk == NULL
06-09 12:05:45.426  1701  1706 E RILC    : oemHookRawInd: mtkRadioExService[12]->mRadioIndicationEm == NULL
06-09 12:05:45.426  1701  1706 I RILC    : sendPendedUrcs RIL_SOCKET_1, UNSOL_RESPONSE_SIM_STATUS_CHANGED, client 0
06-09 12:05:45.426  1701  1706 I RILC    : sendPendedUrcs RIL_SOCKET_1, UNSOL_RESPONSE_SIM_STATUS_CHANGED, client 0
06-09 12:05:45.426  1701  1706 I RILC    : sendPendedUrcs RIL_SOCKET_1, UNSOL_RADIO_CAPABILITY, client 0
06-09 12:05:45.427  1701  1706 I RILC    : sendPendedUrcs RIL_SOCKET_1, UNSOL_VOICE_RADIO_TECH_CHANGED, client 0
06-09 12:05:45.427  1701  1706 I RILC    : sendPendedUrcs RIL_SOCKET_1, UNSOL_RESPONSE_SIM_STATUS_CHANGED, client 0
06-09 12:05:45.427  1701  1710 I RtcMwi  : [0] [0]onConnectionStateChanged: oldState = 0, newState = 1
06-09 12:05:45.427  1701  1710 D RtcGsmSmsCtrl: [0] onHidlStateChanged (false, true, false) (slot 0)
06-09 12:05:45.427  1701  1740 D RmcDcImsDc2ReqHandler: [0][handleResetImsConnection] imsConnState: 0, eimsConnState: 0
06-09 12:05:45.427  1701  1734 I AT      : [0] AT> AT+CPIN? (RIL_CMD_RT_7 tid:471961062576)
06-09 12:05:45.428  1701  1710 E RILC    : RIL_onRequestComplete: invalid RIL_Token
06-09 12:05:45.432  2764  2764 D RILJ    : [0000]> GET_HARDWARE_CONFIG [PHONE0]
06-09 12:05:45.432   441   441 I auditd  : avc:  denied  { find } for pid=1820 uid=1000 name=vendor.mediatek.hardware.gpuserv.IGpuService/default scontext=u:r:system_server:s0 tcontext=u:object_r:default_android_service:s0 tclass=service_manager permissive=0
06-09 12:05:45.433  1701  1728 D RmcHdcHdr: [0] onHandleRequest: 55517
06-09 12:05:45.433  1701  1728 D RmcHdcHdr: [0] handleHardwareConfigRequest: m_slot_id:0
06-09 12:05:45.433  1701  1728 D RmcHdcHdr: [0] sendHardwareConfigUrc: m_slot_id:0
06-09 12:05:45.443  1701  1733 I AT      : [0] AT< +CME ERROR: 10 (RIL_CMD_RT_7, tid:471978904752)
06-09 12:05:45.458  2786  2786 D MWIS    : [MwiService] getWfcHandlerInterface
06-09 12:05:45.464  1701  1734 I AT      : [0] AT> AT+CPIN? (RIL_CMD_RT_7 tid:471961062576)
06-09 12:05:45.470  1701  1733 I AT      : [0] AT< +CME ERROR: 10 (RIL_CMD_RT_7, tid:471978904752)
06-09 12:05:45.474  2786  2786 W OperatorUtils: getMccMnc, mccMnc value:
06-09 12:05:45.477  2786  2786 W CarrierConfigManager: Error getting config for subId -1 ICarrierConfigLoader is null
06-09 12:05:45.478  2786  2786 W CarrierConfigManager: Error getting config for subId -1 ICarrierConfigLoader is null
06-09 12:05:45.482  2786  2786 E ImsService: updateImsRegstration, There is not ImsRegistrationImpl for slot 0
06-09 12:05:45.483  2764  2764 E RILJ    : getRadioServiceProxy: mHalVersion 1.6 [PHONE0]
06-09 12:05:45.488  2786  2786 W OperatorUtils: getMccMnc, mccMnc value:
06-09 12:05:45.488  1701  1734 I AT      : [0] AT> AT+CPIN? (RIL_CMD_RT_7 tid:471961062576)
06-09 12:05:45.488  2786  2786 E ImsService: There is not IMtkMmTelFeatureCallback for slot 0
06-09 12:05:45.491  1820  2154 I netstats_mobile_sample: [0,0,0,0,0,0,0,0,1749441945491]
06-09 12:05:45.491  1820  2154 I netstats_wifi_sample: [0,0,0,0,0,0,0,0,1749441945491]
06-09 12:05:45.497  1701  1710 D RtcMwi  : [0] onHandleRequest: request id 60524 is RFX_MSG_REQUEST_SET_WIFI_ASSOCIATED
06-09 12:05:45.498  1701  1728 I AT      : [0] AT> AT+EWIFIASC=*** (RIL_CMD_READER_3, tid:472034561200)
06-09 12:05:45.499  1701  1733 I AT      : [0] AT< +CME ERROR: 10 (RIL_CMD_RT_7, tid:471978904752)
06-09 12:05:45.501  2786  2961 I WfcHandler: initWifiApmState() isApmEnhancementEnabled: 1
06-09 12:05:45.503  2764  2764 E RILJ    : getRadioServiceProxy: mHalVersion 1.6 [PHONE0]
06-09 12:05:45.505  1701  1727 I AT      : [0] AT< OK (RIL_CMD_READER_3, tid:472052403376)
06-09 12:05:45.505  1701  1716 I AT      : [0] AT< +EWIFIRSSITHRCFG: 0,4,-85,-88,-75,-78 (RIL_URC_READER, tid:472289610928)
06-09 12:05:45.505  1701  1719 I AT      : [1] AT< +EWIFIRSSITHRCFG: 0,4,-85,-88,-75,-78 (RIL_URC2_READER, tid:472200400048)
06-09 12:05:45.505  1701  1721 I AT      : [2] AT< +EWIFIRSSITHRCFG: 0,4,-85,-88,-75,-78 (RIL_URC3_READER, tid:472163650736)
06-09 12:05:45.509  1701  1710 D RtcMwi  : [0] onHandleResponse, handle RFX_MSG_REQUEST_SET_WIFI_ASSOCIATED
06-09 12:05:45.514  1701  1734 I AT      : [0] AT> AT+CPIN? (RIL_CMD_RT_7 tid:471961062576)
06-09 12:05:45.522  1701  1733 I AT      : [0] AT< +CME ERROR: 10 (RIL_CMD_RT_7, tid:471978904752)
06-09 12:05:45.533  2764  2764 E RILJ    : getRadioServiceProxy: mHalVersion 1.6 [PHONE0]
06-09 12:05:45.533  2764  3079 D RILJ    : Unsol response received; Sending ack to ril.cpp [PHONE0]
06-09 12:05:45.534  2764  3079 D RILJ    : [UNSL]< UNSOL_RIL_CONNECTED [PHONE0]
06-09 12:05:45.539  1701  1710 D RtcMwi  : [0] onHandleRequest: request id 60523 is RFX_MSG_REQUEST_SET_WIFI_ENABLED
06-09 12:05:45.539  1701  1728 D RmcMwi  : [0] setWifiEnabled dataLen: 3
06-09 12:05:45.539  1701  1728 I AT      : [0] AT> AT+EWIFIEN="wlan0",1,0 (RIL_CMD_READER_3 tid:472034561200)
06-09 12:05:45.542  2764  3079 E RILJ    : getRadioServiceProxy: mHalVersion 1.6 [PHONE0]
06-09 12:05:45.544  2764  3079 D RILJ    : [0002]> CDMA_SET_SUBSCRIPTION_SOURCE cdmaSubscription = 0 [PHONE0]
06-09 12:05:45.545  2764  3079 D RILJ    : [0000]< GET_HARDWARE_CONFIG  [Modem { uuid=modem_sys1_ps0, state=0, rilModel=0, rat={0, 2, 13, 15}, maxActiveVoiceCall=1, maxActiveDataCall=1, maxStandby=3 }] [Sim { uuid=modem_sys1_ps0, modemUuid=modem_sys1_ps0, state=0 }]  [PHONE0]
06-09 12:05:45.546  1701  1710 E RfxRoot : no RfxBaseData, send error to RILJ
06-09 12:05:45.546  1701  1710 D RtcMwi  : [0] onHandleRequest: request id 60525 is RFX_MSG_REQUEST_SET_WFC_CONFIG
06-09 12:05:45.550  1701  1734 I AT      : [0] AT> AT+CPIN? (RIL_CMD_RT_7 tid:471961062576)
06-09 12:05:45.557  2764  2764 E RILJ    : getRadioServiceProxy: mHalVersion 1.6 [PHONE0]
06-09 12:05:45.557  1820  1820 I service_manager_slow: [13,uimode]
06-09 12:05:45.567  2764  3079 D RILJ    : Unsol response received; Sending ack to ril.cpp [PHONE0]
06-09 12:05:45.568  2786  2786 W OperatorUtils: getMccMnc, mccMnc value:
06-09 12:05:45.568  2764  3079 D RILJ    : [UNSL]< UNSOL_RESPONSE_RADIO_STATE_CHANGED radioStateChanged: 0 [PHONE0]
06-09 12:05:45.570  2764  3079 D RILJ    : Broadcast for RadioStateChanged: state=0 [PHONE0]
06-09 12:05:45.571  2764  3079 D RILJ    : [0002]< CDMA_SET_SUBSCRIPTION_SOURCE error 6 [PHONE0]
06-09 12:05:45.571  2764  3079 D RilRequest: [0002]< CDMA_SET_SUBSCRIPTION_SOURCE error: com.android.internal.telephony.CommandException: REQUEST_NOT_SUPPORTED ret= result=null
06-09 12:05:45.572  1701  1710 D RtcMwi  : [0] onHandleRequest: request id 60524 is RFX_MSG_REQUEST_SET_WIFI_ASSOCIATED
06-09 12:05:45.572  1701  1701 I RILC    : setResponseFunctionsMtk, slotId = 0
06-09 12:05:45.572  1701  1701 I RILC    : onNewCommandConnect, slot 0, client 1
06-09 12:05:45.572  1701  1706 I RILC    : sendPendedUrcCallback 0 0 1
06-09 12:05:45.572  1701  1706 I RILC    : sendPendedUrcs RIL_SOCKET_1, RIL_UNSOL_SIM_SLOT_LOCK_POLICY_NOTIFY, client 1
06-09 12:05:45.572  1701  1706 I RILC    : sendPendedUrcs RIL_SOCKET_1, UNSOL_RESPONSE_PS_NETWORK_STATE_CHANGED, client 1
06-09 12:05:45.572  1701  1706 I RILC    : sendPendedUrcs RIL_SOCKET_1, RIL_UNSOL_SIM_POWER_CHANGED, client 1
06-09 12:05:45.572  1701  1706 I RILC    : sendPendedUrcs RIL_SOCKET_1, RIL_UNSOL_PLMN_DATA, client 1
06-09 12:05:45.573  1701  1706 I RILC    : sendPendedUrcs RIL_SOCKET_1, RIL_UNSOL_ICCID_CHANGED, client 1
06-09 12:05:45.573  1701  1706 I RILC    : sendPendedUrcs RIL_SOCKET_1, RIL_UNSOL_SIM_SLOT_LOCK_POLICY_NOTIFY, client 1
06-09 12:05:45.573  1701  1706 I RILC    : sendPendedUrcs RIL_SOCKET_1, RIL_UNSOL_ICCID_CHANGED, client 1
06-09 12:05:45.573  2764  2764 D MtkRILJ : queue size  0
06-09 12:05:45.573  1701  1706 I RILC    : sendPendedUrcs RIL_SOCKET_1, RIL_UNSOL_SIM_SLOT_LOCK_POLICY_NOTIFY, client 1
06-09 12:05:45.573  1701  1706 I RILC    : sendPendedUrcs RIL_SOCKET_1, RIL_UNSOL_ICCID_CHANGED, client 1
06-09 12:05:45.573  1701  1710 I RtcMwi  : [0] [0]onConnectionStateChanged: oldState = 1, newState = 1
06-09 12:05:45.574  1701  1710 D RtcGsmSmsCtrl: [0] onHidlStateChanged (true, true, false) (slot 0)
06-09 12:05:45.578  2764  2764 I MtkRILJ : getMtkRadioExServiceProxy No AIDL, get HIDL instead. [PHONE0]
06-09 12:05:45.579  2764  2764 I MtkRILJ : getMtkRadioExServiceProxy No AIDL, get HIDL instead. [PHONE0]
06-09 12:05:45.598  2764  2764 I MtkRILJ : getMtkRadioExServiceProxy No AIDL, get HIDL instead. [PHONE0]
06-09 12:05:45.599  2764  2764 I MtkRILJ : getMtkRadioExServiceProxy No AIDL, get HIDL instead. [PHONE0]
06-09 12:05:45.601  1701  1710 D RtcMwi  : [0] onHandleRequest: request id 60523 is RFX_MSG_REQUEST_SET_WIFI_ENABLED
06-09 12:05:45.630  2764  2764 I MtkRILJ : getMtkRadioExServiceProxy No AIDL, get HIDL instead. [PHONE0]
06-09 12:05:45.631  2786  2786 W CarrierConfigManager: Error getting config for subId -1 ICarrierConfigLoader is null
06-09 12:05:45.631  2764  2764 I MtkRILJ : getMtkRadioExServiceProxy No AIDL, get HIDL instead. [PHONE0]
06-09 12:05:45.631  2764  3079 D RILJ    : Unsol response received; Sending ack to ril.cpp [PHONE0]
06-09 12:05:45.631  2786  2786 W CarrierConfigManager: Error getting config for subId -1 ICarrierConfigLoader is null
06-09 12:05:45.631  2764  3079 D RILJ    : [UNSL]< UNSOL_HARDWARE_CONFIG_CHANGED [Modem { uuid=modem_sys1_ps0, state=0, rilModel=0, rat={0, 2, 13, 15}, maxActiveVoiceCall=1, maxActiveDataCall=1, maxStandby=3 }, Sim { uuid=modem_sys1_ps0, modemUuid=modem_sys1_ps0, state=0 }] [PHONE0]
06-09 12:05:45.632  2764  3079 D RILJ    : Unsol response received; Sending ack to ril.cpp [PHONE0]
06-09 12:05:45.632  2786  2786 E ImsService: updateImsRegstration, There is not ImsRegistrationImpl for slot 1
06-09 12:05:45.633  2764  3079 D RILJ    : Unsol response received; Sending ack to ril.cpp [PHONE0]
06-09 12:05:45.633  2764  3079 D RILJ    : [UNSL]< UNSOL_RESPONSE_SIM_STATUS_CHANGED [PHONE0]
06-09 12:05:45.633  2764  3079 D RILJ    : Unsol response received; Sending ack to ril.cpp [PHONE0]
06-09 12:05:45.633  2764  3079 D RILJ    : [UNSL]< UNSOL_RESPONSE_PS_NETWORK_STATE_CHANGED [PHONE0]
06-09 12:05:45.634  2764  2764 D MtkRILJ : getRilOp
06-09 12:05:45.634  2764  2764 D MtkRILJ : mMtkRilOp init fail, because OM load
06-09 12:05:45.634  2764  3079 D RILJ    : Unsol response received; Sending ack to ril.cpp [PHONE0]
06-09 12:05:45.634  2764  2764 I PhoneFactory: Network Mode set to 9
06-09 12:05:45.634  2764  3079 D RILJ    : [UNSL]< UNSOL_RESPONSE_SIM_STATUS_CHANGED [PHONE0]
06-09 12:05:45.634  2764  2764 D RILJ    : RIL: init allowedNetworkTypes=316295 cdmaSubscription=0) [PHONEnull]
06-09 12:05:45.635  2764  3079 D RILJ    : Unsol response received; Sending ack to ril.cpp [PHONE0]
06-09 12:05:45.635  2786  2786 W OperatorUtils: getMccMnc, mccMnc value:
06-09 12:05:45.635  2786  2786 E ImsService: There is not IMtkMmTelFeatureCallback for slot 1
06-09 12:05:45.637  2764  3079 D RILJ    : Unsol response received; Sending ack to ril.cpp [PHONE0]
06-09 12:05:45.637  2764  3079 D RILJ    : [UNSL]< UNSOL_RESPONSE_SIM_STATUS_CHANGED [PHONE0]
06-09 12:05:45.638  2764  3079 D RILJ    : Unsol response received; Sending ack to ril.cpp [PHONE0]
06-09 12:05:45.639  2786  2786 D ImsCommonUtil: isPhoneIdSupportIms(), mimsCount:2, phoneId:2, protocalStackId:3, MainCapabilityPhoneId:0
06-09 12:05:45.639  2786  2786 E ImsService: updateImsRegstration, There is not ImsRegistrationImpl for slot 2
06-09 12:05:45.640  1701  1710 D RtcMwi  : [0] onHandleRequest: request id 60524 is RFX_MSG_REQUEST_SET_WIFI_ASSOCIATED
06-09 12:05:45.642  2786  2786 W OperatorUtils: getMccMnc, mccMnc value:
06-09 12:05:45.643  1701  1710 D RtcMwi  : [0] onHandleRequest: request id 60523 is RFX_MSG_REQUEST_SET_WIFI_ENABLED
06-09 12:05:45.646  2764  2764 I MtkRILJ : getRadioServiceProxy wait for MtkRIL
06-09 12:05:45.646  2764  2764 I MtkRILJ : canMakeRequest wait for MtkRIL [PHONE1]
06-09 12:05:45.647  2764  2764 E RILJ    : Feature android.hardware.telephony.calling is declared, but service VOICE is missing [PHONE1]
06-09 12:05:45.653  2764  2764 E RILJ    : Feature android.hardware.telephony.data is declared, but service DATA is missing [PHONE1]
06-09 12:05:45.654  2764  2764 E RILJ    : Feature android.hardware.telephony.messaging is declared, but service MESSAGING is missing [PHONE1]
06-09 12:05:45.654  2764  2764 E RILJ    : Feature android.hardware.telephony.ims is declared, but service IMS is missing [PHONE1]
06-09 12:05:45.654  2764  2764 I MtkRILJ : getRadioProxy wait for MtkRIL
06-09 12:05:45.654  2764  2764 D RILJ    : HAL version of RADIO: -1.-1 [PHONE1]
06-09 12:05:45.654  2764  2764 I MtkRILJ : getRadioServiceProxy wait for MtkRIL
06-09 12:05:45.654  2764  2764 D RILJ    : HAL version of DATA: -2.-2 [PHONE1]
06-09 12:05:45.654  2764  2764 I MtkRILJ : getRadioServiceProxy wait for MtkRIL
06-09 12:05:45.654  2764  2764 D RILJ    : HAL version of MESSAGING: -2.-2 [PHONE1]
06-09 12:05:45.654  2764  2764 I MtkRILJ : getRadioServiceProxy wait for MtkRIL
06-09 12:05:45.654  2764  2764 D RILJ    : HAL version of MODEM: -2.-2 [PHONE1]
06-09 12:05:45.654  2764  2764 I MtkRILJ : getRadioServiceProxy wait for MtkRIL
06-09 12:05:45.654  2764  2764 D RILJ    : HAL version of NETWORK: -2.-2 [PHONE1]
06-09 12:05:45.654  2764  2764 I MtkRILJ : getRadioServiceProxy wait for MtkRIL
06-09 12:05:45.654  2764  2764 D RILJ    : HAL version of SIM: -2.-2 [PHONE1]
06-09 12:05:45.654  2764  2764 I MtkRILJ : getRadioServiceProxy wait for MtkRIL
06-09 12:05:45.654  2764  2764 D RILJ    : HAL version of VOICE: -2.-2 [PHONE1]
06-09 12:05:45.654  2764  2764 I MtkRILJ : getRadioServiceProxy wait for MtkRIL
06-09 12:05:45.654  2764  2764 D RILJ    : HAL version of IMS: -2.-2 [PHONE1]
06-09 12:05:45.654  2764  2764 D MtkRILJ : constructor: sub = 1
06-09 12:05:45.658  2764  2764 E RILJ    : getRadioServiceProxy: mHalVersion 1.6 [PHONE1]
06-09 12:05:45.659  1701  1701 I RILC    : setResponseFunctions, slotId = 1
06-09 12:05:45.662  1701  1701 I RIL-Fusion: getRadioState(): radioState=0
06-09 12:05:45.663  1701  1710 D RtcCC   : [1] No call, ignore hangup all: slot = 1
06-09 12:05:45.663  1701  1701 E RILC    : radioStateChangedInd: radioService[13]->mRadioIndication == NULL
06-09 12:05:45.663  1701  1701 I RILC    : onNewCommandConnect, slot 1, client 0
06-09 12:05:45.663  1701  1706 I RILC    : sendPendedUrcCallback 0 1 0
06-09 12:05:45.663  1701  1706 I RILC    : sendPendedUrcs RIL_SOCKET_2, UNSOL_OEM_HOOK_RAW, client 0
06-09 12:05:45.663  1701  1706 E RILC    : oemHookRawInd: mtkRadioExService[1]->mRadioIndicationMtk == NULL
06-09 12:05:45.663  1701  1706 E RILC    : oemHookRawInd: mtkRadioExService[13]->mRadioIndicationEm == NULL
06-09 12:05:45.663  1701  1706 I RILC    : sendPendedUrcs RIL_SOCKET_2, UNSOL_HARDWARE_CONFIG_CHANGED, client 0
06-09 12:05:45.663  1701  1706 I RILC    : sendPendedUrcs RIL_SOCKET_2, UNSOL_RESPONSE_SIM_STATUS_CHANGED, client 0
06-09 12:05:45.663  1701  1706 I RILC    : sendPendedUrcs RIL_SOCKET_2, UNSOL_OEM_HOOK_RAW, client 0
06-09 12:05:45.663  1701  1706 E RILC    : oemHookRawInd: mtkRadioExService[1]->mRadioIndicationMtk == NULL
06-09 12:05:45.663  1701  1706 E RILC    : oemHookRawInd: mtkRadioExService[13]->mRadioIndicationEm == NULL
06-09 12:05:45.663  1701  1706 I RILC    : sendPendedUrcs RIL_SOCKET_2, UNSOL_RADIO_CAPABILITY, client 0
06-09 12:05:45.663  1701  1706 I RILC    : sendPendedUrcs RIL_SOCKET_2, UNSOL_RESPONSE_SIM_STATUS_CHANGED, client 0
06-09 12:05:45.663  1701  1706 I RILC    : sendPendedUrcs RIL_SOCKET_2, UNSOL_RESPONSE_SIM_STATUS_CHANGED, client 0
06-09 12:05:45.663  1701  1706 I RILC    : sendPendedUrcs RIL_SOCKET_2, UNSOL_VOICE_RADIO_TECH_CHANGED, client 0
06-09 12:05:45.663  1701  1706 I RILC    : sendPendedUrcs RIL_SOCKET_2, UNSOL_RESPONSE_SIM_STATUS_CHANGED, client 0
06-09 12:05:45.664  1701  1756 I AT      : [1] AT> AT+CPIN? (RIL_CMD2_RT_7 tid:471666052272)
06-09 12:05:45.664  1701  1710 I RtcMwi  : [1] [1]onConnectionStateChanged: oldState = 0, newState = 1
06-09 12:05:45.664  1701  1710 D RtcGsmSmsCtrl: [1] onHidlStateChanged (false, true, false) (slot 1)
06-09 12:05:45.664  1701  1762 D RmcDcImsDc2ReqHandler: [1][handleResetImsConnection] imsConnState: 0, eimsConnState: 0
06-09 12:05:45.664  1701  1710 E RILC    : RIL_onRequestComplete: invalid RIL_Token
06-09 12:05:45.666  2764  2764 D RILJ    : [0012]> GET_HARDWARE_CONFIG [PHONE1]
06-09 12:05:45.667  1701  1750 D RmcHdcHdr: [1] onHandleRequest: 55517
06-09 12:05:45.667  1701  1750 D RmcHdcHdr: [1] handleHardwareConfigRequest: m_slot_id:1
06-09 12:05:45.667  1701  1750 D RmcHdcHdr: [1] sendHardwareConfigUrc: m_slot_id:1
06-09 12:05:45.671  2764  2764 E RILJ    : getRadioServiceProxy: mHalVersion 1.6 [PHONE1]
06-09 12:05:45.675  2764  2764 E RILJ    : getRadioServiceProxy: mHalVersion 1.6 [PHONE1]
06-09 12:05:45.680  2764  2764 E RILJ    : getRadioServiceProxy: mHalVersion 1.6 [PHONE1]
06-09 12:05:45.689  2764  2764 E RILJ    : getRadioServiceProxy: mHalVersion 1.6 [PHONE1]
06-09 12:05:45.692  2764  2764 E RILJ    : getRadioServiceProxy: mHalVersion 1.6 [PHONE1]
06-09 12:05:45.697  1701  1701 I RILC    : setResponseFunctionsMtk, slotId = 1
06-09 12:05:45.697  1701  1701 I RILC    : onNewCommandConnect, slot 1, client 1
06-09 12:05:45.697  1701  1706 I RILC    : sendPendedUrcCallback 0 1 1
06-09 12:05:45.697  1701  1706 I RILC    : sendPendedUrcs RIL_SOCKET_2, UNSOL_RESPONSE_PS_NETWORK_STATE_CHANGED, client 1
06-09 12:05:45.697  1701  1706 I RILC    : sendPendedUrcs RIL_SOCKET_2, RIL_UNSOL_SIM_SLOT_LOCK_POLICY_NOTIFY, client 1
06-09 12:05:45.697  2764  2764 D MtkRILJ : queue size  0
06-09 12:05:45.697  1701  1706 I RILC    : sendPendedUrcs RIL_SOCKET_2, RIL_UNSOL_SIM_POWER_CHANGED, client 1
06-09 12:05:45.697  1701  1706 I RILC    : sendPendedUrcs RIL_SOCKET_2, RIL_UNSOL_PLMN_DATA, client 1
06-09 12:05:45.698  1701  1706 I RILC    : sendPendedUrcs RIL_SOCKET_2, RIL_UNSOL_ICCID_CHANGED, client 1
06-09 12:05:45.698  1701  1706 I RILC    : sendPendedUrcs RIL_SOCKET_2, RIL_UNSOL_ICCID_CHANGED, client 1
06-09 12:05:45.698  1701  1706 I RILC    : sendPendedUrcs RIL_SOCKET_2, RIL_UNSOL_SIM_SLOT_LOCK_POLICY_NOTIFY, client 1
06-09 12:05:45.698  1701  1706 I RILC    : sendPendedUrcs RIL_SOCKET_2, RIL_UNSOL_SIM_SLOT_LOCK_POLICY_NOTIFY, client 1
06-09 12:05:45.698  1701  1706 I RILC    : sendPendedUrcs RIL_SOCKET_2, RIL_UNSOL_ICCID_CHANGED, client 1
06-09 12:05:45.698  2764  2764 I MtkRILJ : getMtkRadioExServiceProxy No AIDL, get HIDL instead. [PHONE1]
06-09 12:05:45.698  1701  1710 I RtcMwi  : [1] [1]onConnectionStateChanged: oldState = 1, newState = 1
06-09 12:05:45.698  1701  1710 D RtcGsmSmsCtrl: [1] onHidlStateChanged (true, true, false) (slot 1)
06-09 12:05:45.698  2764  2764 I MtkRILJ : getMtkRadioExServiceProxy No AIDL, get HIDL instead. [PHONE1]
06-09 12:05:45.699  2764  2764 I MtkRILJ : getMtkRadioExServiceProxy No AIDL, get HIDL instead. [PHONE1]
06-09 12:05:45.699  2764  2764 I MtkRILJ : getMtkRadioExServiceProxy No AIDL, get HIDL instead. [PHONE1]
06-09 12:05:45.700  2764  2764 I MtkRILJ : getMtkRadioExServiceProxy No AIDL, get HIDL instead. [PHONE1]
06-09 12:05:45.700  2764  2764 I MtkRILJ : getMtkRadioExServiceProxy No AIDL, get HIDL instead. [PHONE1]
06-09 12:05:45.700  2764  2764 D MtkRILJ : getRilOp
06-09 12:05:45.700  2764  2764 D MtkRILJ : mMtkRilOp init fail, because OM load
06-09 12:05:45.700  2764  2764 I PhoneFactory: Network Mode set to 9
06-09 12:05:45.700  2764  2764 D RILJ    : RIL: init allowedNetworkTypes=316295 cdmaSubscription=0) [PHONEnull]
06-09 12:05:45.707  2764  2764 I MtkRILJ : getRadioServiceProxy wait for MtkRIL
