06-09 12:05:47.752  1820  2056 W TelephonyRegistry: Pid 2764 has exceeded half the number of permissible registered listeners. Now at 27
06-09 12:05:47.755  2764  2764 D MTKSST  : [GsmSST0] notifyVoiceRegStateRilRadioTechnologyChanged: vrs=1 rat=0
06-09 12:05:47.773  1820  2381 W TelephonyRegistry: Pid 2764 has exceeded half the number of permissible registered listeners. Now at 28
06-09 12:05:47.783  2764  2764 I GsmCdmaPhone: [0] updateTtyMode ttyMode=0
06-09 12:05:47.799  2764  2764 D RILJ    : [0072]> SET_TTY_MODE ttyMode = 0 [PHONE0]
06-09 12:05:47.801  2764  2764 I GsmCdmaPhone: [0] updateUiTtyMode ttyMode=0
06-09 12:05:47.802  2764  2764 D CallManager: registerPhone(GSM Handler (com.mediatek.internal.telephony.MtkGsmCdmaPhone) {eed48f9})
06-09 12:05:47.802  1701  1710 D RtcCC   : [0] updateRQ() : RQ   = 0
06-09 12:05:47.803  1820  2878 W TelephonyRegistry: Pid 2764 has exceeded half the number of permissible registered listeners. Now at 29
06-09 12:05:47.803  1820  2878 D TelephonyRegistry: listen oscl: mHasNotifySubscriptionInfoChangedOccurred==false no callback
06-09 12:05:47.803  1701  1726 I AT      : [0] AT> AT+CTMCALL=0 (RIL_CMD_READER_2 tid:472070245552)
06-09 12:05:47.804  2764  2764 D MtkGsmCdmaPhone: constructor: sub = 0
06-09 12:05:47.804  2764  2764 D SelfActivationDefault: init
06-09 12:05:47.809  2764  3079 D RILJ    : Unsol response received; Sending ack to ril.cpp [PHONE0]
06-09 12:05:47.809  2764  3079 D RILJ    : [UNSL]< MTK: UNSOL_CALL_ADDITIONAL_INFO  [PHONE0]
06-09 12:05:47.813  1701  1725 I AT      : [0] AT< OK (RIL_CMD_READER_2, tid:472071310512)
06-09 12:05:47.814  2764  2764 D RILJ    : [0074]> VOICE_RADIO_TECH [PHONE0]
06-09 12:05:47.818  2764  3079 D RILJ    : [0074]< VOICE_RADIO_TECH {1} [PHONE0]
06-09 12:05:47.819  2764  3079 D RILJ    : [0072]< SET_TTY_MODE  [PHONE0]
06-09 12:05:47.824  2764  2764 I PhoneFactory: Creating Phone with type = 1 phoneId = 1
06-09 12:05:47.825  2764  2764 D Phone-1 : mDoesRilSendMultipleCallRing=true
06-09 12:05:47.826  2764  2764 D Phone-1 : mCallRingDelay=3000
06-09 12:05:47.826  2764  2764 D TelephonyAdminReceiver: No user manager. Attempting to resolve one.
06-09 12:05:47.829  2764  2764 D TelephonyTester-1: register for intent action=com.mediatek.internal.telephony.action_detached
06-09 12:05:47.829  2764  2764 D TelephonyTester-1: register for intent action=com.mediatek.internal.telephony.action_attached
06-09 12:05:47.829  2764  2764 D TelephonyTester-1: register for intent action=com.android.internal.telephony.TestServiceState
06-09 12:05:47.829  2764  2764 D TelephonyTester-1: register for intent action=com.android.internal.telephony.TestChangeNumber
06-09 12:05:47.831  1820  2232 I notification_cancel_all: [1000,1820,com.android.systemui,0,0,0,20,NULL]
06-09 12:05:47.844  1820  2056 W TelephonyRegistry: Pid 2764 has exceeded half the number of permissible registered listeners. Now at 30
06-09 12:05:47.844  1820  2056 W TelephonyRegistry: Pid 2764 has exceeded half the number of permissible registered listeners. Now at 31
06-09 12:05:47.844  1820  2056 D TelephonyRegistry: listen oscl: mHasNotifySubscriptionInfoChangedOccurred==false no callback
06-09 12:05:47.845  2764  2764 D TelephonyAnalytics: stopped listener
06-09 12:05:47.849  1820  3281 W TelephonyRegistry: Pid 2764 has exceeded half the number of permissible registered listeners. Now at 32
06-09 12:05:47.849  1820  3281 D TelephonyRegistry: listen oscl: mHasNotifySubscriptionInfoChangedOccurred==false no callback
06-09 12:05:47.850  1820  2878 W TelephonyRegistry: Pid 2764 has exceeded half the number of permissible registered listeners. Now at 33
06-09 12:05:47.850  1820  2878 D TelephonyRegistry: listen oscl: mHasNotifySubscriptionInfoChangedOccurred==false no callback
06-09 12:05:47.850  2764  2764 E SatelliteController: SatelliteController was not yet initialized.
06-09 12:05:47.857  2764  2764 D GsmCdmaCallTkr: Reset mWaitForHoldToRedialRequest variables
06-09 12:05:47.857  2764  2764 D GsmCdmaCallTkr: Reset mWaitForHoldToHangupRequest variables
06-09 12:05:47.858  2764  2764 D MtkTelephonyComponentFactory: makeIccPhoneBookInterfaceManager mtk
06-09 12:05:47.858  2764  2764 D SmsDispatchersController: SmsDispatchersController created
06-09 12:05:47.861  2764  2764 D SMSDispatcher: SMSDispatcher: ctor mSmsCapable=true format=unknown mSmsSendDisabled=false
06-09 12:05:47.862  2764  2764 D MtkImsSmsDispacher: Created!
06-09 12:05:47.865  2764  2764 D SMSDispatcher: SMSDispatcher: ctor mSmsCapable=true format=3gpp2 mSmsSendDisabled=false
06-09 12:05:47.865  2764  2764 D CdmaSMSDispatcher: CdmaSMSDispatcher created
06-09 12:05:47.865  2764  2764 D MtkCdmaSMSDispatcher: MtkCdmaSMSDispatcher created
06-09 12:05:47.866  2764  2764 E WAP PUSH: bindService() for wappush manager failed
06-09 12:05:47.868  2764  2764 D m.android.phone: created InboundSmsHandler
06-09 12:05:47.873  2764  2764 D MtkGsmInboundSmsHandler-1: created InboundSmsHandler from MtkGsmInboundSmsHandler
06-09 12:05:47.874  2764  2764 E WAP PUSH: bindService() for wappush manager failed
06-09 12:05:47.875  2764  2764 D m.android.phone: created InboundSmsHandler
06-09 12:05:47.894  2764  2764 D SMSDispatcher: SMSDispatcher: ctor mSmsCapable=true format=3gpp mSmsSendDisabled=false
06-09 12:05:47.894  2764  2764 D GsmSMSDispatcher: GsmSMSDispatcher created
06-09 12:05:47.894  2764  2764 D MtkGsmSMSDispatcher: MtkGsmSMSDispatcher created
06-09 12:05:47.897  2764  2764 D MtkSmsDispatchersController: MtkSmsDispatchersController created
06-09 12:05:47.900  1820  3054 W TelephonyRegistry: Pid 2764 has exceeded half the number of permissible registered listeners. Now at 34
06-09 12:05:47.901  2764  2764 I GsmCdmaPhone: [1] enable_identifier_disclosure_transparency_unsol_events is on. Registering for cellular identifier disclosures from phone 1
06-09 12:05:47.901  2764  2764 I GsmCdmaPhone: [1] enable_modem_cipher_transparency_unsol_events is on. Registering for security algorithm updates from phone 1
06-09 12:05:47.901  2764  2764 D RILJ    : setPhoneType=1 old value=0 [PHONE1]
06-09 12:05:47.903  2764  2764 D CarrierActionAgent: [1]Creating CarrierActionAgent
06-09 12:05:47.904  2764  2764 W CarrierConfigManager: Error getting config for subId -1 ICarrierConfigLoader is null
06-09 12:05:47.904  2764  2764 W CarrierConfigManager: CarrierConfigLoader is not available.
06-09 12:05:47.905  1820  3054 W TelephonyRegistry: Pid 2764 has exceeded half the number of permissible registered listeners. Now at 35
06-09 12:05:47.906  1820  3054 W TelephonyRegistry: Pid 2764 has exceeded half the number of permissible registered listeners. Now at 36
06-09 12:05:47.907  2764  2764 W CarrierConfigManager: Error getting config for subId -1 ICarrierConfigLoader is null
06-09 12:05:47.907  1820  3054 W TelephonyRegistry: Pid 2764 has exceeded half the number of permissible registered listeners. Now at 37
06-09 12:05:47.909  1820  3054 W TelephonyRegistry: Pid 2764 has exceeded half the number of permissible registered listeners. Now at 38
06-09 12:05:47.909  2764  2764 W CarrierConfigManager: Error getting config for subId -1 ICarrierConfigLoader is null
06-09 12:05:47.909  2764  2764 W CarrierConfigManager: CarrierConfigLoader is not available.
06-09 12:05:47.910  1820  3054 W TelephonyRegistry: Pid 2764 has exceeded half the number of permissible registered listeners. Now at 39
06-09 12:05:47.910  1820  3054 D TelephonyRegistry: listen oscl: mHasNotifySubscriptionInfoChangedOccurred==false no callback
06-09 12:05:47.911  2764  2764 W CarrierConfigManager: Error getting config for subId -1 ICarrierConfigLoader is null
06-09 12:05:47.911  1820  3054 W TelephonyRegistry: Pid 2764 has exceeded half the number of permissible registered listeners. Now at 40
06-09 12:05:47.913  1820  3054 W TelephonyRegistry: Pid 2764 has exceeded half the number of permissible registered listeners. Now at 41
06-09 12:05:47.913  2764  2764 D NRM-C-1 : registerForNetworkRegistrationInfoChanged
06-09 12:05:47.914  1820  3054 W TelephonyRegistry: Pid 2764 has exceeded half the number of permissible registered listeners. Now at 42
06-09 12:05:47.914  2764  2764 D NRM-I-1 : registerForNetworkRegistrationInfoChanged
06-09 12:05:47.941  2764  2764 D RILJ    : [0075]> SIGNAL_STRENGTH [PHONE1]
06-09 12:05:47.943  2764  2764 D MTKSST  : [GsmSST1] notifyVoiceRegStateRilRadioTechnologyChanged: vrs=1 rat=0
06-09 12:05:47.944  1820  3054 W TelephonyRegistry: Pid 2764 has exceeded half the number of permissible registered listeners. Now at 43
06-09 12:05:47.944  2764  3079 D RILJ    : [0075]< SIGNAL_STRENGTH SignalStrength:{mAverageLevel=-1mCdma=CellSignalStrengthCdma: cdmaDbm=2147483647 cdmaEcio=2147483647 evdoDbm=2147483647 evdoEcio=2147483647 evdoSnr=2147483647 level=0,mGsm=CellSignalStrengthGsm: rssi=2147483647 ber=2147483647 mTa=2147483647 mLevel=0,mWcdma=CellSignalStrengthWcdma: ss=2147483647 ber=2147483647 rscp=2147483647 ecno=2147483647 level=0,mTdscdma=CellSignalStrengthTdscdma: rssi=2147483647 ber=2147483647 rscp=2147483647 level=0,mLte=CellSignalStrengthLte: rssi=2147483647 rsrp=2147483647 rsrq=2147483647 rssnr=2147483647 cqiTableIndex=2147483647 cqi=2147483647 ta=2147483647 level=0 parametersUseForLevel=1,mNr=CellSignalStrengthNr:{ csiRsrp = 2147483647 csiRsrq = 2147483647 csiCqiTableIndex = 2147483647 csiCqiReport = [] ssRsrp = 2147483647 ssRsrq = 2147483647 ssSinr = 2147483647 level = 0 parametersUseForLevel = 1 timingAdvance = 2147483647 },primary=CellSignalStrengthLte} [PHONE1]
06-09 12:05:47.945  1820  2056 W TelephonyRegistry: Pid 2764 has exceeded half the number of permissible registered listeners. Now at 44
06-09 12:05:47.945  1820  2056 D TelephonyRegistry: listen oscl: mHasNotifySubscriptionInfoChangedOccurred==false no callback
06-09 12:05:47.946  2764  2764 D Phone-1 : [1] SubId-1,get allowed network types user: value = GPRS|EDGE|UMTS|HSDPA|HSUPA|HSPA|LTE|HSPA+|GSM|LTE_CA
06-09 12:05:47.948  2764  3358 D MTKSST  : [GsmSST1] MtkHandler: EVENT_RIL_READY
06-09 12:05:47.964  2764  2764 W CarrierConfigManager: Error getting config for subId -1 ICarrierConfigLoader is null
06-09 12:05:47.964  2764  2764 W CarrierConfigManager: CarrierConfigLoader is not available.
06-09 12:05:47.965  1820  3054 W TelephonyRegistry: Pid 2764 has exceeded half the number of permissible registered listeners. Now at 45
06-09 12:05:47.968  2764  2764 D EmergencyNumberTracker: [1] asset emergency database is loaded. Ver: 2 Phone Id: 1 countryIso: 
06-09 12:05:47.968  2764  2764 E EmergencyNumberTracker: [1]Cache ota emergency database IOException: java.io.FileNotFoundException: /data/misc/emergencynumberdb/emergency_number_db: open failed: ENOENT (No such file or directory)
06-09 12:05:47.968  2764  2764 D EmergencyNumberTracker: [1]Using Asset Emergency database. Version: 2
06-09 12:05:47.973  2764  2764 D MtkDeviceStateMonitor: [phoneId1]Initialize MtkDeviceStateMonitor
06-09 12:05:47.974  2764  2764 D MtkDeviceStateMonitor: [phoneId1]isLowDataExpected mIsScreenOn = true mIsCharging = true mIsTetheringOn = false
06-09 12:05:47.974  2764  2764 W CarrierConfigManager: Error getting config for subId -1 ICarrierConfigLoader is null
06-09 12:05:47.975  1820  3054 W TelephonyRegistry: Pid 2764 has exceeded half the number of permissible registered listeners. Now at 46
06-09 12:05:47.975  2764  2764 D DNC-1   : DataNetworkController created.
06-09 12:05:47.976  1820  3054 W TelephonyRegistry: Pid 2764 has exceeded half the number of permissible registered listeners. Now at 47
06-09 12:05:47.977  2764  2764 W CarrierConfigManager: Error getting config for subId -1 ICarrierConfigLoader is null
06-09 12:05:47.977  2764  2764 W CarrierConfigManager: CarrierConfigLoader is not available.
06-09 12:05:47.978  2764  2764 W CarrierConfigManager: Error getting config for subId -1 ICarrierConfigLoader is null
06-09 12:05:47.978  2764  2764 W CarrierConfigManager: CarrierConfigLoader is not available.
06-09 12:05:47.979  2764  2764 W CarrierConfigManager: Error getting config for subId -1 ICarrierConfigLoader is null
06-09 12:05:47.979  2764  2764 W CarrierConfigManager: CarrierConfigLoader is not available.
06-09 12:05:47.980  2764  2764 W CarrierConfigManager: Error getting config for subId -1 ICarrierConfigLoader is null
06-09 12:05:47.980  2764  2764 W CarrierConfigManager: CarrierConfigLoader is not available.
06-09 12:05:47.985  1820  2262 W TelephonyRegistry: Pid 2764 has exceeded half the number of permissible registered listeners. Now at 48
06-09 12:05:47.985  2764  2764 W CarrierConfigManager: Error getting config for subId -1 ICarrierConfigLoader is null
06-09 12:05:47.986  2764  2764 W CarrierConfigManager: CarrierConfigLoader is not available.
06-09 12:05:47.987  2764  2764 W CarrierConfigManager: Error getting config for subId -1 ICarrierConfigLoader is null
06-09 12:05:47.987  2764  2764 W CarrierConfigManager: CarrierConfigLoader is not available.
06-09 12:05:47.988  2764  2764 W CarrierConfigManager: Error getting config for subId -1 ICarrierConfigLoader is null
06-09 12:05:47.988  2764  2764 W CarrierConfigManager: CarrierConfigLoader is not available.
06-09 12:05:47.988  2764  2764 W CarrierConfigManager: Error getting config for subId -1 ICarrierConfigLoader is null
06-09 12:05:47.989  2764  2764 W CarrierConfigManager: CarrierConfigLoader is not available.
06-09 12:05:47.994  2764  2764 D DCM-1   : DataConfigManager created.
06-09 12:05:47.995  1820  3054 W TelephonyRegistry: Pid 2764 has exceeded half the number of permissible registered listeners. Now at 49
06-09 12:05:47.996  2764  2764 W CarrierConfigManager: Error getting config for subId -1 ICarrierConfigLoader is null
06-09 12:05:47.999  2764  2764 E DCM-1   : updateDataRetryRules: Retry interval should not be less than 0. mRetryIntervalsMillis=[0]
06-09 12:05:48.001  2764  2764 D MtkDCM  : DCM-1: updateVolteIOTConfig: mVolteIotFirewall false
06-09 12:05:48.001  2764  2764 D DCM-1   : Carrier config updated. Config is not carrier specific.
06-09 12:05:48.001  2764  2764 D DSMGR-1 : DataSettingsManager created.
06-09 12:05:48.007  1820  3054 W TelephonyRegistry: Pid 2764 has exceeded half the number of permissible registered listeners. Now at 50
06-09 12:05:48.007  1820  3054 D TelephonyRegistry: listen oscl: mHasNotifySubscriptionInfoChangedOccurred==false no callback
06-09 12:05:48.007  2764  2764 D DSRM-1  : DataStallRecoveryManager created.
06-09 12:05:48.007  2764  2764 D DSRM-1  : Enabled actions is null
06-09 12:05:48.007  2764  2764 D DSRM-1  : Duration millis is null
06-09 12:05:48.011  2764  2764 D CarrierResolver: Creating CarrierResolver[1]
06-09 12:05:48.013  1820  3054 W TelephonyRegistry: Pid 2764 has exceeded half the number of permissible registered listeners. Now at 51
06-09 12:05:48.015  2764  2764 D MTKSST  : [GsmSST1] notifyVoiceRegStateRilRadioTechnologyChanged: vrs=1 rat=0
06-09 12:05:48.018  1820  3054 W TelephonyRegistry: Pid 2764 has exceeded half the number of permissible registered listeners. Now at 52
06-09 12:05:48.019  2764  2764 I GsmCdmaPhone: [1] updateTtyMode ttyMode=0
06-09 12:05:48.021  2764  2764 D RILJ    : [0076]> SET_TTY_MODE ttyMode = 0 [PHONE1]
06-09 12:05:48.021  2764  2764 I GsmCdmaPhone: [1] updateUiTtyMode ttyMode=0
06-09 12:05:48.021  2764  2764 D CallManager: registerPhone(GSM Handler (com.mediatek.internal.telephony.MtkGsmCdmaPhone) {92d86c2})
06-09 12:05:48.021  1701  1710 D RtcCC   : [1] updateRQ() : RQ   = 0
06-09 12:05:48.021  1820  3054 W TelephonyRegistry: Pid 2764 has exceeded half the number of permissible registered listeners. Now at 53
06-09 12:05:48.022  1820  3054 D TelephonyRegistry: listen oscl: mHasNotifySubscriptionInfoChangedOccurred==false no callback
06-09 12:05:48.022  2764  2764 D MtkGsmCdmaPhone: constructor: sub = 1
06-09 12:05:48.022  2764  2764 D SelfActivationDefault: init
06-09 12:05:48.022  1701  1748 I AT      : [1] AT> AT+CTMCALL=0 (RIL_CMD2_READER_2 tid:471709174960)
06-09 12:05:48.023  2764  2764 D RILJ    : [0078]> VOICE_RADIO_TECH [PHONE1]
06-09 12:05:48.023  2764  2764 I PhoneFactory: Creating Phone with type = 1 phoneId = 2
06-09 12:05:48.024  2764  2764 D Phone-2 : mDoesRilSendMultipleCallRing=true
06-09 12:05:48.024  2764  2764 D Phone-2 : mCallRingDelay=3000
06-09 12:05:48.024  2764  2764 D TelephonyAdminReceiver: No user manager. Attempting to resolve one.
06-09 12:05:48.025  2764  2764 D TelephonyTester-2: register for intent action=com.mediatek.internal.telephony.action_detached
06-09 12:05:48.025  2764  2764 D TelephonyTester-2: register for intent action=com.mediatek.internal.telephony.action_attached
06-09 12:05:48.025  2764  2764 D TelephonyTester-2: register for intent action=com.android.internal.telephony.TestServiceState
06-09 12:05:48.025  2764  2764 D TelephonyTester-2: register for intent action=com.android.internal.telephony.TestChangeNumber
06-09 12:05:48.025  2764  3079 D RILJ    : Unsol response received; Sending ack to ril.cpp [PHONE1]
06-09 12:05:48.026  2764  3079 D RILJ    : [UNSL]< MTK: UNSOL_CALL_ADDITIONAL_INFO  [PHONE1]
06-09 12:05:48.026  2764  3079 D RILJ    : [0078]< VOICE_RADIO_TECH {1} [PHONE1]
06-09 12:05:48.027  1701  1747 I AT      : [1] AT< OK (RIL_CMD2_READER_2, tid:471710239920)
06-09 12:05:48.027  2764  3079 D RILJ    : [0076]< SET_TTY_MODE  [PHONE1]
06-09 12:05:48.033  1820  2262 W TelephonyRegistry: Pid 2764 has exceeded half the number of permissible registered listeners. Now at 54
06-09 12:05:48.034  1820  2262 W TelephonyRegistry: Pid 2764 has exceeded half the number of permissible registered listeners. Now at 55
06-09 12:05:48.034  1820  2262 D TelephonyRegistry: listen oscl: mHasNotifySubscriptionInfoChangedOccurred==false no callback
06-09 12:05:48.034  2764  2764 D TelephonyAnalytics: stopped listener
06-09 12:05:48.036  1820  2262 W TelephonyRegistry: Pid 2764 has exceeded half the number of permissible registered listeners. Now at 56
06-09 12:05:48.036  1820  2262 D TelephonyRegistry: listen oscl: mHasNotifySubscriptionInfoChangedOccurred==false no callback
06-09 12:05:48.037  1820  2262 W TelephonyRegistry: Pid 2764 has exceeded half the number of permissible registered listeners. Now at 57
06-09 12:05:48.037  1820  2262 D TelephonyRegistry: listen oscl: mHasNotifySubscriptionInfoChangedOccurred==false no callback
06-09 12:05:48.038  2764  2764 E SatelliteController: SatelliteController was not yet initialized.
06-09 12:05:48.039  2764  2764 D GsmCdmaCallTkr: Reset mWaitForHoldToRedialRequest variables
06-09 12:05:48.039  2764  2764 D GsmCdmaCallTkr: Reset mWaitForHoldToHangupRequest variables
06-09 12:05:48.039  2764  2764 D MtkTelephonyComponentFactory: makeIccPhoneBookInterfaceManager mtk
06-09 12:05:48.039  2764  2764 D SmsDispatchersController: SmsDispatchersController created
06-09 12:05:48.041  2764  2764 D SMSDispatcher: SMSDispatcher: ctor mSmsCapable=true format=unknown mSmsSendDisabled=false
06-09 12:05:48.041  2764  2764 D MtkImsSmsDispacher: Created!
06-09 12:05:48.043  2764  2764 D SMSDispatcher: SMSDispatcher: ctor mSmsCapable=true format=3gpp2 mSmsSendDisabled=false
06-09 12:05:48.043  2764  2764 D CdmaSMSDispatcher: CdmaSMSDispatcher created
06-09 12:05:48.043  2764  2764 D MtkCdmaSMSDispatcher: MtkCdmaSMSDispatcher created
06-09 12:05:48.043  2764  2764 E WAP PUSH: bindService() for wappush manager failed
06-09 12:05:48.045  2764  2764 D m.android.phone: created InboundSmsHandler
06-09 12:05:48.048  2764  2764 D MtkGsmInboundSmsHandler-2: created InboundSmsHandler from MtkGsmInboundSmsHandler
06-09 12:05:48.049  2764  2764 E WAP PUSH: bindService() for wappush manager failed
06-09 12:05:48.051  2764  2764 D m.android.phone: created InboundSmsHandler
06-09 12:05:48.055  2764  2764 D SMSDispatcher: SMSDispatcher: ctor mSmsCapable=true format=3gpp mSmsSendDisabled=false
06-09 12:05:48.055  2764  2764 D GsmSMSDispatcher: GsmSMSDispatcher created
06-09 12:05:48.055  2764  2764 D MtkGsmSMSDispatcher: MtkGsmSMSDispatcher created
06-09 12:05:48.056  2764  2764 D MtkSmsDispatchersController: MtkSmsDispatchersController created
06-09 12:05:48.058  1820  2262 W TelephonyRegistry: Pid 2764 has exceeded half the number of permissible registered listeners. Now at 58
06-09 12:05:48.058  2764  2764 I GsmCdmaPhone: [2] enable_identifier_disclosure_transparency_unsol_events is on. Registering for cellular identifier disclosures from phone 2
06-09 12:05:48.058  2764  2764 I GsmCdmaPhone: [2] enable_modem_cipher_transparency_unsol_events is on. Registering for security algorithm updates from phone 2
06-09 12:05:48.058  2764  2764 D RILJ    : setPhoneType=1 old value=0 [PHONE2]
06-09 12:05:48.060  2764  2764 D CarrierActionAgent: [2]Creating CarrierActionAgent
06-09 12:05:48.060  2764  2764 W CarrierConfigManager: Error getting config for subId -1 ICarrierConfigLoader is null
06-09 12:05:48.060  2764  2764 W CarrierConfigManager: CarrierConfigLoader is not available.
06-09 12:05:48.061  1820  2262 W TelephonyRegistry: Pid 2764 has exceeded half the number of permissible registered listeners. Now at 59
06-09 12:05:48.061  1820  2262 W TelephonyRegistry: Pid 2764 has exceeded half the number of permissible registered listeners. Now at 60
06-09 12:05:48.062  2764  2764 W CarrierConfigManager: Error getting config for subId -1 ICarrierConfigLoader is null
06-09 12:05:48.062  1820  2262 W TelephonyRegistry: Pid 2764 has exceeded half the number of permissible registered listeners. Now at 61
06-09 12:05:48.063  1820  2262 W TelephonyRegistry: Pid 2764 has exceeded half the number of permissible registered listeners. Now at 62
06-09 12:05:48.063  2764  2764 W CarrierConfigManager: Error getting config for subId -1 ICarrierConfigLoader is null
06-09 12:05:48.064  2764  2764 W CarrierConfigManager: CarrierConfigLoader is not available.
06-09 12:05:48.064  1820  2262 W TelephonyRegistry: Pid 2764 has exceeded half the number of permissible registered listeners. Now at 63
06-09 12:05:48.064  1820  2262 D TelephonyRegistry: listen oscl: mHasNotifySubscriptionInfoChangedOccurred==false no callback
06-09 12:05:48.065  2764  2764 W CarrierConfigManager: Error getting config for subId -1 ICarrierConfigLoader is null
06-09 12:05:48.065  1820  2262 W TelephonyRegistry: Pid 2764 has exceeded half the number of permissible registered listeners. Now at 64
06-09 12:05:48.066  1820  2262 W TelephonyRegistry: Pid 2764 has exceeded half the number of permissible registered listeners. Now at 65
06-09 12:05:48.066  2764  2764 D NRM-C-2 : registerForNetworkRegistrationInfoChanged
06-09 12:05:48.066  1820  2262 W TelephonyRegistry: Pid 2764 has exceeded half the number of permissible registered listeners. Now at 66
06-09 12:05:48.066  2764  2764 D NRM-I-2 : registerForNetworkRegistrationInfoChanged
06-09 12:05:48.070  2764  2764 D RILJ    : [0079]> SIGNAL_STRENGTH [PHONE2]
06-09 12:05:48.071  2764  2764 D MTKSST  : [GsmSST2] notifyVoiceRegStateRilRadioTechnologyChanged: vrs=1 rat=0
06-09 12:05:48.071  1820  2262 W TelephonyRegistry: Pid 2764 has exceeded half the number of permissible registered listeners. Now at 67
06-09 12:05:48.072  1820  2262 W TelephonyRegistry: Pid 2764 has exceeded half the number of permissible registered listeners. Now at 68
06-09 12:05:48.072  1820  2262 D TelephonyRegistry: listen oscl: mHasNotifySubscriptionInfoChangedOccurred==false no callback
06-09 12:05:48.072  2764  2764 D Phone-2 : [2] SubId-1,get allowed network types user: value = GPRS|EDGE|UMTS|HSDPA|HSUPA|HSPA|LTE|HSPA+|GSM|LTE_CA
06-09 12:05:48.073  2764  3079 D RILJ    : [0079]< SIGNAL_STRENGTH SignalStrength:{mAverageLevel=-1mCdma=CellSignalStrengthCdma: cdmaDbm=2147483647 cdmaEcio=2147483647 evdoDbm=2147483647 evdoEcio=2147483647 evdoSnr=2147483647 level=0,mGsm=CellSignalStrengthGsm: rssi=2147483647 ber=2147483647 mTa=2147483647 mLevel=0,mWcdma=CellSignalStrengthWcdma: ss=2147483647 ber=2147483647 rscp=2147483647 ecno=2147483647 level=0,mTdscdma=CellSignalStrengthTdscdma: rssi=2147483647 ber=2147483647 rscp=2147483647 level=0,mLte=CellSignalStrengthLte: rssi=2147483647 rsrp=2147483647 rsrq=2147483647 rssnr=2147483647 cqiTableIndex=2147483647 cqi=2147483647 ta=2147483647 level=0 parametersUseForLevel=1,mNr=CellSignalStrengthNr:{ csiRsrp = 2147483647 csiRsrq = 2147483647 csiCqiTableIndex = 2147483647 csiCqiReport = [] ssRsrp = 2147483647 ssRsrq = 2147483647 ssSinr = 2147483647 level = 0 parametersUseForLevel = 1 timingAdvance = 2147483647 },primary=CellSignalStrengthLte} [PHONE2]
06-09 12:05:48.073  2764  3365 D MTKSST  : [GsmSST2] MtkHandler: EVENT_RIL_READY
06-09 12:05:48.077  2764  2764 W CarrierConfigManager: Error getting config for subId -1 ICarrierConfigLoader is null
06-09 12:05:48.077  2764  2764 W CarrierConfigManager: CarrierConfigLoader is not available.
06-09 12:05:48.078  1820  2262 W TelephonyRegistry: Pid 2764 has exceeded half the number of permissible registered listeners. Now at 69
06-09 12:05:48.079  2764  2764 D EmergencyNumberTracker: [2] asset emergency database is loaded. Ver: 2 Phone Id: 2 countryIso: 
06-09 12:05:48.080  2764  2764 E EmergencyNumberTracker: [2]Cache ota emergency database IOException: java.io.FileNotFoundException: /data/misc/emergencynumberdb/emergency_number_db: open failed: ENOENT (No such file or directory)
06-09 12:05:48.080  2764  2764 D EmergencyNumberTracker: [2]Using Asset Emergency database. Version: 2
06-09 12:05:48.083  2764  2764 D MtkDeviceStateMonitor: [phoneId2]Initialize MtkDeviceStateMonitor
06-09 12:05:48.083  2764  2764 D MtkDeviceStateMonitor: [phoneId2]isLowDataExpected mIsScreenOn = true mIsCharging = true mIsTetheringOn = false
06-09 12:05:48.083  2764  2764 W CarrierConfigManager: Error getting config for subId -1 ICarrierConfigLoader is null
06-09 12:05:48.083  1820  2262 W TelephonyRegistry: Pid 2764 has exceeded half the number of permissible registered listeners. Now at 70
06-09 12:05:48.084  2764  2764 D DNC-2   : DataNetworkController created.
06-09 12:05:48.084  1820  2262 W TelephonyRegistry: Pid 2764 has exceeded half the number of permissible registered listeners. Now at 71
06-09 12:05:48.085  2764  2764 W CarrierConfigManager: Error getting config for subId -1 ICarrierConfigLoader is null
06-09 12:05:48.085  2764  2764 W CarrierConfigManager: CarrierConfigLoader is not available.
06-09 12:05:48.086  2764  2764 W CarrierConfigManager: Error getting config for subId -1 ICarrierConfigLoader is null
06-09 12:05:48.086  2764  2764 W CarrierConfigManager: CarrierConfigLoader is not available.
06-09 12:05:48.086  2764  2764 W CarrierConfigManager: Error getting config for subId -1 ICarrierConfigLoader is null
06-09 12:05:48.086  2764  2764 W CarrierConfigManager: CarrierConfigLoader is not available.
06-09 12:05:48.087  2764  2764 W CarrierConfigManager: Error getting config for subId -1 ICarrierConfigLoader is null
06-09 12:05:48.087  2764  2764 W CarrierConfigManager: CarrierConfigLoader is not available.
06-09 12:05:48.090  1820  2262 W TelephonyRegistry: Pid 2764 has exceeded half the number of permissible registered listeners. Now at 72
06-09 12:05:48.090  2764  2764 W CarrierConfigManager: Error getting config for subId -1 ICarrierConfigLoader is null
06-09 12:05:48.091  2764  2764 W CarrierConfigManager: CarrierConfigLoader is not available.
06-09 12:05:48.091  2764  2764 W CarrierConfigManager: Error getting config for subId -1 ICarrierConfigLoader is null
06-09 12:05:48.091  2764  2764 W CarrierConfigManager: CarrierConfigLoader is not available.
06-09 12:05:48.092  2764  2764 W CarrierConfigManager: Error getting config for subId -1 ICarrierConfigLoader is null
06-09 12:05:48.092  2764  2764 W CarrierConfigManager: CarrierConfigLoader is not available.
06-09 12:05:48.092  2764  2764 W CarrierConfigManager: Error getting config for subId -1 ICarrierConfigLoader is null
06-09 12:05:48.092  2764  2764 W CarrierConfigManager: CarrierConfigLoader is not available.
06-09 12:05:48.095  2764  2764 D DCM-2   : DataConfigManager created.
06-09 12:05:48.095  1820  2262 W TelephonyRegistry: Pid 2764 has exceeded half the number of permissible registered listeners. Now at 73
06-09 12:05:48.096  2764  2764 W CarrierConfigManager: Error getting config for subId -1 ICarrierConfigLoader is null
06-09 12:05:48.098  2764  2764 E DCM-2   : updateDataRetryRules: Retry interval should not be less than 0. mRetryIntervalsMillis=[0]
06-09 12:05:48.098  2764  2764 D MtkDCM  : DCM-2: updateVolteIOTConfig: mVolteIotFirewall false
06-09 12:05:48.099  2764  2764 D DCM-2   : Carrier config updated. Config is not carrier specific.
06-09 12:05:48.099  2764  2764 D DSMGR-2 : DataSettingsManager created.
06-09 12:05:48.101  1820  2262 W TelephonyRegistry: Pid 2764 has exceeded half the number of permissible registered listeners. Now at 74
06-09 12:05:48.101  1820  2262 D TelephonyRegistry: listen oscl: mHasNotifySubscriptionInfoChangedOccurred==false no callback
06-09 12:05:48.101  2764  2764 D DSRM-2  : DataStallRecoveryManager created.
06-09 12:05:48.101  2764  2764 D DSRM-2  : Enabled actions is null
06-09 12:05:48.101  2764  2764 D DSRM-2  : Duration millis is null
06-09 12:05:48.109  2764  2764 D CarrierResolver: Creating CarrierResolver[2]
06-09 12:05:48.115  1820  2098 I commit_sys_config_file: [settings-0-0,106]
06-09 12:05:48.115  1820  2262 W TelephonyRegistry: Pid 2764 has exceeded half the number of permissible registered listeners. Now at 75
06-09 12:05:48.123  2764  2764 D MTKSST  : [GsmSST2] notifyVoiceRegStateRilRadioTechnologyChanged: vrs=1 rat=0
06-09 12:05:48.131  1820  2262 W TelephonyRegistry: Pid 2764 has exceeded half the number of permissible registered listeners. Now at 76
06-09 12:05:48.136  2764  2764 I GsmCdmaPhone: [2] updateTtyMode ttyMode=0
06-09 12:05:48.143  2764  2764 D RILJ    : [0080]> SET_TTY_MODE ttyMode = 0 [PHONE2]
06-09 12:05:48.144  2764  2764 I GsmCdmaPhone: [2] updateUiTtyMode ttyMode=0
06-09 12:05:48.144  2764  2764 D CallManager: registerPhone(GSM Handler (com.mediatek.internal.telephony.MtkGsmCdmaPhone) {9dc12c7})
06-09 12:05:48.144  1701  1710 D RtcCC   : [2] updateRQ() : RQ   = 0
06-09 12:05:48.145  1820  1953 W TelephonyRegistry: Pid 2764 has exceeded half the number of permissible registered listeners. Now at 77
06-09 12:05:48.145  1820  1953 D TelephonyRegistry: listen oscl: mHasNotifySubscriptionInfoChangedOccurred==false no callback
06-09 12:05:48.146  2764  2764 D MtkGsmCdmaPhone: constructor: sub = 2
06-09 12:05:48.146  1701  1770 I AT      : [2] AT> AT+CTMCALL=0 (RIL_CMD3_READER_2 tid:471465544880)
06-09 12:05:48.146  2764  2764 D SelfActivationDefault: init
06-09 12:05:48.147  2764  2764 D RILJ    : [0082]> VOICE_RADIO_TECH [PHONE2]
06-09 12:05:48.159  2764  3079 D RILJ    : Unsol response received; Sending ack to ril.cpp [PHONE2]
06-09 12:05:48.162  2764  3079 D RILJ    : [UNSL]< MTK: UNSOL_CALL_ADDITIONAL_INFO  [PHONE2]
06-09 12:05:48.163  2764  3079 D RILJ    : [0082]< VOICE_RADIO_TECH {1} [PHONE2]
06-09 12:05:48.193  2764  2764 I PhoneFactory: defaultSmsApplication: com.google.android.apps.messaging
06-09 12:05:48.193  1820  3281 D TelephonyRegistry: listen oscl: mHasNotifySubscriptionInfoChangedOccurred==false no callback
06-09 12:05:48.198  2764  2764 D SuppServManager: Create MtkSuppServManager singleton instance, phones.length = 3
06-09 12:05:48.198  2764  2764 D SuppServManager: Initialize MtkSuppServManager!
06-09 12:05:48.208  2764  2764 D MtkSuppServHelper: [0]MtkSuppServHelper init done.
06-09 12:05:48.210  2764  2764 D MtkSuppServHelper: [1]MtkSuppServHelper init done.
06-09 12:05:48.212  2764  2764 D MtkSuppServHelper: [2]MtkSuppServHelper init done.
06-09 12:05:48.212  2764  2764 D SmartDataSwitch: SmartDataSwitchAssistant is created
06-09 12:05:48.212  2764  2764 D SmartDataSwitch: registerEvents
06-09 12:05:48.212  2764  2764 D SmartDataSwitch: init done
06-09 12:05:48.212  2764  2764 D SmartDataSwitch: makeSDSA: X sSDSA =Handler (com.mediatek.internal.telephony.datasub.SmartDataSwitchAssistant) {3f74a8c}
06-09 12:05:48.213  2764  2764 D MtkTelephonyComponentFactory: not found VoData library
06-09 12:05:48.223  2764  2764 D MtkTelephonyComponentFactory: class = class com.mediatek.gwsd.service.GwsdService
06-09 12:05:48.225  2764  2764 D GwsdService: getInstance: com.android.phone.PhoneGlobals@d4995d5
06-09 12:05:48.225  2764  2764 D GwsdService: GwsdService constructor
06-09 12:05:48.230  2764  2764 I service_manager_stats: [100,99,135957]
06-09 12:05:48.231  2764  2764 D Phone-2147483647: mDoesRilSendMultipleCallRing=true
06-09 12:05:48.232  2764  2764 D Phone-2147483647: mCallRingDelay=3000
06-09 12:05:48.232  2764  2764 D TelephonyAdminReceiver: No user manager. Attempting to resolve one.
06-09 12:05:48.238  1820  2262 W TelephonyRegistry: Pid 2764 has exceeded half the number of permissible registered listeners. Now at 78
06-09 12:05:48.242  1820  2262 W TelephonyRegistry: Pid 2764 has exceeded half the number of permissible registered listeners. Now at 79
06-09 12:05:48.243  2764  2764 W CarrierConfigManager: Error getting config for subId -1 ICarrierConfigLoader is null
06-09 12:05:48.243  2764  2764 E ImsPhoneCallTracker: [0] getCarrierConfigBundle: carrier config is null, skipping.
06-09 12:05:48.243  2764  2764 E ImsPhoneCallTracker: [0] updateCarrierConfiguration: carrier config is null, skipping.
06-09 12:05:48.243  2764  2764 E ImsPhoneCallTracker: [0] updateCarrierConfiguration: Empty carrier config.
06-09 12:05:48.250  2764  2764 D ImsPhoneCallTracker: [0] registerIndicationReceiver
06-09 12:05:48.260  1820  2262 W TelephonyRegistry: Pid 2764 has exceeded half the number of permissible registered listeners. Now at 80
06-09 12:05:48.261  1820  2262 D TelephonyRegistry: listen oscl: mHasNotifySubscriptionInfoChangedOccurred==false no callback
06-09 12:05:48.263  2764  2764 W CarrierConfigManager: Error getting config for subId -1 ICarrierConfigLoader is null
06-09 12:05:48.266  2764  2764 D CallManager: registerPhone(MtkImsPhone Handler (com.mediatek.internal.telephony.imsphone.MtkImsPhone) {f148378})
06-09 12:05:48.267  2764  2764 D Phone-2147483647: mDoesRilSendMultipleCallRing=true
06-09 12:05:48.267  2764  2764 D Phone-2147483647: mCallRingDelay=3000
06-09 12:05:48.268  2764  2764 D TelephonyAdminReceiver: No user manager. Attempting to resolve one.
06-09 12:05:48.273  1820  2262 W TelephonyRegistry: Pid 2764 has exceeded half the number of permissible registered listeners. Now at 81
06-09 12:05:48.278  1820  2262 W TelephonyRegistry: Pid 2764 has exceeded half the number of permissible registered listeners. Now at 82
06-09 12:05:48.282  2764  2764 W CarrierConfigManager: Error getting config for subId -1 ICarrierConfigLoader is null
06-09 12:05:48.282  2764  2764 E ImsPhoneCallTracker: [1] getCarrierConfigBundle: carrier config is null, skipping.
06-09 12:05:48.283  2764  2764 E ImsPhoneCallTracker: [1] updateCarrierConfiguration: carrier config is null, skipping.
06-09 12:05:48.283  2764  2764 E ImsPhoneCallTracker: [1] updateCarrierConfiguration: Empty carrier config.
06-09 12:05:48.289  2764  2764 D ImsPhoneCallTracker: [1] registerIndicationReceiver
06-09 12:05:48.297  1820  3281 W TelephonyRegistry: Pid 2764 has exceeded half the number of permissible registered listeners. Now at 83
06-09 12:05:48.297  1820  3281 D TelephonyRegistry: listen oscl: mHasNotifySubscriptionInfoChangedOccurred==false no callback
06-09 12:05:48.298  2764  2764 W CarrierConfigManager: Error getting config for subId -1 ICarrierConfigLoader is null
06-09 12:05:48.300  2764  2764 D CallManager: registerPhone(MtkImsPhone Handler (com.mediatek.internal.telephony.imsphone.MtkImsPhone) {5edeaaf})
06-09 12:05:48.301  2764  2764 D Phone-2147483647: mDoesRilSendMultipleCallRing=true
06-09 12:05:48.301  2764  2764 D Phone-2147483647: mCallRingDelay=3000
06-09 12:05:48.301  2764  2764 D TelephonyAdminReceiver: No user manager. Attempting to resolve one.
06-09 12:05:48.305  1820  3281 W TelephonyRegistry: Pid 2764 has exceeded half the number of permissible registered listeners. Now at 84
06-09 12:05:48.308  1820  3281 W TelephonyRegistry: Pid 2764 has exceeded half the number of permissible registered listeners. Now at 85
06-09 12:05:48.309  2764  2764 W CarrierConfigManager: Error getting config for subId -1 ICarrierConfigLoader is null
06-09 12:05:48.309  2764  2764 E ImsPhoneCallTracker: [2] getCarrierConfigBundle: carrier config is null, skipping.
06-09 12:05:48.309  2764  2764 E ImsPhoneCallTracker: [2] updateCarrierConfiguration: carrier config is null, skipping.
06-09 12:05:48.309  2764  2764 E ImsPhoneCallTracker: [2] updateCarrierConfiguration: Empty carrier config.
06-09 12:05:48.312  2764  2764 D ImsPhoneCallTracker: [2] registerIndicationReceiver
06-09 12:05:48.318  1820  3281 W TelephonyRegistry: Pid 2764 has exceeded half the number of permissible registered listeners. Now at 86
06-09 12:05:48.318  1820  3281 D TelephonyRegistry: listen oscl: mHasNotifySubscriptionInfoChangedOccurred==false no callback
06-09 12:05:48.320  2764  2764 W CarrierConfigManager: Error getting config for subId -1 ICarrierConfigLoader is null
06-09 12:05:48.322  2764  2764 D CallManager: registerPhone(MtkImsPhone Handler (com.mediatek.internal.telephony.imsphone.MtkImsPhone) {5b6c1f2})
06-09 12:05:48.322  2764  2764 D DataHelper: makeMtkDataHelper: phones.length=3
06-09 12:05:48.325  2764  2764 D DataHelper: registerEvents
06-09 12:05:48.325  2764  2764 D DataHelper: registerImsEvents, phoneId = 0
06-09 12:05:48.326  2764  2764 D DataHelper: registerImsEvents, phoneId = 1
06-09 12:05:48.328  2764  2764 D DataHelper: registerImsEvents, phoneId = 2
06-09 12:05:48.329  1701  1769 I AT      : [2] AT< OK (RIL_CMD3_READER_2, tid:471466609840)
06-09 12:05:48.330  2764  3079 D RILJ    : [0080]< SET_TTY_MODE  [PHONE2]
06-09 12:05:48.334  2764  2764 D DataHelper: registered phone change event.
06-09 12:05:48.334  2764  2764 D DataHelper: makesMtkDataHelper: X sMtkDataHelper =com.mediatek.internal.telephony.data.MtkDataHelper@f571dd8
06-09 12:05:48.337  2764  2764 D PhoneCfgMgr: getStaticPhoneCapability: isDefault=true, caps=mMaxActiveVoiceSubscriptions=1 mMaxActiveDataSubscriptions=1 mNetworkValidationBeforeSwitchSupported=false mDeviceNrCapability []
06-09 12:05:48.341  1820  3281 W TelephonyRegistry: Pid 2764 has exceeded half the number of permissible registered listeners. Now at 87
06-09 12:05:48.341  1820  3281 D TelephonyRegistry: listen oscl: mHasNotifySubscriptionInfoChangedOccurred==false no callback
06-09 12:05:48.342  2764  2764 D PhoneCfgMgr: getStaticPhoneCapability: isDefault=true, caps=mMaxActiveVoiceSubscriptions=1 mMaxActiveDataSubscriptions=1 mNetworkValidationBeforeSwitchSupported=false mDeviceNrCapability []
06-09 12:05:48.348  2764  2764 D PhoneSwitcher: register handler to receive IMS registration : 0
06-09 12:05:48.349  2764  2764 D PhoneSwitcher: register handler to receive IMS registration : 1
06-09 12:05:48.349  2764  2764 D PhoneSwitcher: register handler to receive IMS registration : 2
06-09 12:05:48.350  1820  3281 W TelephonyRegistry: Pid 2764 has exceeded half the number of permissible registered listeners. Now at 88
06-09 12:05:48.351  1820  3281 D TelephonyRegistry: listen oscl: mHasNotifySubscriptionInfoChangedOccurred==false no callback
06-09 12:05:48.396  2764  2764 D MtkRILJ : [0083]> OEM_HOOK_STRINGS strings = AT+ESBP=5,"SBP_DR_SEARCH",1 +ESBP  [PHONE0]
06-09 12:05:48.398  2764  2764 D MtkRILJ : [0084]> OEM_HOOK_STRINGS strings = AT+ESBP=5,"SBP_DR_SEARCH",1 +ESBP  [PHONE1]
06-09 12:05:48.401  1701  1710 D RpOemCtlr: onHandleOemHookString, data[0] = AT+ESBP=5,"SBP_DR_SEARCH",1
06-09 12:05:48.401  1701  1710 D RpOemCtlr: onHandleOemHookString, data[0] = AT+ESBP=5,"SBP_DR_SEARCH",1
06-09 12:05:48.401  1701  1746 I AT      : [1] AT> AT+ESBP=5,"SBP_DR_SEARCH",1 (RIL_CMD2_READER_1 tid:471728082096)
06-09 12:05:48.402  2764  2764 D MtkRILJ : [0085]> OEM_HOOK_STRINGS strings = AT+ESBP=5,"SBP_DR_SEARCH",1 +ESBP  [PHONE2]
06-09 12:05:48.402  1701  1710 D RpOemCtlr: onHandleOemHookString, data[0] = AT+ESBP=5,"SBP_DR_SEARCH",1
06-09 12:05:48.402  1701  1724 I AT      : [0] AT> AT+ESBP=5,"SBP_DR_SEARCH",1 (RIL_CMD_READER_1 tid:472089152688)
06-09 12:05:48.403  1701  1768 I AT      : [2] AT> AT+ESBP=5,"SBP_DR_SEARCH",1 (RIL_CMD3_READER_1 tid:471467674800)
06-09 12:05:48.408  1701  1745 I AT      : [1] AT< +CME ERROR: 100 (RIL_CMD2_READER_1, tid:471729147056)
06-09 12:05:48.408  1701  1746 E RmcOemHandler: [1] OEM_HOOK_STRINGS fail
06-09 12:05:48.408  1701  1723 I AT      : [0] AT< +CME ERROR: 100 (RIL_CMD_READER_1, tid:472090217648)
06-09 12:05:48.408  1701  1724 E RmcOemHandler: [0] OEM_HOOK_STRINGS fail
06-09 12:05:48.409  2764  3079 D RILJ    : [0084]< OEM_HOOK_STRINGS error 2 [PHONE1]
06-09 12:05:48.409  2764  3079 D RilRequest: [0084]< OEM_HOOK_STRINGS error: com.android.internal.telephony.CommandException: GENERIC_FAILURE ret={} result=null
06-09 12:05:48.409  1701  1767 I AT      : [2] AT< +CME ERROR: 100 (RIL_CMD3_READER_1, tid:471468739760)
06-09 12:05:48.410  1701  1768 E RmcOemHandler: [2] OEM_HOOK_STRINGS fail
06-09 12:05:48.412  2764  3079 D RILJ    : [0083]< OEM_HOOK_STRINGS error 2 [PHONE0]
06-09 12:05:48.412  2764  3079 D RilRequest: [0083]< OEM_HOOK_STRINGS error: com.android.internal.telephony.CommandException: GENERIC_FAILURE ret={} result=null
06-09 12:05:48.419  2764  3079 D RILJ    : [0085]< OEM_HOOK_STRINGS error 2 [PHONE2]
06-09 12:05:48.419  2764  3079 D RilRequest: [0085]< OEM_HOOK_STRINGS error: com.android.internal.telephony.CommandException: GENERIC_FAILURE ret={} result=null
06-09 12:05:48.436  2764  2764 D PhoneSwitcher: PhoneSwitcher started
06-09 12:05:48.451  1820  2004 I am_uid_running: 10118
06-09 12:05:48.453  2764  2764 D MtkProxyController: Constructor - Enter
06-09 12:05:48.456  2764  2764 D MtkProxyController: Constructor - Exit
06-09 12:05:48.477  1820  3281 W TelephonyRegistry: Pid 2764 has exceeded half the number of permissible registered listeners. Now at 89
06-09 12:05:48.478  1820  3281 D TelephonyRegistry: listen oscl: mHasNotifySubscriptionInfoChangedOccurred==false no callback
06-09 12:05:48.478  2764  2764 D TelephonyNetworkFactory[0]: Registering NetworkFactory
06-09 12:05:48.483  1820  3281 W TelephonyRegistry: Pid 2764 has exceeded half the number of permissible registered listeners. Now at 90
06-09 12:05:48.483  1820  3281 D TelephonyRegistry: listen oscl: mHasNotifySubscriptionInfoChangedOccurred==false no callback
06-09 12:05:48.483  2764  2764 D TelephonyNetworkFactory[1]: Registering NetworkFactory
06-09 12:05:48.487  1820  3281 W TelephonyRegistry: Pid 2764 has exceeded half the number of permissible registered listeners. Now at 91
06-09 12:05:48.487  1820  3281 D TelephonyRegistry: listen oscl: mHasNotifySubscriptionInfoChangedOccurred==false no callback
06-09 12:05:48.488  2764  2764 D TelephonyNetworkFactory[2]: Registering NetworkFactory
06-09 12:05:48.489  2764  2764 D MtkTelephonyComponentFactory: Creating CarrierExpress
06-09 12:05:48.498  1820  2005 I am_proc_start: [0,2492,10118,com.google.android.gms.persistent,broadcast,{com.google.android.gms/com.google.android.gms.chimera.GmsIntentOperationService$PersistentTrustedReceiver},caller=com.android.bluetooth/1002,action = android.bluetooth.headset.profile.action.ACTIVE_DEVICE_CHANGED]
06-09 12:05:48.510  2764  3121 D MtkRILJ : registerForVsimIndication called... [PHONE0]
06-09 12:05:48.510  2764  3121 D MtkRILJ : registerForVsimIndication called... [PHONE1]
06-09 12:05:48.510  2764  3121 D MtkRILJ : registerForVsimIndication called... [PHONE2]
06-09 12:05:48.510  2764  3121 W ExternalSimMgr: getFirstSlotId, invalid slot id: 0
06-09 12:05:48.511  2764  3400 W ExternalSimMgr: getFirstSlotId, invalid slot id: 0
06-09 12:05:48.511  2764  3400 W ExternalSimMgr: getFirstSlotId, invalid slot id: 0
06-09 12:05:48.511  2764  3400 W ExternalSimMgr: getFirstSlotId, invalid slot id: 0
06-09 12:05:48.511  2764  3400 W ExternalSimMgr: getFirstSlotId, invalid slot id: 0
06-09 12:05:48.511  2764  3400 I ExternalSimMgr: VsimEvenHandler eventHandlerByType: type[204] start
06-09 12:05:48.511  2764  3400 W ExternalSimMgr: getFirstSlotId, invalid slot id: 0
06-09 12:05:48.515  2764  2764 D RcsProvisioningMonitor: RcsProvisioningMonitor created.
06-09 12:05:48.518  2764  2764 D RcsStats: RcsStats created.
06-09 12:05:48.519  1820  1953 I am_proc_bound: [0,2492,com.google.android.gms.persistent]
06-09 12:05:48.520  2764  3400 D MtkRILJ : [0086]> MTK: RIL_REQUEST_VSIM_NOTIFICATION, eventId: 204, simTpye: 0 [PHONE0]
06-09 12:05:48.520  2764  2764 D RcsProvisioningMonitor: init.
06-09 12:05:48.521  2764  3400 I ExternalSimMgr: VsimEvenHandler eventHandlerByType: type[204] end
06-09 12:05:48.521  2764  3400 W ExternalSimMgr: getFirstSlotId, invalid slot id: 0
06-09 12:05:48.521  1701  1710 D RtcVsim : [0] onHandleRequest type=REQUEST, source=GSM, dest=GSM, pId=RFX_MSG_REQUEST_SIM_VSIM_NOTIFICATION(51049), pToken=86, id=RFX_MSG_REQUEST_SIM_VSIM_NOTIFICATION(51049), token=68, slotId=0,             clientId = -1, error = 0, isSentOnCdmaCapabilitySlot = 2, sendToMainProtocol = 0,            m_priority = 1, pTimeStamp = 136248167007
06-09 12:05:48.523  1701  1742 D RmcVsim : [VSIM]requestVsimNotification, event_Id: 204, sim_type: 0, datalen: 12
06-09 12:05:48.524  1701  1742 I RmcVsim : [VSIM] handleVsimDisconnected sim:0, aka:-1, waiting:-1, authOngoing:-1
06-09 12:05:48.524  1701  1742 I RmcVsim : [VSIM] handleVsimDisconnected sim:1, aka:-1, waiting:-1, authOngoing:-1
06-09 12:05:48.524  1701  1742 I RmcVsim : [VSIM] handleVsimDisconnected sim:2, aka:-1, waiting:-1, authOngoing:-1
06-09 12:05:48.525  1701  1742 W RmcVsim : [VSIM] requestVsimNotification Done
06-09 12:05:48.526  1701  1710 D RtcVsim : [0] onHandleResponse RFX_MSG_REQUEST_SIM_VSIM_NOTIFICATION
06-09 12:05:48.527  2764  3079 D RILJ    : [0086]< MTK: RIL_REQUEST_VSIM_NOTIFICATION 0 [PHONE0]
06-09 12:05:48.538  1820  3281 W TelephonyRegistry: Pid 2764 has exceeded half the number of permissible registered listeners. Now at 92
06-09 12:05:48.538  1820  3281 D TelephonyRegistry: listen oscl: mHasNotifySubscriptionInfoChangedOccurred==false no callback
06-09 12:05:48.540  1820  1953 W TelephonyRegistry: Pid 2764 has exceeded half the number of permissible registered listeners. Now at 93
06-09 12:05:48.540  1820  1953 D TelephonyRegistry: listen oscl: mHasNotifySubscriptionInfoChangedOccurred==false no callback
06-09 12:05:48.545  1820  1970 I user_activity_timeout_override: -1
06-09 12:05:48.556  2764  3401 W CarrierConfigManager: Error getting config for subId -1 ICarrierConfigLoader is null
06-09 12:05:48.556  2764  3401 W CarrierConfigManager: Error getting config for subId -1 ICarrierConfigLoader is null
06-09 12:05:48.556  2764  3401 W CarrierConfigManager: Error getting config for subId -1 ICarrierConfigLoader is null
06-09 12:05:48.598  2764  2764 D SatelliteModemInterface: Created SatelliteModemInterface. Attempting to bind to SatelliteService.
06-09 12:05:48.598  2764  2764 E SatelliteModemInterface: Unable to bind to the satellite service because the package is undefined.
06-09 12:05:48.598  2764  2764 D SatelliteStats: SatelliteStats created.
06-09 12:05:48.600  2764  3411 D SatelliteController: EVENT_RADIO_STATE_CHANGED: radioState=0
06-09 12:05:48.602  2764  2764 D SatelliteController: Radios To be checked when satellite is on: 
06-09 12:05:48.603  2764  2764 D SatelliteController: initializeSatelliteModeRadios: unregisterReceiver, e=java.lang.IllegalArgumentException: Receiver not registered: com.android.internal.telephony.satellite.SatelliteController$BTWifiNFCStateReceiver@d92c04f
06-09 12:05:48.609  2764  2764 D SatelliteController: mDisableBTOnSatelliteEnabled: false mDisableNFCOnSatelliteEnabled: false mDisableWifiOnSatelliteEnabled: false mDisableUWBOnSatelliteEnabled: false
06-09 12:05:48.610  2764  2764 D SatelliteController: mBTStateEnabled: false mNfcStateEnabled: false mWifiStateEnabled: false mUwbStateEnabled: false
06-09 12:05:48.617  1820  2878 W TelephonyRegistry: Pid 2764 has exceeded half the number of permissible registered listeners. Now at 94
06-09 12:05:48.638  2764  2764 D TelephonyCountryDetector: getCurrentNetworkCountryIso: invalid countryIso= for phoneId=0, subId=-1
06-09 12:05:48.638  2764  2764 D TelephonyCountryDetector: getCurrentNetworkCountryIso: invalid countryIso= for phoneId=1, subId=-1
06-09 12:05:48.638  2764  2764 D TelephonyCountryDetector: getCurrentNetworkCountryIso: invalid countryIso= for phoneId=2, subId=-1
06-09 12:05:48.640  2786  2786 D MtkDynamicImsService: MtkDynamicImsService Bound.
06-09 12:05:48.645  1820  2262 I netstats_mobile_sample: [0,0,0,0,0,0,0,0,1749441948645]
06-09 12:05:48.645  1820  2262 I netstats_wifi_sample: [0,0,0,0,0,0,0,0,1749441948645]
06-09 12:05:48.646  1820  2005 I am_proc_start: [0,3414,1000,com.mediatek.simprocessor,service,{com.mediatek.simprocessor/com.mediatek.simprocessor.SimProcessorService},caller=com.android.phone/1001]
06-09 12:05:48.652  2764  2764 D TelephonyCountryDetector: Location update was not requested yet
06-09 12:05:48.652  2764  2764 D TelephonyCountryDetector: registerForWifiConnectivityStateChanged
06-09 12:05:48.663  2764  2764 D SatelliteAccessController: s2CellFile=
06-09 12:05:48.664  2764  2764 E SatelliteAccessController: config updater country codes are either null or empty
06-09 12:05:48.665  2764  2764 D SatelliteController: evaluateOemSatelliteRequestAllowed: satellite service is not supported
06-09 12:05:48.683  1820  2381 W TelephonyRegistry: Pid 2764 has exceeded half the number of permissible registered listeners. Now at 95
06-09 12:05:48.705  1701  1789 D VT RIL THD: [VT RIL THD] msg_type = 103002, recv_length = 12
06-09 12:05:48.705  1701  1789 I VT RIL PSR: [VT  PARSER] MSG_ID_WRAP_IMSVT_RILD_VTSERVICE_STATUS
06-09 12:05:48.705  1701  1789 D VT RIL THD: [VT RIL THD] slot_id = 0, msg_data.size = 20, msg_data.data = 12970367408626515376
