06-09 12:05:50.356  1701  1746 I AT      : [1] AT> AT+EOPS? (RIL_CMD2_READER_1 tid:471728082096)
06-09 12:05:50.360  2764  3079 D RILJ    : [0203]< RADIO_POWER error 54 [PHONE2]
06-09 12:05:50.360  2764  3079 D RilRequest: [0203]< RADIO_POWER error: com.android.internal.telephony.CommandException: OPERATION_NOT_ALLOWED ret= result=null
06-09 12:05:50.360  1701  1745 I AT      : [1] AT< +EOPS: 0,2,"",1 (RIL_CMD2_READER_1, tid:471729147056)
06-09 12:05:50.360  1701  1745 I AT      : [1] AT< OK (RIL_CMD2_READER_1, tid:471729147056)
06-09 12:05:50.360  2764  3079 I AnomalyReporter: reportAnomaly: Received anomaly event report with eventId= 316f3801-fa21-4954-a42f-0041eada3b31 and description= Radio power failure
06-09 12:05:50.360  1701  1746 I AT      : [1] AT> AT+EOPS? (RIL_CMD2_READER_1 tid:471728082096)
06-09 12:05:50.361  2764  2764 D Phone-0 : [0] SubId-1,get allowed network types carrier: value = GPRS|EDGE|UMTS|HSDPA|HSUPA|HSPA|LTE|HSPA+|GSM|LTE_CA
06-09 12:05:50.361  2764  2764 I CSST    : isNrSupported:  carrierConfigEnabled: true, AccessFamilySupported: false, isNrNetworkTypeAllowed: false
06-09 12:05:50.361  2764  2764 I CSST    : PrefNetworkNotification: sendMessage() w/values: ,false,false,-1,false,false
06-09 12:05:50.364  1701  1745 I AT      : [1] AT< +EOPS: 0,2,"",1 (RIL_CMD2_READER_1, tid:471729147056)
06-09 12:05:50.366  1701  1745 I AT      : [1] AT< OK (RIL_CMD2_READER_1, tid:471729147056)
06-09 12:05:50.373  2764  2764 I CSST    : canceling notifications: 1000
06-09 12:05:50.374  2764  2764 D Phone-2 : isWifiCallingEnabled =false
06-09 12:05:50.374  2764  2764 D CSST    : isPhoneRegisteredForWifiCalling: false
06-09 12:05:50.374  2764  2764 D Phone-2 : isWifiCallingEnabled =false
06-09 12:05:50.375  2764  2764 I CSST    : EmergencyNetworkNotification: sendMessage() w/values: ,-1,false,false
06-09 12:05:50.376  2764  3079 D RILJ    : [0181]< SET_UNSOLICITED_RESPONSE_FILTER  [PHONE1]
06-09 12:05:50.377  2764  2764 I CSST    : canceling notifications: 1001
06-09 12:05:50.378  2764  2764 D Phone-2 : [2] SubId-1,get allowed network types user: value = GPRS|EDGE|UMTS|HSDPA|HSUPA|HSPA|LTE|HSPA+|GSM|LTE_CA
06-09 12:05:50.379  2764  2764 D Phone-0 : [0] SubId-1,get allowed network types carrier: value = GPRS|EDGE|UMTS|HSDPA|HSUPA|HSPA|LTE|HSPA+|GSM|LTE_CA
06-09 12:05:50.379  2764  2764 I CSST    : isNrSupported:  carrierConfigEnabled: true, AccessFamilySupported: false, isNrNetworkTypeAllowed: false
06-09 12:05:50.379  2764  2764 I CSST    : PrefNetworkNotification: sendMessage() w/values: ,false,false,-1,false,false
06-09 12:05:50.381  2764  2764 I CSST    : canceling notifications: 1000
06-09 12:05:50.381  2764  2764 D Phone-2 : isWifiCallingEnabled =false
06-09 12:05:50.381  2764  2764 D CSST    : isPhoneRegisteredForWifiCalling: false
06-09 12:05:50.381  2764  2764 D Phone-2 : isWifiCallingEnabled =false
06-09 12:05:50.381  2764  2764 I CSST    : EmergencyNetworkNotification: sendMessage() w/values: ,-1,false,false
06-09 12:05:50.382  2764  2764 I CSST    : canceling notifications: 1001
06-09 12:05:50.385  2764  2764 D EmergencyNumberTracker: [2]updateRadioEmergencyNumberListAndNotify(): receiving []
06-09 12:05:50.385  2764  3079 D RILJ    : [0204]< MTK: RIL_REQUEST_SET_VENDOR_SETTING  [PHONE0]
06-09 12:05:50.392  2764  2764 D RILJ    : [0208]> SEND_DEVICE_STATE 1:true [PHONE2]
06-09 12:05:50.395  2764  3079 D RILJ    : Unsol response received; Sending ack to ril.cpp [PHONE1]
06-09 12:05:50.395  2764  3079 D RILJ    : [UNSL]< UNSOL_RESPONSE_PS_NETWORK_STATE_CHANGED [PHONE1]
06-09 12:05:50.396  2764  3079 D RILJ    : [0200]< OPERATOR {, , } [PHONE2]
06-09 12:05:50.397  2764  2764 D RILJ    : [0210]> SEND_DEVICE_STATE 2:false [PHONE2]
06-09 12:05:50.397  1701  1774 D RmcDcMiscHandler: [2][handleSendDeviceStateRequest]: state: 0
06-09 12:05:50.398  1701  1774 I AT      : [2] AT> AT+EFD=0 (RIL_CMD3_READER_4 tid:471427730608)
06-09 12:05:50.399  2764  2764 D RILJ    : [0211]> SEND_DEVICE_STATE 0:false [PHONE2]
06-09 12:05:50.404  1701  1773 I AT      : [2] AT< OK (RIL_CMD3_READER_4, tid:471462350000)
06-09 12:05:50.404  2764  2764 D RILJ    : [0213]> SET_UNSOLICITED_RESPONSE_FILTER -1 [PHONE2]
06-09 12:05:50.405  1701  1768 I AT      : [2] AT> AT+ECSQ=1 (RIL_CMD3_READER_1 tid:471467674800)
06-09 12:05:50.405  2764  3079 D RILJ    : Unsol response received; Sending ack to ril.cpp [PHONE1]
06-09 12:05:50.405  2764  3079 D RILJ    : [UNSL]< UNSOL_RESPONSE_PS_NETWORK_STATE_CHANGED [PHONE1]
06-09 12:05:50.406  2764  3079 D RILJ    : [0202]< QUERY_NETWORK_SELECTION_MODE {0} [PHONE2]
06-09 12:05:50.408  2764  2764 D RILJ    : [0214]> SET_LINK_CAPACITY_REPORTING_CRITERIA [PHONE2]
06-09 12:05:50.408  1701  1767 I AT      : [2] AT< OK (RIL_CMD3_READER_1, tid:471468739760)
06-09 12:05:50.409  1701  1774 I AT      : [2] AT> AT+EXLCE=2,3000,50,50,14,100,500,1000,5000,10000,20000,50000,75000,100000,200000,500000,1000000,1500000,2000000,11,100,500,1000,5000,10000,20000,50000,75000,100000,200000,500000,1 (RIL_CMD3_READER_4 tid:471427730608)
06-09 12:05:50.409  1701  1768 I AT      : [2] AT> AT+EREG=3 (RIL_CMD3_READER_1 tid:471467674800)
06-09 12:05:50.409  2764  3079 D RILJ    : [0206]< OPERATOR {, , } [PHONE2]
06-09 12:05:50.411  2764  2764 D RILJ    : [0215]> SET_LINK_CAPACITY_REPORTING_CRITERIA [PHONE2]
06-09 12:05:50.412  1701  1773 I AT      : [2] AT< OK (RIL_CMD3_READER_4, tid:471462350000)
06-09 12:05:50.412  1701  1774 I AT      : [2] AT> AT+EXLCE=2,3000,50,50,14,100,500,1000,5000,10000,20000,50000,75000,100000,200000,500000,1000000,1500000,2000000,11,100,500,1000,5000,10000,20000,50000,75000,100000,200000,500000,2 (RIL_CMD3_READER_4 tid:471427730608)
06-09 12:05:50.413  1701  1721 I AT      : [2] AT< +EREG=*** (RIL_URC3_READER, tid:472163650736)
06-09 12:05:50.413  1701  1767 I AT      : [2] AT< OK (RIL_CMD3_READER_1, tid:471468739760)
06-09 12:05:50.413  1701  1768 I AT      : [2] AT> AT+EGREG=3 (RIL_CMD3_READER_1 tid:471467674800)
06-09 12:05:50.413  1701  1722 D RmcNwHdlr: [2] [handleCsNetworkStateChanged] mMdEreg n=0, stat=0, lac=*, ci=*, eAct=0, nwk_existence=0, roam_indicator=0, cause_type=0, reject_cause=0 mMdEcell act=0, cid=*, mcc=0, mnc=0, lacTac=*, pscPci=*, sig1=0, sig2=0, rsrp=0, rsrq=0, timingAdvance=0, rssnr=0, cqi=0, bsic=0, arfcn=0
06-09 12:05:50.416  2764  2764 D RILJ    : [0216]> SET_LINK_CAPACITY_REPORTING_CRITERIA [PHONE2]
06-09 12:05:50.417  2764  3079 D RILJ    : [0207]< QUERY_NETWORK_SELECTION_MODE {0} [PHONE2]
06-09 12:05:50.418  1701  1773 I AT      : [2] AT< OK (RIL_CMD3_READER_4, tid:471462350000)
06-09 12:05:50.418  1701  1721 I AT      : [2] AT< +EGREG=*** (RIL_URC3_READER, tid:472163650736)
06-09 12:05:50.418  1701  1774 I AT      : [2] AT> AT+EXLCE=2,3000,50,50,14,100,500,1000,5000,10000,20000,50000,75000,100000,200000,500000,1000000,1500000,2000000,11,100,500,1000,5000,10000,20000,50000,75000,100000,200000,500000,3 (RIL_CMD3_READER_4 tid:471427730608)
06-09 12:05:50.419  1701  1722 D RmcNwHdlr: [2] [handlePsNetworkStateChanged] mMdEgreg n=0, stat=0, lac=*, ci=*, eAct=0, rac=0, nwk_existence=0, roam_indicator=0, cause_type=0, reject_cause=0, dcnr_restricted=0, endc_sib=0, endc_available=0.   mMdEcell act=0, cid=*, mcc=0, mnc=0, lacTac=*, pscPci=*, sig1=0, sig2=0, rsrp=0, rsrq=0, timingAdvance=0, rssnr=0, cqi=0, bsic=0, arfcn=0
06-09 12:05:50.419  1701  1722 D RmcNwHdlr: [2] handleScgConnectionChange old=0, new=0
06-09 12:05:50.419  1701  1710 E RILC    : oemHookRawInd: mtkRadioExService[14]->mRadioIndicationEm == NULL
06-09 12:05:50.420  1701  1767 I AT      : [2] AT< OK (RIL_CMD3_READER_1, tid:471468739760)
06-09 12:05:50.420  1701  1768 I AT      : [2] AT> AT+PSBEARER=1 (RIL_CMD3_READER_1 tid:471467674800)
06-09 12:05:50.420  1701  1776 I AT      : [2] AT> AT+EOPS? (RIL_ATCI3_READER tid:471375269040)
06-09 12:05:50.423  2764  2764 D RILJ    : [0217]> SET_LINK_CAPACITY_REPORTING_CRITERIA [PHONE2]
06-09 12:05:50.425  1701  1767 I AT      : [2] AT< OK (RIL_CMD3_READER_1, tid:471468739760)
06-09 12:05:50.425  1701  1768 I AT      : [2] AT> AT+EREGINFO=1 (RIL_CMD3_READER_1 tid:471467674800)
06-09 12:05:50.425  1701  1773 I AT      : [2] AT< OK (RIL_CMD3_READER_4, tid:471462350000)
06-09 12:05:50.425  1701  1775 I AT      : [2] AT< +EOPS: 0,2,"",1 (RIL_ATCI3_READER, tid:471393111216)
06-09 12:05:50.425  1701  1775 I AT      : [2] AT< OK (RIL_ATCI3_READER, tid:471393111216)
06-09 12:05:50.426  2764  2764 D RILJ    : [0219]> SET_LINK_CAPACITY_REPORTING_CRITERIA [PHONE2]
06-09 12:05:50.426  1701  1776 E RmcEmbmsReq: [2] Error due to cell_id = *
06-09 12:05:50.426  1701  1774 I AT      : [2] AT> AT+EXLCE=2,3000,50,50,14,100,500,1000,5000,10000,20000,50000,75000,100000,200000,500000,1000000,1500000,2000000,11,100,500,1000,5000,10000,20000,50000,75000,100000,200000,500000,4 (RIL_CMD3_READER_4 tid:471427730608)
06-09 12:05:50.426  2764  3079 D RILJ    : Unsol response received; Sending ack to ril.cpp [PHONE2]
06-09 12:05:50.427  2764  3079 D RILJ    : [UNSL]< UNSOL_RESPONSE_CS_NETWORK_STATE_CHANGED [PHONE2]
06-09 12:05:50.428  2764  3079 D RILJ    : Unsol response received; Sending ack to ril.cpp [PHONE2]
06-09 12:05:50.428  2764  3079 D RILJ    : [UNSL]< UNSOL_RESPONSE_NETWORK_STATE_CHANGED [PHONE2]
06-09 12:05:50.429  2764  3079 D RILJ    : [0208]< SEND_DEVICE_STATE error 6 [PHONE2]
06-09 12:05:50.429  1701  1767 I AT      : [2] AT< OK (RIL_CMD3_READER_1, tid:471468739760)
06-09 12:05:50.429  2764  3079 D RilRequest: [0208]< SEND_DEVICE_STATE error: com.android.internal.telephony.CommandException: REQUEST_NOT_SUPPORTED ret= result=null
06-09 12:05:50.430  1701  1773 I AT      : [2] AT< +CME ERROR: 100 (RIL_CMD3_READER_4, tid:471462350000)
06-09 12:05:50.431  1701  1774 I AT      : [2] AT> AT+EXLCE=2,3000,50,50,14,100,500,1000,5000,10000,20000,50000,75000,100000,200000,500000,1000000,1500000,2000000,11,100,500,1000,5000,10000,20000,50000,75000,100000,200000,500000,6 (RIL_CMD3_READER_4 tid:471427730608)
06-09 12:05:50.431  2764  3079 D RILJ    : Unsol response received; Sending ack to ril.cpp [PHONE2]
06-09 12:05:50.431  2764  3079 D RILJ    : [0210]< SEND_DEVICE_STATE  [PHONE2]
06-09 12:05:50.432  2764  3079 D RILJ    : [0211]< SEND_DEVICE_STATE error 6 [PHONE2]
06-09 12:05:50.432  2764  3079 D RilRequest: [0211]< SEND_DEVICE_STATE error: com.android.internal.telephony.CommandException: REQUEST_NOT_SUPPORTED ret= result=null
06-09 12:05:50.432  2764  3079 D RILJ    : [0214]< SET_LINK_CAPACITY_REPORTING_CRITERIA  [PHONE2]
06-09 12:05:50.438  2764  3079 D RILJ    : [0215]< SET_LINK_CAPACITY_REPORTING_CRITERIA  [PHONE2]
06-09 12:05:50.438  2764  3079 D RILJ    : [0216]< SET_LINK_CAPACITY_REPORTING_CRITERIA  [PHONE2]
06-09 12:05:50.438  2764  3365 D MTKSST  : [GsmSST2] MtkHandler: EVENT_NETWORK_STATE_CHANGED
06-09 12:05:50.439  2764  3079 D RILJ    : [0217]< SET_LINK_CAPACITY_REPORTING_CRITERIA error 40 [PHONE2]
06-09 12:05:50.439  2764  3079 D RilRequest: [0217]< SET_LINK_CAPACITY_REPORTING_CRITERIA error: com.android.internal.telephony.CommandException: MODEM_ERR ret= result=null
06-09 12:05:50.441  2764  2764 D RILJ    : [0222]> SEND_DEVICE_STATE 1:true [PHONE2]
06-09 12:05:50.443  2764  2764 D RILJ    : [0223]> SEND_DEVICE_STATE 2:false [PHONE2]
06-09 12:05:50.448  1701  1767 I AT      : [2] AT< ERROR (RIL_CMD3_READER_1, tid:471468739760)
06-09 12:05:50.448  1701  1773 I AT      : [2] AT< +CME ERROR: 3 (RIL_CMD3_READER_4, tid:471462350000)
06-09 12:05:50.449  1701  1774 D RmcDcMiscHandler: [2][handleSendDeviceStateRequest]: state: 0
06-09 12:05:50.449  1701  1774 I AT      : [2] AT> AT+EFD=0 (RIL_CMD3_READER_4 tid:471427730608)
06-09 12:05:50.450  2764  2764 D RILJ    : [0224]> SEND_DEVICE_STATE 0:false [PHONE2]
06-09 12:05:50.455  2764  2764 D RILJ    : [0225]> SET_UNSOLICITED_RESPONSE_FILTER -1 [PHONE2]
06-09 12:05:50.456  2764  3079 D RILJ    : [0219]< SET_LINK_CAPACITY_REPORTING_CRITERIA error 40 [PHONE2]
06-09 12:05:50.456  2764  3079 D RilRequest: [0219]< SET_LINK_CAPACITY_REPORTING_CRITERIA error: com.android.internal.telephony.CommandException: MODEM_ERR ret= result=null
06-09 12:05:50.457  2764  3079 D RILJ    : [0222]< SEND_DEVICE_STATE error 6 [PHONE2]
06-09 12:05:50.457  2764  3079 D RilRequest: [0222]< SEND_DEVICE_STATE error: com.android.internal.telephony.CommandException: REQUEST_NOT_SUPPORTED ret= result=null
06-09 12:05:50.457  2764  2764 D RILJ    : [0226]> SET_LINK_CAPACITY_REPORTING_CRITERIA [PHONE2]
06-09 12:05:50.458  1701  1767 I AT      : [2] AT< ERROR (RIL_CMD3_READER_1, tid:471468739760)
06-09 12:05:50.458  1701  1773 I AT      : [2] AT< OK (RIL_CMD3_READER_4, tid:471462350000)
06-09 12:05:50.458  1701  1768 W RmcNwReqHdlr: [2] There is something wrong with the exectution of AT+EDEFROAM=1
06-09 12:05:50.458  1701  1768 I AT      : [2] AT> AT+CSCON=3 (RIL_CMD3_READER_1 tid:471467674800)
06-09 12:05:50.458  1701  1774 I AT      : [2] AT> AT+EXLCE=2,3000,50,50,14,100,500,1000,5000,10000,20000,50000,75000,100000,200000,500000,1000000,1500000,2000000,11,100,500,1000,5000,10000,20000,50000,75000,100000,200000,500000,1 (RIL_CMD3_READER_4 tid:471427730608)
06-09 12:05:50.459  2764  3079 D RILJ    : [0223]< SEND_DEVICE_STATE  [PHONE2]
06-09 12:05:50.459  2764  2764 D RILJ    : [0227]> SET_LINK_CAPACITY_REPORTING_CRITERIA [PHONE2]
06-09 12:05:50.464  1701  1767 I AT      : [2] AT< OK (RIL_CMD3_READER_1, tid:471468739760)
06-09 12:05:50.464  1701  1773 I AT      : [2] AT< OK (RIL_CMD3_READER_4, tid:471462350000)
06-09 12:05:50.464  1701  1774 I AT      : [2] AT> AT+EXLCE=2,3000,50,50,14,100,500,1000,5000,10000,20000,50000,75000,100000,200000,500000,1000000,1500000,2000000,11,100,500,1000,5000,10000,20000,50000,75000,100000,200000,500000,2 (RIL_CMD3_READER_4 tid:471427730608)
06-09 12:05:50.467  1701  1768 I AT      : [2] AT> AT+CSCON? (RIL_CMD3_READER_1 tid:471467674800)
06-09 12:05:50.468  2764  2764 D RILJ    : [0228]> SET_LINK_CAPACITY_REPORTING_CRITERIA [PHONE2]
06-09 12:05:50.468  2764  3079 D RILJ    : [0224]< SEND_DEVICE_STATE error 6 [PHONE2]
06-09 12:05:50.468  2764  3079 D RilRequest: [0224]< SEND_DEVICE_STATE error: com.android.internal.telephony.CommandException: REQUEST_NOT_SUPPORTED ret= result=null
06-09 12:05:50.468  2764  3079 D RILJ    : [0226]< SET_LINK_CAPACITY_REPORTING_CRITERIA  [PHONE2]
06-09 12:05:50.468  1701  1773 I AT      : [2] AT< OK (RIL_CMD3_READER_4, tid:471462350000)
06-09 12:05:50.469  1701  1774 I AT      : [2] AT> AT+EXLCE=2,3000,50,50,14,100,500,1000,5000,10000,20000,50000,75000,100000,200000,500000,1000000,1500000,2000000,11,100,500,1000,5000,10000,20000,50000,75000,100000,200000,500000,3 (RIL_CMD3_READER_4 tid:471427730608)
06-09 12:05:50.470  2764  2764 D RILJ    : [0229]> SET_LINK_CAPACITY_REPORTING_CRITERIA [PHONE2]
06-09 12:05:50.470  1701  1767 I AT      : [2] AT< +CME ERROR: 100 (RIL_CMD3_READER_1, tid:471468739760)
06-09 12:05:50.470  1701  1768 E RmcNwReqHdlr: [2] There is something wrong with the updateConnectionStateReport URC
06-09 12:05:50.470  1701  1768 I AT      : [2] AT> AT+ECAMPUI=1 (RIL_CMD3_READER_1 tid:471467674800)
06-09 12:05:50.472  2764  3079 D RILJ    : [0227]< SET_LINK_CAPACITY_REPORTING_CRITERIA  [PHONE2]
06-09 12:05:50.473  1701  1773 I AT      : [2] AT< OK (RIL_CMD3_READER_4, tid:471462350000)
06-09 12:05:50.473  1701  1774 I AT      : [2] AT> AT+EXLCE=2,3000,50,50,14,100,500,1000,5000,10000,20000,50000,75000,100000,200000,500000,1000000,1500000,2000000,11,100,500,1000,5000,10000,20000,50000,75000,100000,200000,500000,4 (RIL_CMD3_READER_4 tid:471427730608)
06-09 12:05:50.473  1701  1767 I AT      : [2] AT< +CME ERROR: 100 (RIL_CMD3_READER_1, tid:471468739760)
06-09 12:05:50.473  1701  1768 W RmcNwReqHdlr: [2] There is something wrong with the exectution of AT+ECAMPUI=1
06-09 12:05:50.473  1701  1768 I AT      : [2] AT> AT+ECAPABILITY=1 (RIL_CMD3_READER_1 tid:471467674800)
06-09 12:05:50.474  2764  2764 D RILJ    : [0230]> SET_LINK_CAPACITY_REPORTING_CRITERIA [PHONE2]
06-09 12:05:50.474  2764  3079 D RILJ    : [0228]< SET_LINK_CAPACITY_REPORTING_CRITERIA  [PHONE2]
06-09 12:05:50.476  1701  1773 I AT      : [2] AT< +CME ERROR: 100 (RIL_CMD3_READER_4, tid:471462350000)
06-09 12:05:50.477  1701  1774 I AT      : [2] AT> AT+EXLCE=2,3000,50,50,14,100,500,1000,5000,10000,20000,50000,75000,100000,200000,500000,1000000,1500000,2000000,11,100,500,1000,5000,10000,20000,50000,75000,100000,200000,500000,6 (RIL_CMD3_READER_4 tid:471427730608)
06-09 12:05:50.477  1701  1767 I AT      : [2] AT< +CME ERROR: 100 (RIL_CMD3_READER_1, tid:471468739760)
06-09 12:05:50.477  2764  3079 D RILJ    : [0229]< SET_LINK_CAPACITY_REPORTING_CRITERIA error 40 [PHONE2]
06-09 12:05:50.478  2764  3079 D RilRequest: [0229]< SET_LINK_CAPACITY_REPORTING_CRITERIA error: com.android.internal.telephony.CommandException: MODEM_ERR ret= result=null
06-09 12:05:50.478  1701  1768 W RmcNwReqHdlr: [2] There is something wrong with the exectution of AT+ECAPABILITY=1
06-09 12:05:50.478  1701  1768 I AT      : [2] AT> AT+ECAPABILITY? (RIL_CMD3_READER_1 tid:471467674800)
06-09 12:05:50.481  1701  1773 I AT      : [2] AT< +CME ERROR: 3 (RIL_CMD3_READER_4, tid:471462350000)
06-09 12:05:50.482  1701  1767 I AT      : [2] AT< +CME ERROR: 100 (RIL_CMD3_READER_1, tid:471468739760)
06-09 12:05:50.482  2764  3079 D RILJ    : [0230]< SET_LINK_CAPACITY_REPORTING_CRITERIA error 40 [PHONE2]
06-09 12:05:50.482  2764  3079 D RilRequest: [0230]< SET_LINK_CAPACITY_REPORTING_CRITERIA error: com.android.internal.telephony.CommandException: MODEM_ERR ret= result=null
06-09 12:05:50.483  2764  2764 D NetworkTypeController: [2] DefaultState: process EVENT_INITIALIZE
06-09 12:05:50.484  1701  1768 E RmcNwReqHdlr: [2] There is something wrong with AT+ECAPABILITY
06-09 12:05:50.484  1701  1768 I AT      : [2] AT> AT+EXLCE=1 (RIL_CMD3_READER_1 tid:471467674800)
06-09 12:05:50.487  1701  1767 I AT      : [2] AT< OK (RIL_CMD3_READER_1, tid:471468739760)
06-09 12:05:50.488  1820  2262 W TelephonyRegistry: Pid 2764 has exceeded half the number of permissible registered listeners. Now at 113
06-09 12:05:50.489  1701  1768 I AT      : [2] AT> AT+EBARRING=1 (RIL_CMD3_READER_1 tid:471467674800)
06-09 12:05:50.489  2764  2764 D MtkNetworkTypeController: mNrAdvancedPhysicalChannelConfigItemCount = 0
06-09 12:05:50.490  2764  2764 D NetworkTypeController: [2] mOverrideTimerRules: {connected={mState=connected, mOverrideType=NR_NSA, mPrimaryTimers={}, mSecondaryTimers={}}, not_restricted_rrc_con={mState=not_restricted_rrc_con, mOverrideType=NR_NSA, mPrimaryTimers={}, mSecondaryTimers={}}, legacy={mState=legacy, mOverrideType=NONE, mPrimaryTimers={}, mSecondaryTimers={}}, not_restricted_rrc_idle={mState=not_restricted_rrc_idle, mOverrideType=NR_NSA, mPrimaryTimers={}, mSecondaryTimers={}}, restricted={mState=restricted, mOverrideType=NONE, mPrimaryTimers={}, mSecondaryTimers={}}, connected_mmwave={mState=connected_mmwave, mOverrideType=NR_NSA, mPrimaryTimers={}, mSecondaryTimers={}}, connected_rrc_idle={mState=connected_rrc_idle, mOverrideType=NR_NSA, mPrimaryTimers={}, mSecondaryTimers={}}}
06-09 12:05:50.490  2764  2764 D NetworkTypeController: [2] Physical channel configs updated: not updating PCC fields for empty PCC list indicating RRC idle.
06-09 12:05:50.490  2764  2764 D NetworkTypeController: [2] DefaultState: process EVENT_UPDATE
06-09 12:05:50.490  2764  2764 D NetworkTypeController: [2] Entering LegacyState
06-09 12:05:50.490  2764  2764 D NetworkTypeController: [2] Reset timers since NR is not allowed.
06-09 12:05:50.490  2764  2764 D MtkNetworkTypeController: [Override]getCurrentOverrideNetworkType: 0
06-09 12:05:50.490  2764  2764 D DIC-2   : updateTelephonyDisplayInfo, turboSS alive, skip notify
06-09 12:05:50.492  1701  1767 I AT      : [2] AT< OK (RIL_CMD3_READER_1, tid:471468739760)
06-09 12:05:50.492  1701  1768 I AT      : [2] AT> AT+EOPS? (RIL_CMD3_READER_1 tid:471467674800)
06-09 12:05:50.493  2764  3079 D RILJ    : [0213]< SET_UNSOLICITED_RESPONSE_FILTER  [PHONE2]
06-09 12:05:50.493  2500  2500 I viewroot_draw_event: [VRI[StatusBar],reportDrawFinished seqId=0]
06-09 12:05:50.496  1701  1767 I AT      : [2] AT< +EOPS: 0,2,"",1 (RIL_CMD3_READER_1, tid:471468739760)
06-09 12:05:50.497  1701  1767 I AT      : [2] AT< OK (RIL_CMD3_READER_1, tid:471468739760)
06-09 12:05:50.497  1701  1768 I AT      : [2] AT> AT+ECSQ=1 (RIL_CMD3_READER_1 tid:471467674800)
06-09 12:05:50.500  1701  1767 I AT      : [2] AT< OK (RIL_CMD3_READER_1, tid:471468739760)
06-09 12:05:50.501  1701  1768 I AT      : [2] AT> AT+EREG=3 (RIL_CMD3_READER_1 tid:471467674800)
06-09 12:05:50.504  2764  3079 D RILJ    : Unsol response received; Sending ack to ril.cpp [PHONE2]
06-09 12:05:50.504  2764  3079 D RILJ    : [UNSL]< UNSOL_RESPONSE_PS_NETWORK_STATE_CHANGED [PHONE2]
06-09 12:05:50.509  1701  1767 I AT      : [2] AT< OK (RIL_CMD3_READER_1, tid:471468739760)
06-09 12:05:50.509  1701  1721 I AT      : [2] AT< +EREG=*** (RIL_URC3_READER, tid:472163650736)
06-09 12:05:50.509  1701  1768 I AT      : [2] AT> AT+EGREG=3 (RIL_CMD3_READER_1 tid:471467674800)
06-09 12:05:50.510  1701  1722 D RmcNwHdlr: [2] [handleCsNetworkStateChanged] mMdEreg n=0, stat=0, lac=*, ci=*, eAct=0, nwk_existence=0, roam_indicator=0, cause_type=0, reject_cause=0 mMdEcell act=0, cid=*, mcc=0, mnc=0, lacTac=*, pscPci=*, sig1=0, sig2=0, rsrp=0, rsrq=0, timingAdvance=0, rssnr=0, cqi=0, bsic=0, arfcn=0
06-09 12:05:50.513  1701  1721 I AT      : [2] AT< +EGREG=*** (RIL_URC3_READER, tid:472163650736)
06-09 12:05:50.513  1701  1767 I AT      : [2] AT< OK (RIL_CMD3_READER_1, tid:471468739760)
06-09 12:05:50.513  2764  3079 D RILJ    : Unsol response received; Sending ack to ril.cpp [PHONE2]
06-09 12:05:50.513  1701  1768 I AT      : [2] AT> AT+PSBEARER=1 (RIL_CMD3_READER_1 tid:471467674800)
06-09 12:05:50.513  2764  3079 D RILJ    : [UNSL]< UNSOL_RESPONSE_CS_NETWORK_STATE_CHANGED [PHONE2]
06-09 12:05:50.514  1701  1722 D RmcNwHdlr: [2] [handlePsNetworkStateChanged] mMdEgreg n=0, stat=0, lac=*, ci=*, eAct=0, rac=0, nwk_existence=0, roam_indicator=0, cause_type=0, reject_cause=0, dcnr_restricted=0, endc_sib=0, endc_available=0.   mMdEcell act=0, cid=*, mcc=0, mnc=0, lacTac=*, pscPci=*, sig1=0, sig2=0, rsrp=0, rsrq=0, timingAdvance=0, rssnr=0, cqi=0, bsic=0, arfcn=0
06-09 12:05:50.514  1701  1722 D RmcNwHdlr: [2] handleScgConnectionChange old=0, new=0
06-09 12:05:50.515  1701  1776 I AT      : [2] AT> AT+EOPS? (RIL_ATCI3_READER tid:471375269040)
06-09 12:05:50.515  1701  1710 E RILC    : oemHookRawInd: mtkRadioExService[14]->mRadioIndicationEm == NULL
06-09 12:05:50.519  1701  1775 I AT      : [2] AT< +EOPS: 0,2,"",1 (RIL_ATCI3_READER, tid:471393111216)
06-09 12:05:50.519  1701  1767 I AT      : [2] AT< OK (RIL_CMD3_READER_1, tid:471468739760)
06-09 12:05:50.519  1701  1775 I AT      : [2] AT< OK (RIL_ATCI3_READER, tid:471393111216)
06-09 12:05:50.519  1701  1776 E RmcEmbmsReq: [2] Error due to cell_id = *
06-09 12:05:50.519  1701  1768 I AT      : [2] AT> AT+EREGINFO=1 (RIL_CMD3_READER_1 tid:471467674800)
06-09 12:05:50.521  2764  3079 D RILJ    : Unsol response received; Sending ack to ril.cpp [PHONE2]
06-09 12:05:50.522  1701  1767 I AT      : [2] AT< OK (RIL_CMD3_READER_1, tid:471468739760)
06-09 12:05:50.526  1701  1767 I AT      : [2] AT< ERROR (RIL_CMD3_READER_1, tid:471468739760)
06-09 12:05:50.526  1820  2381 W TelephonyRegistry: Pid 2764 has exceeded half the number of permissible registered listeners. Now at 114
06-09 12:05:50.526  1820  2381 D TelephonyRegistry: listen oscl: mHasNotifySubscriptionInfoChangedOccurred==false no callback
06-09 12:05:50.527  2764  2764 D DSMGR-2 : mIsDataEnabled=false, prevDataEnabled=false
06-09 12:05:50.527  2764  2764 D DSMGR-2 : notifyDataEnabledChanged: enabled=false, reason=UNKNOWN, callingPackage=com.android.phone
06-09 12:05:50.529  1701  1767 I AT      : [2] AT< ERROR (RIL_CMD3_READER_1, tid:471468739760)
06-09 12:05:50.531  1701  1768 W RmcNwReqHdlr: [2] There is something wrong with the exectution of AT+EDEFROAM=1
06-09 12:05:50.531  1701  1768 I AT      : [2] AT> AT+CSCON=3 (RIL_CMD3_READER_1 tid:471467674800)
06-09 12:05:50.532  1820  2098 I commit_sys_config_file: [settings-0-0,8]
06-09 12:05:50.534  1701  1767 I AT      : [2] AT< OK (RIL_CMD3_READER_1, tid:471468739760)
06-09 12:05:50.534  1701  1768 I AT      : [2] AT> AT+CSCON? (RIL_CMD3_READER_1 tid:471467674800)
06-09 12:05:50.534  2764  2764 D MtkDPM  : DPM-2: EVENT_PLMN_DATA
06-09 12:05:50.535  2764  2764 D MtkDPM  : DPM-2: mPlmnMvnoData = PlmnMvnoData(xxx) changed = true
06-09 12:05:50.537  1701  1767 I AT      : [2] AT< +CME ERROR: 100 (RIL_CMD3_READER_1, tid:471468739760)
06-09 12:05:50.537  1701  1768 E RmcNwReqHdlr: [2] There is something wrong with the updateConnectionStateReport URC
06-09 12:05:50.537  1701  1768 I AT      : [2] AT> AT+ECAMPUI=1 (RIL_CMD3_READER_1 tid:471467674800)
06-09 12:05:50.540  1701  1767 I AT      : [2] AT< +CME ERROR: 100 (RIL_CMD3_READER_1, tid:471468739760)
06-09 12:05:50.540  1701  1768 W RmcNwReqHdlr: [2] There is something wrong with the exectution of AT+ECAMPUI=1
06-09 12:05:50.540  1701  1768 I AT      : [2] AT> AT+ECAPABILITY=1 (RIL_CMD3_READER_1 tid:471467674800)
06-09 12:05:50.543  1701  1767 I AT      : [2] AT< +CME ERROR: 100 (RIL_CMD3_READER_1, tid:471468739760)
06-09 12:05:50.543  1701  1768 W RmcNwReqHdlr: [2] There is something wrong with the exectution of AT+ECAPABILITY=1
06-09 12:05:50.543  1701  1768 I AT      : [2] AT> AT+ECAPABILITY? (RIL_CMD3_READER_1 tid:471467674800)
06-09 12:05:50.546  1701  1767 I AT      : [2] AT< +CME ERROR: 100 (RIL_CMD3_READER_1, tid:471468739760)
06-09 12:05:50.546  1701  1768 E RmcNwReqHdlr: [2] There is something wrong with AT+ECAPABILITY
06-09 12:05:50.546  1701  1768 I AT      : [2] AT> AT+EBARRING=1 (RIL_CMD3_READER_1 tid:471467674800)
06-09 12:05:50.549  1701  1767 I AT      : [2] AT< OK (RIL_CMD3_READER_1, tid:471468739760)
06-09 12:05:50.550  1701  1768 I AT      : [2] AT> AT+EOPS? (RIL_CMD3_READER_1 tid:471467674800)
06-09 12:05:50.553  2764  3079 D RILJ    : [0225]< SET_UNSOLICITED_RESPONSE_FILTER  [PHONE2]
06-09 12:05:50.553  1701  1767 I AT      : [2] AT< +EOPS: 0,2,"",1 (RIL_CMD3_READER_1, tid:471468739760)
06-09 12:05:50.553  1701  1767 I AT      : [2] AT< OK (RIL_CMD3_READER_1, tid:471468739760)
06-09 12:05:50.564  2764  3079 D RILJ    : Unsol response received; Sending ack to ril.cpp [PHONE2]
06-09 12:05:50.564  2764  3079 D RILJ    : [UNSL]< UNSOL_RESPONSE_PS_NETWORK_STATE_CHANGED [PHONE2]
06-09 12:05:50.586  2764  3079 D RILJ    : Unsol response received; Sending ack to ril.cpp [PHONE0]
06-09 12:05:50.587  2764  3079 D RILJ    : [UNSL]< UNSOL_EMERGENCY_NUMBER_LIST [[EmergencyNumber: 112, countryIso=, mnc=, src=mdm def , routing=unknown, categories=, urns=], [EmergencyNumber: 911, countryIso=, mnc=, src=mdm def , routing=unknown, categories=, urns=], [EmergencyNumber: 000, countryIso=, mnc=, src=mdm def , routing=unknown, categories=, urns=], [EmergencyNumber: 08, countryIso=, mnc=, src=mdm def , routing=unknown, categories=, urns=], [EmergencyNumber: 110, countryIso=, mnc=, src=def , routing=unknown, categories=, urns=], [EmergencyNumber: 118, countryIso=, mnc=, src=mdm def , routing=unknown, categories=, urns=], [EmergencyNumber: 119, countryIso=, mnc=, src=mdm def , routing=unknown, categories=, urns=], [EmergencyNumber: 999, countryIso=, mnc=, src=mdm def , routing=unknown, categories=, urns=]] [PHONE0]
06-09 12:05:50.599  1820  2381 W TelephonyRegistry: Pid 2764 has exceeded half the number of permissible registered listeners. Now at 115
06-09 12:05:50.600  1820  2381 D TelephonyRegistry: listen oscl: mHasNotifySubscriptionInfoChangedOccurred==false no callback
06-09 12:05:50.729  2764  2764 D CarrierResolver: handleMessage: 2
06-09 12:05:50.771  2764  2764 D MtkGsmCdmaPhone: correctPhoneTypeForCdma: change:false newVoiceRadioTech=1 mActivePhone=GSM
06-09 12:05:50.790  2764  2764 D ImsPhoneCallTracker: [0] handleMessage what=102
06-09 12:05:50.791  2764  2764 D ImsPhoneCallTracker: [0] onDataRoamingOff
06-09 12:05:50.791  2764  2764 D ImsPhoneCallTracker: [0] onDataRoamingOff: device already not roaming. ignored the update.
06-09 12:05:50.809  2764  2764 D ImsPhoneCallTracker: [1] handleMessage what=102
06-09 12:05:50.809  2764  2764 D ImsPhoneCallTracker: [1] onDataRoamingOff
06-09 12:05:50.809  2764  2764 D ImsPhoneCallTracker: [1] onDataRoamingOff: device already not roaming. ignored the update.
06-09 12:05:50.814  2764  2764 D ImsPhoneCallTracker: [2] handleMessage what=102
06-09 12:05:50.814  2764  2764 D ImsPhoneCallTracker: [2] onDataRoamingOff
06-09 12:05:50.814  2764  2764 D ImsPhoneCallTracker: [2] onDataRoamingOff: device already not roaming. ignored the update.
06-09 12:05:50.816  2764  2764 D PhoneCfgMgr: Received EVENT_RADIO_AVAILABLE/EVENT_RADIO_ON
06-09 12:05:50.831  1701  1710 D RtcMwi  : [0] onHandleRequest: request id 60533 is RFX_MSG_REQUEST_NOTIFY_EPDG_SCREEN_STATE
06-09 12:05:50.840  2764  3079 D RILJ    : Unsol response received; Sending ack to ril.cpp [PHONE1]
06-09 12:05:50.842  2764  3079 D RILJ    : [UNSL]< UNSOL_EMERGENCY_NUMBER_LIST [[EmergencyNumber: 112, countryIso=, mnc=, src=mdm def , routing=unknown, categories=, urns=], [EmergencyNumber: 911, countryIso=, mnc=, src=mdm def , routing=unknown, categories=, urns=], [EmergencyNumber: 000, countryIso=, mnc=, src=mdm def , routing=unknown, categories=, urns=], [EmergencyNumber: 08, countryIso=, mnc=, src=mdm def , routing=unknown, categories=, urns=], [EmergencyNumber: 110, countryIso=, mnc=, src=def , routing=unknown, categories=, urns=], [EmergencyNumber: 118, countryIso=, mnc=, src=mdm def , routing=unknown, categories=, urns=], [EmergencyNumber: 119, countryIso=, mnc=, src=mdm def , routing=unknown, categories=, urns=], [EmergencyNumber: 999, countryIso=, mnc=, src=mdm def , routing=unknown, categories=, urns=]] [PHONE1]
06-09 12:05:50.847  1820  2829 I am_uid_active: 10118
06-09 12:05:50.861  1701  1728 D RmcMwi  : [0] notifyEPDGScreenState: state:0
06-09 12:05:50.861  1701  1728 I AT      : [0] AT> AT+ESCREENSTATE = 0 (RIL_CMD_READER_3 tid:472034561200)
06-09 12:05:50.867  1701  1727 I AT      : [0] AT< OK (RIL_CMD_READER_3, tid:472052403376)
06-09 12:05:50.868  1701  1710 D RtcMwi  : [0] onHandleResponse, handle RFX_MSG_REQUEST_NOTIFY_EPDG_SCREEN_STATE
06-09 12:05:50.869  2764  3079 D RILJ    : Unsol response received; Sending ack to ril.cpp [PHONE2]
06-09 12:05:50.870  2764  3079 D RILJ    : [UNSL]< UNSOL_EMERGENCY_NUMBER_LIST [[EmergencyNumber: 112, countryIso=, mnc=, src=mdm def , routing=unknown, categories=, urns=], [EmergencyNumber: 911, countryIso=, mnc=, src=mdm def , routing=unknown, categories=, urns=], [EmergencyNumber: 000, countryIso=, mnc=, src=mdm def , routing=unknown, categories=, urns=], [EmergencyNumber: 08, countryIso=, mnc=, src=mdm def , routing=unknown, categories=, urns=], [EmergencyNumber: 110, countryIso=, mnc=, src=def , routing=unknown, categories=, urns=], [EmergencyNumber: 118, countryIso=, mnc=, src=mdm def , routing=unknown, categories=, urns=], [EmergencyNumber: 119, countryIso=, mnc=, src=mdm def , routing=unknown, categories=, urns=], [EmergencyNumber: 999, countryIso=, mnc=, src=mdm def , routing=unknown, categories=, urns=]] [PHONE2]
06-09 12:05:50.873  2764  2764 D RILJ    : [0236]> GET_MODEM_STATUS [PHONE0]
06-09 12:05:50.874  1701  1701 I RIL-Fusion: getRadioState(): radioState=10
06-09 12:05:50.874  2764  3079 D RILJ    : [0236]< GET_MODEM_STATUS true [PHONE0]
06-09 12:05:50.880  2764  2764 D PhoneCfgMgr: updateRadioCapability: sending the request for getting PhoneCapability
06-09 12:05:50.880  2764  2764 D RadioConfig: [0239]> GET_PHONE_CAPABILITY
06-09 12:05:50.880  1701  1701 D RadioConfig_service: radioConfig::getPhoneCapability serial=239
06-09 12:05:50.881  2764  2764 D PhoneCfgMgr: Received EVENT_RADIO_AVAILABLE/EVENT_RADIO_ON
06-09 12:05:50.882  2764  3079 D RadioConfigResponse: [0239]< GET_PHONE_CAPABILITY mMaxActiveVoiceSubscriptions=1 mMaxActiveDataSubscriptions=1 mNetworkValidationBeforeSwitchSupported=false mDeviceNrCapability []
06-09 12:05:50.885  1820  2098 I commit_sys_config_file: [settings-0-0,51]
06-09 12:05:50.894  2764  2764 D RILJ    : [0240]> GET_MODEM_STATUS [PHONE1]
06-09 12:05:50.894  2764  2764 D PhoneCfgMgr: updateRadioCapability: sending the request for getting PhoneCapability
06-09 12:05:50.894  1701  1701 I RIL-Fusion: getRadioState(): radioState=0
06-09 12:05:50.894  2764  2764 D RadioConfig: [0241]> GET_PHONE_CAPABILITY
06-09 12:05:50.894  1701  1701 D RadioConfig_service: radioConfig::getPhoneCapability serial=241
06-09 12:05:50.895  2764  2764 D PhoneCfgMgr: Received EVENT_RADIO_AVAILABLE/EVENT_RADIO_ON
06-09 12:05:50.896  2764  3079 D RILJ    : [0240]< GET_MODEM_STATUS false [PHONE1]
06-09 12:05:50.902  2764  2764 D RILJ    : [0242]> GET_MODEM_STATUS [PHONE2]
06-09 12:05:50.903  1701  1701 I RIL-Fusion: getRadioState(): radioState=0
06-09 12:05:50.903  2764  3079 D RadioConfigResponse: [0241]< GET_PHONE_CAPABILITY mMaxActiveVoiceSubscriptions=1 mMaxActiveDataSubscriptions=1 mNetworkValidationBeforeSwitchSupported=false mDeviceNrCapability []
06-09 12:05:50.903  2764  2764 D PhoneCfgMgr: updateRadioCapability: sending the request for getting PhoneCapability
06-09 12:05:50.903  2764  2764 D RadioConfig: [0243]> GET_PHONE_CAPABILITY
06-09 12:05:50.903  1701  1701 D RadioConfig_service: radioConfig::getPhoneCapability serial=243
06-09 12:05:50.905  2764  3079 D RILJ    : [0242]< GET_MODEM_STATUS false [PHONE2]
06-09 12:05:50.910  2764  3079 D RadioConfigResponse: [0243]< GET_PHONE_CAPABILITY mMaxActiveVoiceSubscriptions=1 mMaxActiveDataSubscriptions=1 mNetworkValidationBeforeSwitchSupported=false mDeviceNrCapability []
06-09 12:05:50.913  2764  2764 D TelephonyNetworkFactory[0]: onActivePhoneSwitch
06-09 12:05:50.916  2764  2764 D TelephonyNetworkFactory[1]: onActivePhoneSwitch
06-09 12:05:50.918  2764  2764 D TelephonyNetworkFactory[2]: onActivePhoneSwitch
06-09 12:05:50.925  2786  2806 D MtkMmTelFeature: [1] Set context to com.mediatek.ims.ImsApp@5d56390
06-09 12:05:50.927  2786  2806 D MtkMmTelFeature: [1] initialize mContext com.mediatek.ims.ImsApp@5d56390 slotId 1
06-09 12:05:50.927  2786  2806 D MtkMmTelFeature: [1] [1] MtkMmTelFeature created
06-09 12:05:50.928  2786  2786 E ImsService: updateImsRegstration, There is not ImsRegistrationImpl for slot 1
06-09 12:05:50.932  2786  3102 I ImsService: updateImsRegstration[1], regstate:3, tech:-1, reason:ImsReasonInfo :: {1000 : CODE_REGISTRATION_ERROR, 0, 0}
06-09 12:05:50.933  2786  3102 D MtkImsRegImpl: [1] MtkImsRegistrationImpl created
06-09 12:05:50.934  2786  2786 W OperatorUtils: getMccMnc, mccMnc value:
06-09 12:05:50.934  2786  2786 D MtkMmTelFeature: [1] notifyCapabilitiesStatusChanged MmTel Capabilities - [Voice: false Video: false UT: false SMS: false CALL_COMPOSER: false BUSINESS_COMPOSER_ONLY: false]
06-09 12:05:50.935  2764  3401 D FeatureConnector: [ImsStateCallbackController, 1] imsFeatureCreated: FeatureContainer{imsFeature=android.os.BinderProxy@412dc54, imsConfig=android.telephony.ims.aidl.IImsConfig$Stub$Proxy@82197fd, imsRegistration=android.telephony.ims.aidl.IImsRegistration$Stub$Proxy@d4afcf2, sipTransport=null, state=UNAVAILABLE, capabilities = capabilities={ EMERGENCY_OVER_MMTEL }}, subId: -1
06-09 12:05:50.935  2764  3401 D FeatureConnector: [ImsStateCallbackController, 1] imsStatusChanged: status=UNAVAILABLE
06-09 12:05:50.936  2764  3401 D FeatureConnector: [ImsStateCallbackController, 1] imsStatusChanged: ready didn't change, ignore
06-09 12:05:50.936  2764  3401 D FeatureConnector: [ImsProvisioningController, 1] imsFeatureCreated: FeatureContainer{imsFeature=android.os.BinderProxy@412dc54, imsConfig=android.telephony.ims.aidl.IImsConfig$Stub$Proxy@82197fd, imsRegistration=android.telephony.ims.aidl.IImsRegistration$Stub$Proxy@d4afcf2, sipTransport=null, state=UNAVAILABLE, capabilities = capabilities={ EMERGENCY_OVER_MMTEL }}, subId: -1
06-09 12:05:50.936  2764  3401 D FeatureConnector: [ImsProvisioningController, 1] imsStatusChanged: status=UNAVAILABLE
06-09 12:05:50.936  2764  3401 D FeatureConnector: [ImsProvisioningController, 1] imsStatusChanged: ready didn't change, ignore
06-09 12:05:50.936  2764  3401 D FeatureConnector: [ImsSmsDispatcher, 1] imsFeatureCreated: FeatureContainer{imsFeature=android.os.BinderProxy@412dc54, imsConfig=android.telephony.ims.aidl.IImsConfig$Stub$Proxy@82197fd, imsRegistration=android.telephony.ims.aidl.IImsRegistration$Stub$Proxy@d4afcf2, sipTransport=null, state=UNAVAILABLE, capabilities = capabilities={ EMERGENCY_OVER_MMTEL }}, subId: -1
06-09 12:05:50.936  2764  3401 D FeatureConnector: [ImsSmsDispatcher, 1] imsStatusChanged: status=UNAVAILABLE
06-09 12:05:50.936  2764  3401 D FeatureConnector: [ImsSmsDispatcher, 1] imsStatusChanged: ready didn't change, ignore
06-09 12:05:50.936  2764  3401 D FeatureConnector: [ImsPhoneCallTracker, 1] imsFeatureCreated: FeatureContainer{imsFeature=android.os.BinderProxy@412dc54, imsConfig=android.telephony.ims.aidl.IImsConfig$Stub$Proxy@82197fd, imsRegistration=android.telephony.ims.aidl.IImsRegistration$Stub$Proxy@d4afcf2, sipTransport=null, state=UNAVAILABLE, capabilities = capabilities={ EMERGENCY_OVER_MMTEL }}, subId: -1
06-09 12:05:50.936  2764  3401 D FeatureConnector: [ImsPhoneCallTracker, 1] imsStatusChanged: status=UNAVAILABLE
06-09 12:05:50.936  2764  3401 D FeatureConnector: [ImsPhoneCallTracker, 1] imsStatusChanged: ready didn't change, ignore
06-09 12:05:50.937  2764  3401 D FeatureConnector: [ImsStateCallbackController, 1] imsStatusChanged: status=READY
06-09 12:05:50.937  2764  3401 D FeatureConnector: [ImsProvisioningController, 1] imsStatusChanged: status=READY
06-09 12:05:50.937  2764  3401 D FeatureConnector: [ImsSmsDispatcher, 1] imsStatusChanged: status=READY
06-09 12:05:50.937  2764  3401 D FeatureConnector: [ImsPhoneCallTracker, 1] imsStatusChanged: status=READY
06-09 12:05:50.937  2764  3437 D ImsProvisioningController: MmTelFeatureListener[1] connection ready
06-09 12:05:50.937  2764  3437 D ImsConfig: addConfigCallback: com.android.phone.ImsProvisioningController$ConfigCallback@8eb69c0
06-09 12:05:50.937  2764  3437 D ImsProvisioningController: MmTelFeatureListener[1] onMmTelAvailable
06-09 12:05:50.946  2786  3102 D MtkRcsFeature: [2] initialize mContext com.mediatek.ims.MtkDynamicImsService@fe0236 slotId 2
06-09 12:05:50.946  2786  3102 D MtkRcsFeature: [2] notifyContextChanged to [com.mediatek.ims.ImsApp@5d56390]
06-09 12:05:50.946  2786  3102 D MtkRcsFeature: [2] notifyCapabilitiesStatusChanged to [Capabilities: 0]
06-09 12:05:50.947  2786  3102 D MtkRcsFeature: [2] MtkRcsFeature created
06-09 12:05:50.947  2786  3102 D MtkRcsFeature: [2] onFeatureReady called!
06-09 12:05:50.949  2764  3434 D ImsStateCallbackController: [1, MMTEL] connectionReady -1
06-09 12:05:50.963  2786  3102 I ImsService: updateImsRegstration[2], regstate:3, tech:-1, reason:ImsReasonInfo :: {1000 : CODE_REGISTRATION_ERROR, 0, 0}
06-09 12:05:50.963  2786  3102 D MtkImsRegImpl: [2] MtkImsRegistrationImpl created
06-09 12:05:50.972  2764  3401 D FeatureConnector: [ImsStateCallbackController, 2] imsFeatureCreated: FeatureContainer{imsFeature=android.os.BinderProxy@540c9b5, imsConfig=android.telephony.ims.aidl.IImsConfig$Stub$Proxy@109384a, imsRegistration=android.telephony.ims.aidl.IImsRegistration$Stub$Proxy@34fb3bb, sipTransport=null, state=UNAVAILABLE, capabilities = capabilities={ EMERGENCY_OVER_MMTEL }}, subId: -1
06-09 12:05:50.972  2764  3401 D FeatureConnector: [ImsStateCallbackController, 2] imsStatusChanged: status=UNAVAILABLE
06-09 12:05:50.972  2764  3401 D FeatureConnector: [ImsStateCallbackController, 2] imsStatusChanged: ready didn't change, ignore
06-09 12:05:50.972  2764  3401 D FeatureConnector: [ImsProvisioningController, 2] imsFeatureCreated: FeatureContainer{imsFeature=android.os.BinderProxy@540c9b5, imsConfig=android.telephony.ims.aidl.IImsConfig$Stub$Proxy@109384a, imsRegistration=android.telephony.ims.aidl.IImsRegistration$Stub$Proxy@34fb3bb, sipTransport=null, state=UNAVAILABLE, capabilities = capabilities={ EMERGENCY_OVER_MMTEL }}, subId: -1
06-09 12:05:50.972  2764  3401 D FeatureConnector: [ImsProvisioningController, 2] imsStatusChanged: status=UNAVAILABLE
06-09 12:05:50.972  2764  3401 D FeatureConnector: [ImsProvisioningController, 2] imsStatusChanged: ready didn't change, ignore
06-09 12:05:50.972  2764  3401 D FeatureConnector: [ImsStateCallbackController, 2] imsStatusChanged: status=READY
06-09 12:05:50.972  2764  3401 D FeatureConnector: [ImsProvisioningController, 2] imsStatusChanged: status=READY
06-09 12:05:50.972  2764  3434 D ImsStateCallbackController: [2, RCS] connectionReady -1
06-09 12:05:50.973  2764  3437 D ImsProvisioningController: RcsFeatureListener[2] connection ready
06-09 12:05:50.973  2764  3437 D ImsConfig: addConfigCallback: com.android.phone.ImsProvisioningController$ConfigCallback@4014c31
06-09 12:05:50.977  2786  3102 D MtkMmTelFeature: [0] Set context to com.mediatek.ims.ImsApp@5d56390
06-09 12:05:50.979  2786  3102 D MtkMmTelFeature: [0] initialize mContext com.mediatek.ims.ImsApp@5d56390 slotId 0
06-09 12:05:50.979  2786  3102 D MtkMmTelFeature: [0] [0] MtkMmTelFeature created
06-09 12:05:50.982  2786  3102 I ImsService: updateImsRegstration[0], regstate:3, tech:-1, reason:ImsReasonInfo :: {1000 : CODE_REGISTRATION_ERROR, 0, 0}
06-09 12:05:50.982  2786  3102 D MtkImsRegImpl: [0] MtkImsRegistrationImpl created
06-09 12:05:50.983  2764  3401 D FeatureConnector: [ImsStateCallbackController, 0] imsFeatureCreated: FeatureContainer{imsFeature=android.os.BinderProxy@8aa8f16, imsConfig=android.telephony.ims.aidl.IImsConfig$Stub$Proxy@93bd097, imsRegistration=android.telephony.ims.aidl.IImsRegistration$Stub$Proxy@3d00284, sipTransport=null, state=UNAVAILABLE, capabilities = capabilities={ EMERGENCY_OVER_MMTEL }}, subId: -1
06-09 12:05:50.983  2764  3401 D FeatureConnector: [ImsStateCallbackController, 0] imsStatusChanged: status=UNAVAILABLE
06-09 12:05:50.983  2764  3401 D FeatureConnector: [ImsStateCallbackController, 0] imsStatusChanged: ready didn't change, ignore
06-09 12:05:50.983  2764  3401 D FeatureConnector: [ImsProvisioningController, 0] imsFeatureCreated: FeatureContainer{imsFeature=android.os.BinderProxy@8aa8f16, imsConfig=android.telephony.ims.aidl.IImsConfig$Stub$Proxy@93bd097, imsRegistration=android.telephony.ims.aidl.IImsRegistration$Stub$Proxy@3d00284, sipTransport=null, state=UNAVAILABLE, capabilities = capabilities={ EMERGENCY_OVER_MMTEL }}, subId: -1
06-09 12:05:50.983  2764  3401 D FeatureConnector: [ImsProvisioningController, 0] imsStatusChanged: status=READY
06-09 12:05:50.983  2764  3401 D FeatureConnector: [ImsSmsDispatcher, 0] imsFeatureCreated: FeatureContainer{imsFeature=android.os.BinderProxy@8aa8f16, imsConfig=android.telephony.ims.aidl.IImsConfig$Stub$Proxy@93bd097, imsRegistration=android.telephony.ims.aidl.IImsRegistration$Stub$Proxy@3d00284, sipTransport=null, state=READY, capabilities = capabilities={ EMERGENCY_OVER_MMTEL }}, subId: -1
06-09 12:05:50.983  2764  3401 D FeatureConnector: [ImsSmsDispatcher, 0] imsStatusChanged: status=READY
06-09 12:05:50.983  2764  3401 D FeatureConnector: [ImsPhoneCallTracker, 0] imsFeatureCreated: FeatureContainer{imsFeature=android.os.BinderProxy@8aa8f16, imsConfig=android.telephony.ims.aidl.IImsConfig$Stub$Proxy@93bd097, imsRegistration=android.telephony.ims.aidl.IImsRegistration$Stub$Proxy@3d00284, sipTransport=null, state=READY, capabilities = capabilities={ EMERGENCY_OVER_MMTEL }}, subId: -1
06-09 12:05:50.984  2764  3401 D FeatureConnector: [ImsPhoneCallTracker, 0] imsStatusChanged: status=READY
06-09 12:05:50.984  2764  3401 D FeatureConnector: [ImsStateCallbackController, 0] imsStatusChanged: status=READY
06-09 12:05:50.984  2764  3401 D FeatureConnector: [ImsProvisioningController, 0] imsStatusChanged: status=READY
06-09 12:05:50.984  2764  3401 D FeatureConnector: [ImsProvisioningController, 0] imsStatusChanged: ready didn't change, ignore
06-09 12:05:50.984  2764  3401 D FeatureConnector: [ImsSmsDispatcher, 0] imsStatusChanged: status=READY
06-09 12:05:50.984  2764  3401 D FeatureConnector: [ImsSmsDispatcher, 0] imsStatusChanged: ready didn't change, ignore
06-09 12:05:50.984  2764  3401 D FeatureConnector: [ImsPhoneCallTracker, 0] imsStatusChanged: status=READY
06-09 12:05:50.984  2764  3401 D FeatureConnector: [ImsPhoneCallTracker, 0] imsStatusChanged: ready didn't change, ignore
06-09 12:05:50.984  2764  3434 D ImsStateCallbackController: [0, MMTEL] connectionReady -1
06-09 12:05:50.987  2764  3437 D ImsProvisioningController: RcsFeatureListener[2] onRcsAvailable
06-09 12:05:50.987  2764  3437 D ImsProvisioningController: MmTelFeatureListener[0] connection ready
06-09 12:05:50.987  2764  3437 D ImsConfig: addConfigCallback: com.android.phone.ImsProvisioningController$ConfigCallback@53886a2
06-09 12:05:50.987  2764  3437 D ImsProvisioningController: MmTelFeatureListener[0] onMmTelAvailable
06-09 12:05:50.989  2786  3102 D MtkRcsFeature: [1] initialize mContext com.mediatek.ims.MtkDynamicImsService@fe0236 slotId 1
06-09 12:05:50.989  2786  3102 D MtkRcsFeature: [1] notifyContextChanged to [com.mediatek.ims.ImsApp@5d56390]
06-09 12:05:50.989  2786  3102 D MtkRcsFeature: [1] notifyCapabilitiesStatusChanged to [Capabilities: 0]
06-09 12:05:50.989  2786  3102 D MtkRcsFeature: [1] MtkRcsFeature created
06-09 12:05:50.989  2786  3102 D MtkRcsFeature: [1] onFeatureReady called!
06-09 12:05:50.991  2764  3401 D FeatureConnector: [ImsStateCallbackController, 1] imsFeatureCreated: FeatureContainer{imsFeature=android.os.BinderProxy@562df33, imsConfig=android.telephony.ims.aidl.IImsConfig$Stub$Proxy@f8cc2f0, imsRegistration=android.telephony.ims.aidl.IImsRegistration$Stub$Proxy@7f45069, sipTransport=null, state=UNAVAILABLE, capabilities = capabilities={ EMERGENCY_OVER_MMTEL }}, subId: -1
06-09 12:05:50.991  2764  3401 D FeatureConnector: [ImsStateCallbackController, 1] imsStatusChanged: status=UNAVAILABLE
06-09 12:05:50.991  2764  3401 D FeatureConnector: [ImsStateCallbackController, 1] imsStatusChanged: ready didn't change, ignore
06-09 12:05:50.991  2764  3401 D FeatureConnector: [ImsProvisioningController, 1] imsFeatureCreated: FeatureContainer{imsFeature=android.os.BinderProxy@562df33, imsConfig=android.telephony.ims.aidl.IImsConfig$Stub$Proxy@f8cc2f0, imsRegistration=android.telephony.ims.aidl.IImsRegistration$Stub$Proxy@7f45069, sipTransport=null, state=UNAVAILABLE, capabilities = capabilities={ EMERGENCY_OVER_MMTEL }}, subId: -1
06-09 12:05:50.991  2764  3401 D FeatureConnector: [ImsProvisioningController, 1] imsStatusChanged: status=UNAVAILABLE
06-09 12:05:50.991  2764  3401 D FeatureConnector: [ImsProvisioningController, 1] imsStatusChanged: ready didn't change, ignore
06-09 12:05:50.992  2764  3401 D FeatureConnector: [ImsStateCallbackController, 1] imsStatusChanged: status=READY
06-09 12:05:50.992  2764  3401 D FeatureConnector: [ImsProvisioningController, 1] imsStatusChanged: status=READY
06-09 12:05:50.992  2764  3434 D ImsStateCallbackController: [1, RCS] connectionReady -1
06-09 12:05:50.992  2786  3102 D MtkRcsFeature: [0] initialize mContext com.mediatek.ims.MtkDynamicImsService@fe0236 slotId 0
06-09 12:05:50.992  2786  3102 D MtkRcsFeature: [0] notifyContextChanged to [com.mediatek.ims.ImsApp@5d56390]
06-09 12:05:50.992  2786  3102 D MtkRcsFeature: [0] notifyCapabilitiesStatusChanged to [Capabilities: 0]
06-09 12:05:50.992  2786  3102 D MtkRcsFeature: [0] MtkRcsFeature created
06-09 12:05:50.992  2786  3102 D MtkRcsFeature: [0] onFeatureReady called!
06-09 12:05:50.992  2764  3437 D ImsProvisioningController: RcsFeatureListener[1] connection ready
06-09 12:05:50.992  2764  3437 D ImsConfig: addConfigCallback: com.android.phone.ImsProvisioningController$ConfigCallback@3e23b8f
06-09 12:05:50.993  2764  3437 D ImsProvisioningController: RcsFeatureListener[1] onRcsAvailable
06-09 12:05:50.998  2764  3401 D FeatureConnector: [ImsStateCallbackController, 0] imsFeatureCreated: FeatureContainer{imsFeature=android.os.BinderProxy@5131e1c, imsConfig=android.telephony.ims.aidl.IImsConfig$Stub$Proxy@1f88a25, imsRegistration=android.telephony.ims.aidl.IImsRegistration$Stub$Proxy@e8847fa, sipTransport=null, state=UNAVAILABLE, capabilities = capabilities={ EMERGENCY_OVER_MMTEL }}, subId: -1
06-09 12:05:50.998  2764  3401 D FeatureConnector: [ImsStateCallbackController, 0] imsStatusChanged: status=UNAVAILABLE
06-09 12:05:50.998  2764  3401 D FeatureConnector: [ImsStateCallbackController, 0] imsStatusChanged: ready didn't change, ignore
06-09 12:05:50.998  2764  3401 D FeatureConnector: [ImsProvisioningController, 0] imsFeatureCreated: FeatureContainer{imsFeature=android.os.BinderProxy@5131e1c, imsConfig=android.telephony.ims.aidl.IImsConfig$Stub$Proxy@1f88a25, imsRegistration=android.telephony.ims.aidl.IImsRegistration$Stub$Proxy@e8847fa, sipTransport=null, state=UNAVAILABLE, capabilities = capabilities={ EMERGENCY_OVER_MMTEL }}, subId: -1
06-09 12:05:50.998  2764  3401 D FeatureConnector: [ImsProvisioningController, 0] imsStatusChanged: status=UNAVAILABLE
06-09 12:05:50.998  2764  3401 D FeatureConnector: [ImsProvisioningController, 0] imsStatusChanged: ready didn't change, ignore
06-09 12:05:50.999  2764  3401 D FeatureConnector: [ImsStateCallbackController, 0] imsStatusChanged: status=READY
06-09 12:05:50.999  2764  3401 D FeatureConnector: [ImsProvisioningController, 0] imsStatusChanged: status=READY
06-09 12:05:50.999  2764  3434 D ImsStateCallbackController: [0, RCS] connectionReady -1
06-09 12:05:50.999  2764  3437 D ImsProvisioningController: RcsFeatureListener[0] connection ready
06-09 12:05:51.000  2764  3437 D ImsConfig: addConfigCallback: com.android.phone.ImsProvisioningController$ConfigCallback@5420008
06-09 12:05:51.001  2764  3437 D ImsProvisioningController: RcsFeatureListener[0] onRcsAvailable
06-09 12:05:51.002  2786  3102 D MtkMmTelFeature: [2] Set context to com.mediatek.ims.ImsApp@5d56390
