06-09 12:05:45.707  2764  2764 I MtkRILJ : canMakeRequest wait for MtkRIL [PHONE2]
06-09 12:05:45.707  2764  2764 E RILJ    : Feature android.hardware.telephony.calling is declared, but service VOICE is missing [PHONE2]
06-09 12:05:45.708  2764  2764 E RILJ    : Feature android.hardware.telephony.data is declared, but service DATA is missing [PHONE2]
06-09 12:05:45.708  2764  2764 E RILJ    : Feature android.hardware.telephony.messaging is declared, but service MESSAGING is missing [PHONE2]
06-09 12:05:45.709  2764  2764 E RILJ    : Feature android.hardware.telephony.ims is declared, but service IMS is missing [PHONE2]
06-09 12:05:45.709  2764  2764 I MtkRILJ : getRadioProxy wait for MtkRIL
06-09 12:05:45.709  2764  2764 D RILJ    : HAL version of RADIO: -1.-1 [PHONE2]
06-09 12:05:45.709  2764  2764 I MtkRILJ : getRadioServiceProxy wait for MtkRIL
06-09 12:05:45.709  2764  2764 D RILJ    : HAL version of DATA: -2.-2 [PHONE2]
06-09 12:05:45.709  2764  2764 I MtkRILJ : getRadioServiceProxy wait for MtkRIL
06-09 12:05:45.709  2764  2764 D RILJ    : HAL version of MESSAGING: -2.-2 [PHONE2]
06-09 12:05:45.709  2764  2764 I MtkRILJ : getRadioServiceProxy wait for MtkRIL
06-09 12:05:45.709  2764  2764 D RILJ    : HAL version of MODEM: -2.-2 [PHONE2]
06-09 12:05:45.709  2764  2764 I MtkRILJ : getRadioServiceProxy wait for MtkRIL
06-09 12:05:45.709  2764  2764 D RILJ    : HAL version of NETWORK: -2.-2 [PHONE2]
06-09 12:05:45.709  2764  2764 I MtkRILJ : getRadioServiceProxy wait for MtkRIL
06-09 12:05:45.709  2764  2764 D RILJ    : HAL version of SIM: -2.-2 [PHONE2]
06-09 12:05:45.709  2764  2764 I MtkRILJ : getRadioServiceProxy wait for MtkRIL
06-09 12:05:45.709  2764  2764 D RILJ    : HAL version of VOICE: -2.-2 [PHONE2]
06-09 12:05:45.709  2764  2764 I MtkRILJ : getRadioServiceProxy wait for MtkRIL
06-09 12:05:45.709  2764  2764 D RILJ    : HAL version of IMS: -2.-2 [PHONE2]
06-09 12:05:45.709  2764  2764 D MtkRILJ : constructor: sub = 2
06-09 12:05:45.717  2764  2764 E RILJ    : getRadioServiceProxy: mHalVersion 1.6 [PHONE2]
06-09 12:05:45.717  1701  1701 I RILC    : setResponseFunctions, slotId = 2
06-09 12:05:45.721  1701  1701 I RIL-Fusion: getRadioState(): radioState=0
06-09 12:05:45.721  1701  1701 E RILC    : radioStateChangedInd: radioService[10]->mRadioIndication == NULL
06-09 12:05:45.721  1701  1710 D RtcCC   : [2] No call, ignore hangup all: slot = 2
06-09 12:05:45.721  1701  1701 E RILC    : radioStateChangedInd: radioService[14]->mRadioIndication == NULL
06-09 12:05:45.721  1701  1701 I RILC    : onNewCommandConnect, slot 2, client 0
06-09 12:05:45.721  1701  1706 I RILC    : sendPendedUrcCallback 0 2 0
06-09 12:05:45.721  1701  1706 I RILC    : sendPendedUrcs RIL_SOCKET_3, UNSOL_HARDWARE_CONFIG_CHANGED, client 0
06-09 12:05:45.721  1701  1706 I RILC    : sendPendedUrcs RIL_SOCKET_3, UNSOL_OEM_HOOK_RAW, client 0
06-09 12:05:45.721  1701  1706 E RILC    : oemHookRawInd: mtkRadioExService[2]->mRadioIndicationMtk == NULL
06-09 12:05:45.721  1701  1706 E RILC    : oemHookRawInd: mtkRadioExService[14]->mRadioIndicationEm == NULL
06-09 12:05:45.721  1701  1706 I RILC    : sendPendedUrcs RIL_SOCKET_3, UNSOL_RESPONSE_SIM_STATUS_CHANGED, client 0
06-09 12:05:45.721  1701  1706 E RILC    : simStatusChangedInd: radioService[10]->mRadioIndication == NULL
06-09 12:05:45.721  1701  1706 I RILC    : sendPendedUrcs RIL_SOCKET_3, UNSOL_OEM_HOOK_RAW, client 0
06-09 12:05:45.721  1701  1706 E RILC    : oemHookRawInd: mtkRadioExService[2]->mRadioIndicationMtk == NULL
06-09 12:05:45.721  1701  1706 E RILC    : oemHookRawInd: mtkRadioExService[14]->mRadioIndicationEm == NULL
06-09 12:05:45.721  1701  1706 I RILC    : sendPendedUrcs RIL_SOCKET_3, UNSOL_RADIO_CAPABILITY, client 0
06-09 12:05:45.721  1701  1706 I RILC    : sendPendedUrcs RIL_SOCKET_3, UNSOL_RESPONSE_SIM_STATUS_CHANGED, client 0
06-09 12:05:45.721  1701  1706 E RILC    : simStatusChangedInd: radioService[10]->mRadioIndication == NULL
06-09 12:05:45.721  1701  1706 I RILC    : sendPendedUrcs RIL_SOCKET_3, UNSOL_RESPONSE_SIM_STATUS_CHANGED, client 0
06-09 12:05:45.722  1701  1706 E RILC    : simStatusChangedInd: radioService[10]->mRadioIndication == NULL
06-09 12:05:45.722  1701  1706 I RILC    : sendPendedUrcs RIL_SOCKET_3, UNSOL_VOICE_RADIO_TECH_CHANGED, client 0
06-09 12:05:45.722  1701  1706 I RILC    : sendPendedUrcs RIL_SOCKET_3, UNSOL_RESPONSE_SIM_STATUS_CHANGED, client 0
06-09 12:05:45.722  1701  1706 E RILC    : simStatusChangedInd: radioService[10]->mRadioIndication == NULL
06-09 12:05:45.722  1701  1710 I RtcMwi  : [2] [2]onConnectionStateChanged: oldState = 0, newState = 1
06-09 12:05:45.722  1701  1710 D RtcGsmSmsCtrl: [2] onHidlStateChanged (false, true, false) (slot 2)
06-09 12:05:45.722  1701  1784 D RmcDcImsDc2ReqHandler: [2][handleResetImsConnection] imsConnState: 0, eimsConnState: 0
06-09 12:05:45.722  1701  1710 E RILC    : RIL_onRequestComplete: invalid RIL_Token
06-09 12:05:45.724  2764  2764 D RILJ    : [0013]> GET_HARDWARE_CONFIG [PHONE2]
06-09 12:05:45.724  1701  1772 D RmcHdcHdr: [2] onHandleRequest: 55517
06-09 12:05:45.724  1701  1772 D RmcHdcHdr: [2] handleHardwareConfigRequest: m_slot_id:2
06-09 12:05:45.725  1701  1772 D RmcHdcHdr: [2] sendHardwareConfigUrc: m_slot_id:2
06-09 12:05:45.728  2764  2764 E RILJ    : getRadioServiceProxy: mHalVersion 1.6 [PHONE2]
06-09 12:05:45.732  2764  2764 E RILJ    : getRadioServiceProxy: mHalVersion 1.6 [PHONE2]
06-09 12:05:45.736  2764  2764 E RILJ    : getRadioServiceProxy: mHalVersion 1.6 [PHONE2]
06-09 12:05:45.739  2764  2764 E RILJ    : getRadioServiceProxy: mHalVersion 1.6 [PHONE2]
06-09 12:05:45.743  2764  2764 E RILJ    : getRadioServiceProxy: mHalVersion 1.6 [PHONE2]
06-09 12:05:45.747  1701  1701 I RILC    : setResponseFunctionsMtk, slotId = 2
06-09 12:05:45.747  1701  1701 I RILC    : onNewCommandConnect, slot 2, client 1
06-09 12:05:45.747  1701  1706 I RILC    : sendPendedUrcCallback 0 2 1
06-09 12:05:45.747  1701  1706 I RILC    : sendPendedUrcs RIL_SOCKET_3, UNSOL_RESPONSE_PS_NETWORK_STATE_CHANGED, client 1
06-09 12:05:45.747  1701  1706 I RILC    : sendPendedUrcs RIL_SOCKET_3, RIL_UNSOL_SIM_SLOT_LOCK_POLICY_NOTIFY, client 1
06-09 12:05:45.747  1701  1706 I RILC    : sendPendedUrcs RIL_SOCKET_3, RIL_UNSOL_SIM_POWER_CHANGED, client 1
06-09 12:05:45.747  1701  1706 I RILC    : sendPendedUrcs RIL_SOCKET_3, RIL_UNSOL_PLMN_DATA, client 1
06-09 12:05:45.747  1701  1706 I RILC    : sendPendedUrcs RIL_SOCKET_3, RIL_UNSOL_ICCID_CHANGED, client 1
06-09 12:05:45.747  2764  2764 D MtkRILJ : queue size  0
06-09 12:05:45.747  1701  1706 I RILC    : sendPendedUrcs RIL_SOCKET_3, RIL_UNSOL_ICCID_CHANGED, client 1
06-09 12:05:45.747  1701  1706 I RILC    : sendPendedUrcs RIL_SOCKET_3, RIL_UNSOL_SIM_SLOT_LOCK_POLICY_NOTIFY, client 1
06-09 12:05:45.747  1701  1706 I RILC    : sendPendedUrcs RIL_SOCKET_3, RIL_UNSOL_SIM_SLOT_LOCK_POLICY_NOTIFY, client 1
06-09 12:05:45.747  1701  1706 I RILC    : sendPendedUrcs RIL_SOCKET_3, RIL_UNSOL_ICCID_CHANGED, client 1
06-09 12:05:45.748  1701  1710 I RtcMwi  : [2] [2]onConnectionStateChanged: oldState = 1, newState = 1
06-09 12:05:45.748  1701  1710 D RtcGsmSmsCtrl: [2] onHidlStateChanged (true, true, false) (slot 2)
06-09 12:05:45.749  2764  2764 I MtkRILJ : getMtkRadioExServiceProxy No AIDL, get HIDL instead. [PHONE2]
06-09 12:05:45.756  2764  2764 I MtkRILJ : getMtkRadioExServiceProxy No AIDL, get HIDL instead. [PHONE2]
06-09 12:05:45.757  2764  2764 I MtkRILJ : getMtkRadioExServiceProxy No AIDL, get HIDL instead. [PHONE2]
06-09 12:05:45.757  2764  2764 I MtkRILJ : getMtkRadioExServiceProxy No AIDL, get HIDL instead. [PHONE2]
06-09 12:05:45.757  2764  2764 I MtkRILJ : getMtkRadioExServiceProxy No AIDL, get HIDL instead. [PHONE2]
06-09 12:05:45.758  2764  2764 I MtkRILJ : getMtkRadioExServiceProxy No AIDL, get HIDL instead. [PHONE2]
06-09 12:05:45.758  2764  2764 D MtkRILJ : getRilOp
06-09 12:05:45.758  2764  2764 D MtkRILJ : mMtkRilOp init fail, because OM load
06-09 12:05:45.764  2764  2764 D FeatureConnector: [InstanceManager, -1] imsFeatureRemoved: reason=3
06-09 12:05:45.765  2764  3110 I ImsManager: IM[-1] connectionUnavailable, reason: 3
06-09 12:05:45.766  2764  2764 W CarrierConfigManager: Error getting config for subId -1 ICarrierConfigLoader is null
06-09 12:05:45.767  2764  2764 W CarrierConfigManager: Error getting config for subId -1 ICarrierConfigLoader is null
06-09 12:05:45.769  2764  2764 D FeatureConnector: [InstanceManager, 0] imsFeatureRemoved: reason=3
06-09 12:05:45.769  2764  3111 I ImsManager: IM[0] connectionUnavailable, reason: 3
06-09 12:05:45.771  2764  2764 D ImsSwitchController: Initialize ImsSwitchController enter
06-09 12:05:45.772  2764  2764 D ImsSwitchController: checkAndBindImsService: mMtkImsService = com.mediatek.ims.internal.IMtkImsService$Stub$Proxy@5f3a929
06-09 12:05:45.775  2764  2764 D MtkRILJ : [0014]> MTK: RIL_REQUEST_SET_VENDOR_SETTING [PHONE0]
06-09 12:05:45.777  2764  2764 D RatConfig: getMaxRat: initial Lf/Lt/W/G 29
06-09 12:05:45.778  2764  2764 D RatConfig: getActiveRatConfig: Lf/Lt/W/G
06-09 12:05:45.787  2764  3079 D RILJ    : [UNSL]< MTK: RIL_UNSOL_PLMN_DATA PlmnMvnoData(xxx) [PHONE0]
06-09 12:05:45.789  1701  1727 I AT      : [0] AT< OK (RIL_CMD_READER_3, tid:472052403376)
06-09 12:05:45.789  1701  1733 I AT      : [0] AT< +CME ERROR: 10 (RIL_CMD_RT_7, tid:471978904752)
06-09 12:05:45.789  1701  1755 I AT      : [1] AT< +CME ERROR: 10 (RIL_CMD2_RT_7, tid:471667117232)
06-09 12:05:45.790  1701  1728 D RmcMwi  : [0] setWfcConfig: 4
06-09 12:05:45.790  1701  1728 D RmcMwi  : [0] setWfcConfig_WifiApmState: wlan0, 1
06-09 12:05:45.790  1701  1728 I AT      : [0] AT> AT+EWIFIAPM="wlan0",1 (RIL_CMD_READER_3 tid:472034561200)
06-09 12:05:45.790  1701  1710 D RtcMwi  : [0] onHandleResponse, handle RFX_MSG_REQUEST_SET_WIFI_ENABLED
06-09 12:05:45.793  2786  2786 E ImsService: There is not IMtkMmTelFeatureCallback for slot 2
06-09 12:05:45.794  2764  3112 I RadioManager: PowerIdleState: enter
06-09 12:05:45.795  1701  1727 I AT      : [0] AT< OK (RIL_CMD_READER_3, tid:472052403376)
06-09 12:05:45.796  1701  1728 I AT      : [0] AT> AT+EWIFIASC=*** (RIL_CMD_READER_3, tid:472034561200)
06-09 12:05:45.797  1701  1710 D RtcMwi  : [0] onHandleResponse, handle RFX_MSG_REQUEST_SET_WFC_CONFIG
06-09 12:05:45.801  2764  3079 D RILJ    : Unsol response received; Sending ack to ril.cpp [PHONE0]
06-09 12:05:45.801  2764  3079 D RILJ    : convertHalRadioCapability: session=-1, phase=3, rat=36869, logicModemUuid=modem_sys1_ps0, status=1, rcRil.raf=81930 [PHONE0]
06-09 12:05:45.801  2764  3079 D RILJ    : [UNSL]< UNSOL_RADIO_CAPABILITY {mPhoneId = 0 mVersion=1 mSession=-1 mPhase=3 mRadioAccessFamily=36869 mLogicModemId=modem_sys1_ps0 mStatus=1} [PHONE0]
06-09 12:05:45.804  2764  3079 D RILJ    : Unsol response received; Sending ack to ril.cpp [PHONE1]
06-09 12:05:45.804  2764  3079 D RILJ    : [UNSL]< UNSOL_RIL_CONNECTED [PHONE1]
06-09 12:05:45.805  1701  1727 I AT      : [0] AT< OK (RIL_CMD_READER_3, tid:472052403376)
06-09 12:05:45.805  1701  1728 D RmcMwi  : [0] setWifiEnabled dataLen: 3
06-09 12:05:45.805  2764  3079 D RILJ    : [0017]> CDMA_SET_SUBSCRIPTION_SOURCE cdmaSubscription = 0 [PHONE1]
06-09 12:05:45.805  1701  1728 I AT      : [0] AT> AT+EWIFIEN="wlan0",1,0 (RIL_CMD_READER_3 tid:472034561200)
06-09 12:05:45.806  1701  1710 D RtcMwi  : [0] onHandleResponse, handle RFX_MSG_REQUEST_SET_WIFI_ASSOCIATED
06-09 12:05:45.806  2764  3079 D RILJ    : [0012]< GET_HARDWARE_CONFIG  [Modem { uuid=modem_sys1_ps1, state=0, rilModel=0, rat={0, 2, 13}, maxActiveVoiceCall=1, maxActiveDataCall=1, maxStandby=3 }] [Sim { uuid=modem_sys1_ps1, modemUuid=modem_sys1_ps1, state=0 }]  [PHONE1]
06-09 12:05:45.808  2764  2764 D RadioConfig: class = class com.mediatek.internal.telephony.MtkRadioConfig
06-09 12:05:45.808  2764  2764 D RadioConfig: constructor function = public com.mediatek.internal.telephony.MtkRadioConfig(android.content.Context,com.android.internal.telephony.HalVersion)
06-09 12:05:45.808  2764  3079 D RILJ    : Unsol response received; Sending ack to ril.cpp [PHONE1]
06-09 12:05:45.808  2764  3079 D RILJ    : [UNSL]< UNSOL_RESPONSE_PS_NETWORK_STATE_CHANGED [PHONE1]
06-09 12:05:45.810  2764  2764 D MtkTelephonyComponentFactory: makeUiccController mtk
06-09 12:05:45.811  2764  3079 D RILJ    : Unsol response received; Sending ack to ril.cpp [PHONE2]
06-09 12:05:45.811  2764  3079 D RILJ    : [UNSL]< UNSOL_RIL_CONNECTED [PHONE2]
06-09 12:05:45.811  1701  1727 I AT      : [0] AT< OK (RIL_CMD_READER_3, tid:472052403376)
06-09 12:05:45.811  1701  1728 I AT      : [0] AT> AT+EWIFIASC=*** (RIL_CMD_READER_3, tid:472034561200)
06-09 12:05:45.811  1701  1710 D RtcMwi  : [0] onHandleResponse, handle RFX_MSG_REQUEST_SET_WIFI_ENABLED
06-09 12:05:45.816  1701  1727 I AT      : [0] AT< OK (RIL_CMD_READER_3, tid:472052403376)
06-09 12:05:45.817  1701  1728 D RmcMwi  : [0] setWifiEnabled dataLen: 3
06-09 12:05:45.817  1701  1728 I AT      : [0] AT> AT+EWIFIEN="wlan0",1,0 (RIL_CMD_READER_3 tid:472034561200)
06-09 12:05:45.817  1701  1710 D RtcMwi  : [0] onHandleResponse, handle RFX_MSG_REQUEST_SET_WIFI_ASSOCIATED
06-09 12:05:45.817  1820  2261 I volume_changed: [3,2,2,15,AS.AudioService]
06-09 12:05:45.818  1820  2261 I volume_changed: [3,2,2,15,AS.AudioService]
06-09 12:05:45.819  1701  1710 E RfxRoot : no RfxBaseData, send error to RILJ
06-09 12:05:45.819  1820  2261 I volume_changed: [3,2,2,15,AS.AudioService]
06-09 12:05:45.822  1701  1727 I AT      : [0] AT< OK (RIL_CMD_READER_3, tid:472052403376)
06-09 12:05:45.822  1701  1710 D RtcMwi  : [0] onHandleResponse, handle RFX_MSG_REQUEST_SET_WIFI_ENABLED
06-09 12:05:45.823  2764  3079 D RILJ    : [0020]> CDMA_SET_SUBSCRIPTION_SOURCE cdmaSubscription = 0 [PHONE2]
06-09 12:05:45.824  1701  1710 E RfxRoot : no RfxBaseData, send error to RILJ
06-09 12:05:45.824  2764  3079 D RILJ    : [0013]< GET_HARDWARE_CONFIG  [Modem { uuid=modem_sys1_ps2, state=0, rilModel=0, rat={0, 13}, maxActiveVoiceCall=1, maxActiveDataCall=1, maxStandby=3 }] [Sim { uuid=modem_sys1_ps2, modemUuid=modem_sys1_ps2, state=0 }]  [PHONE2]
06-09 12:05:45.828  2764  3079 D RILJ    : Unsol response received; Sending ack to ril.cpp [PHONE2]
06-09 12:05:45.828  2764  3079 D RILJ    : [UNSL]< UNSOL_RESPONSE_PS_NETWORK_STATE_CHANGED [PHONE2]
06-09 12:05:45.829  2764  3079 D RILJ    : Unsol response received; Sending ack to ril.cpp [PHONE0]
06-09 12:05:45.829  2764  3079 D RILJ    : [UNSL]< MTK: RIL_UNSOL_ICCID_CHANGED N/A [PHONE0]
06-09 12:05:45.830  2764  3079 D RILJ    : Unsol response received; Sending ack to ril.cpp [PHONE0]
06-09 12:05:45.830  2764  3079 D RILJ    : [UNSL]< UNSOL_VOICE_RADIO_TECH_CHANGED {1} [PHONE0]
06-09 12:05:45.832  2764  3079 D RILJ    : Unsol response received; Sending ack to ril.cpp [PHONE1]
06-09 12:05:45.832  2764  3079 D RILJ    : [UNSL]< UNSOL_RESPONSE_RADIO_STATE_CHANGED radioStateChanged: 0 [PHONE1]
06-09 12:05:45.846  2764  3079 I service_manager_slow: [13,isub]
06-09 12:05:45.846  2764  2764 I service_manager_slow: [17,trust]
06-09 12:05:45.847  2764  3079 D RILJ    : Broadcast for RadioStateChanged: state=0 [PHONE1]
06-09 12:05:45.849  2764  3079 D RILJ    : Unsol response received; Sending ack to ril.cpp [PHONE1]
06-09 12:05:45.849  1701  1701 D RadioConfig_service: radioConfig::setResponseFunctions
06-09 12:05:45.849  2764  3079 D RILJ    : [0014]< MTK: RIL_REQUEST_SET_VENDOR_SETTING  [PHONE0]
06-09 12:05:45.851  2764  3079 D RILJ    : [0017]< CDMA_SET_SUBSCRIPTION_SOURCE error 6 [PHONE1]
06-09 12:05:45.851  2764  3079 D RilRequest: [0017]< CDMA_SET_SUBSCRIPTION_SOURCE error: com.android.internal.telephony.CommandException: REQUEST_NOT_SUPPORTED ret= result=null
06-09 12:05:45.853  2764  3118 D RadioConfig: [0026]> GET_HAL_DEVICE_CAPABILITIES
06-09 12:05:45.854  2764  3079 D RILJ    : Unsol response received; Sending ack to ril.cpp [PHONE2]
06-09 12:05:45.854  2764  3079 D RILJ    : [UNSL]< UNSOL_RESPONSE_RADIO_STATE_CHANGED radioStateChanged: 0 [PHONE2]
06-09 12:05:45.856  2764  3079 D RILJ    : Broadcast for RadioStateChanged: state=0 [PHONE2]
06-09 12:05:45.856  2764  3079 D RILJ    : [0020]< CDMA_SET_SUBSCRIPTION_SOURCE error 6 [PHONE2]
06-09 12:05:45.856  2764  3079 D RilRequest: [0020]< CDMA_SET_SUBSCRIPTION_SOURCE error: com.android.internal.telephony.CommandException: REQUEST_NOT_SUPPORTED ret= result=null
06-09 12:05:45.856  2764  2764 D PinStorage: KeyStore: alias PinStorage_longTerm_always_key exists
06-09 12:05:45.856  2764  2764 D PinStorage: onDeviceReady
06-09 12:05:45.858  2764  3079 D RILJ    : Unsol response received; Sending ack to ril.cpp [PHONE2]
06-09 12:05:45.859  2764  3079 D RILJ    : Unsol response received; Sending ack to ril.cpp [PHONE0]
06-09 12:05:45.859  2764  2764 D PinStorage: KeyStore: alias PinStorage_shortTerm_key does not exist - Nothing to do
06-09 12:05:45.861  2764  3079 D RILJ    : Unsol response received; Sending ack to ril.cpp [PHONE0]
06-09 12:05:45.861  2764  3079 D RILJ    : [UNSL]< UNSOL_RESPONSE_SIM_STATUS_CHANGED [PHONE0]
06-09 12:05:45.864  2764  3079 D RILJ    : Unsol response received; Sending ack to ril.cpp [PHONE1]
06-09 12:05:45.864  2764  3079 D RILJ    : [UNSL]< UNSOL_HARDWARE_CONFIG_CHANGED [Modem { uuid=modem_sys1_ps1, state=0, rilModel=0, rat={0, 2, 13}, maxActiveVoiceCall=1, maxActiveDataCall=1, maxStandby=3 }, Sim { uuid=modem_sys1_ps1, modemUuid=modem_sys1_ps1, state=0 }] [PHONE1]
06-09 12:05:45.864  2764  3079 D RILJ    : Unsol response received; Sending ack to ril.cpp [PHONE1]
06-09 12:05:45.865  2764  2764 I ExternalSimMgr: No need to startRecoveryTimer since didn't set persist VSIM.
06-09 12:05:45.865  2764  3079 D RILUtils: Radio Hal Version = 1.6
06-09 12:05:45.865  2764  3079 D RILUtils: CAPABILITY_USES_ALLOWED_NETWORK_TYPES_BITMASK
06-09 12:05:45.865  2764  3079 D RILUtils: CAPABILITY_SECONDARY_LINK_BANDWIDTH_VISIBLE
06-09 12:05:45.865  2764  3079 D RILUtils: CAPABILITY_NR_DUAL_CONNECTIVITY_CONFIGURATION_AVAILABLE
06-09 12:05:45.865  2764  3079 D RILUtils: CAPABILITY_THERMAL_MITIGATION_DATA_THROTTLING
06-09 12:05:45.865  2764  3079 D RILUtils: CAPABILITY_SLICING_CONFIG_SUPPORTED
06-09 12:05:45.865  2764  3079 D RILUtils: CAPABILITY_PHYSICAL_CHANNEL_CONFIG_1_6_SUPPORTED
06-09 12:05:45.866  2764  3118 D RadioInterfaceCapabilityController: setupRadioInterfaceCapabilities: mRadioInterfaceCapabilities now setup
06-09 12:05:45.866  2764  3079 D RadioConfigResponse: [0026]< GET_HAL_DEVICE_CAPABILITIES
06-09 12:05:45.867  2764  3079 D RILJ    : Unsol response received; Sending ack to ril.cpp [PHONE2]
06-09 12:05:45.867  2764  3079 D RILJ    : [UNSL]< UNSOL_HARDWARE_CONFIG_CHANGED [Modem { uuid=modem_sys1_ps2, state=0, rilModel=0, rat={0, 13}, maxActiveVoiceCall=1, maxActiveDataCall=1, maxStandby=3 }, Sim { uuid=modem_sys1_ps2, modemUuid=modem_sys1_ps2, state=0 }] [PHONE2]
06-09 12:05:45.867  2764  3079 D RILJ    : Unsol response received; Sending ack to ril.cpp [PHONE2]
06-09 12:05:45.868  2764  3079 D RILJ    : Unsol response received; Sending ack to ril.cpp [PHONE0]
06-09 12:05:45.868  2764  3079 D RILJ    : [UNSL]< MTK: RIL_UNSOL_ICCID_CHANGED N/A [PHONE0]
06-09 12:05:45.869  2764  3079 D RILJ    : Unsol response received; Sending ack to ril.cpp [PHONE0]
06-09 12:05:45.869  2764  3079 D RILJ    : [UNSL]< UNSOL_HARDWARE_CONFIG_CHANGED [Modem { uuid=modem_sys1_ps0, state=0, rilModel=0, rat={0, 2, 13, 15}, maxActiveVoiceCall=1, maxActiveDataCall=1, maxStandby=3 }, Sim { uuid=modem_sys1_ps0, modemUuid=modem_sys1_ps0, state=0 }] [PHONE0]
06-09 12:05:45.871  2764  3079 D RILJ    : Unsol response received; Sending ack to ril.cpp [PHONE1]
06-09 12:05:45.871  2764  3079 D RILJ    : [UNSL]< UNSOL_RESPONSE_SIM_STATUS_CHANGED [PHONE1]
06-09 12:05:45.871  2764  2764 I RsuSml  : [RSU-SIMLOCK] initialize RsuSml: [Lcom.android.internal.telephony.RIL;@fe0236
06-09 12:05:45.871  2764  2764 I PhoneFactory: Creating SubscriptionManagerService
06-09 12:05:45.872  2764  3079 D RILJ    : Unsol response received; Sending ack to ril.cpp [PHONE1]
06-09 12:05:45.872  2764  2764 D SMSVC   : Created SubscriptionManagerService
06-09 12:05:45.872  2764  3079 D RILJ    : [UNSL]< MTK: RIL_UNSOL_PLMN_DATA PlmnMvnoData(xxx) [PHONE1]
06-09 12:05:45.874  2764  3079 D RILJ    : Unsol response received; Sending ack to ril.cpp [PHONE2]
06-09 12:05:45.874  2764  3079 D RILJ    : [UNSL]< UNSOL_RESPONSE_SIM_STATUS_CHANGED [PHONE2]
06-09 12:05:45.875  2764  3079 D RILJ    : Unsol response received; Sending ack to ril.cpp [PHONE2]
06-09 12:05:45.875  2764  3079 D RILJ    : [UNSL]< MTK: RIL_UNSOL_PLMN_DATA PlmnMvnoData(xxx) [PHONE2]
06-09 12:05:45.876  2764  3079 D RILJ    : Unsol response received; Sending ack to ril.cpp [PHONE0]
06-09 12:05:45.877  2764  3079 D RILJ    : Unsol response received; Sending ack to ril.cpp [PHONE1]
06-09 12:05:45.877  2764  3079 D RILJ    : convertHalRadioCapability: session=-1, phase=3, rat=36868, logicModemUuid=modem_sys1_ps1, status=1, rcRil.raf=81928 [PHONE1]
06-09 12:05:45.877  2764  3079 D RILJ    : [UNSL]< UNSOL_RADIO_CAPABILITY {mPhoneId = 1 mVersion=1 mSession=-1 mPhase=3 mRadioAccessFamily=36868 mLogicModemId=modem_sys1_ps1 mStatus=1} [PHONE1]
06-09 12:05:45.879  2764  3079 D RILJ    : Unsol response received; Sending ack to ril.cpp [PHONE1]
06-09 12:05:45.880  2764  3079 D RILJ    : [UNSL]< MTK: RIL_UNSOL_ICCID_CHANGED N/A [PHONE1]
06-09 12:05:45.881  2764  3079 D RILJ    : Unsol response received; Sending ack to ril.cpp [PHONE2]
06-09 12:05:45.881  2764  3079 D RILJ    : convertHalRadioCapability: session=-1, phase=3, rat=32772, logicModemUuid=modem_sys1_ps2, status=1, rcRil.raf=65544 [PHONE2]
06-09 12:05:45.881  2764  3079 D RILJ    : [UNSL]< UNSOL_RADIO_CAPABILITY {mPhoneId = 2 mVersion=1 mSession=-1 mPhase=3 mRadioAccessFamily=32772 mLogicModemId=modem_sys1_ps2 mStatus=1} [PHONE2]
06-09 12:05:45.882  2764  3079 D RILJ    : Unsol response received; Sending ack to ril.cpp [PHONE2]
06-09 12:05:45.882  2764  3079 D RILJ    : [UNSL]< MTK: RIL_UNSOL_ICCID_CHANGED N/A [PHONE2]
06-09 12:05:45.884  2764  3079 D RILJ    : Unsol response received; Sending ack to ril.cpp [PHONE0]
06-09 12:05:45.884  2764  3079 D RILJ    : [UNSL]< MTK: RIL_UNSOL_ICCID_CHANGED N/A [PHONE0]
06-09 12:05:45.885  2764  3079 D RILJ    : Unsol response received; Sending ack to ril.cpp [PHONE1]
06-09 12:05:45.885  2764  3079 D RILJ    : [UNSL]< UNSOL_RESPONSE_SIM_STATUS_CHANGED [PHONE1]
06-09 12:05:45.886  2764  3079 D RILJ    : Unsol response received; Sending ack to ril.cpp [PHONE1]
06-09 12:05:45.886  2764  3079 D RILJ    : [UNSL]< MTK: RIL_UNSOL_ICCID_CHANGED N/A [PHONE1]
06-09 12:05:45.887  2764  3079 D RILJ    : Unsol response received; Sending ack to ril.cpp [PHONE2]
06-09 12:05:45.887  2764  3079 D RILJ    : [UNSL]< UNSOL_RESPONSE_SIM_STATUS_CHANGED [PHONE2]
06-09 12:05:45.888  2764  3079 D RILJ    : Unsol response received; Sending ack to ril.cpp [PHONE2]
06-09 12:05:45.888  2764  3079 D RILJ    : [UNSL]< MTK: RIL_UNSOL_ICCID_CHANGED N/A [PHONE2]
06-09 12:05:45.889  2764  3079 D RILJ    : Unsol response received; Sending ack to ril.cpp [PHONE0]
06-09 12:05:45.890  2764  3122 I ExternalSimMgr: sendExternalSimConnectedEvent connected=0
06-09 12:05:45.890  2764  3079 D RILJ    : [UNSL]< MTK: RIL_UNSOL_ICCID_CHANGED N/A [PHONE0]
06-09 12:05:45.891  2764  3079 D RILJ    : Unsol response received; Sending ack to ril.cpp [PHONE1]
06-09 12:05:45.891  2764  3079 D RILJ    : [UNSL]< UNSOL_RESPONSE_SIM_STATUS_CHANGED [PHONE1]
06-09 12:05:45.893  2764  3079 D RILJ    : Unsol response received; Sending ack to ril.cpp [PHONE1]
06-09 12:05:45.895  2764  3079 D RILJ    : Unsol response received; Sending ack to ril.cpp [PHONE2]
06-09 12:05:45.895  2764  3079 D RILJ    : [UNSL]< UNSOL_RESPONSE_SIM_STATUS_CHANGED [PHONE2]
06-09 12:05:45.896  2764  3079 D RILJ    : Unsol response received; Sending ack to ril.cpp [PHONE2]
06-09 12:05:45.897  2764  3079 D RILJ    : Unsol response received; Sending ack to ril.cpp [PHONE1]
06-09 12:05:45.897  2764  3079 D RILJ    : [UNSL]< UNSOL_VOICE_RADIO_TECH_CHANGED {1} [PHONE1]
06-09 12:05:45.898  2764  3079 D RILJ    : Unsol response received; Sending ack to ril.cpp [PHONE1]
06-09 12:05:45.899  2764  3079 D RILJ    : Unsol response received; Sending ack to ril.cpp [PHONE2]
06-09 12:05:45.899  2764  3079 D RILJ    : [UNSL]< UNSOL_VOICE_RADIO_TECH_CHANGED {1} [PHONE2]
06-09 12:05:45.900  2764  3079 D RILJ    : Unsol response received; Sending ack to ril.cpp [PHONE2]
06-09 12:05:45.903  2764  3079 D RILJ    : Unsol response received; Sending ack to ril.cpp [PHONE1]
06-09 12:05:45.903  2764  3079 D RILJ    : [UNSL]< UNSOL_RESPONSE_SIM_STATUS_CHANGED [PHONE1]
06-09 12:05:45.904  2764  3079 D RILJ    : Unsol response received; Sending ack to ril.cpp [PHONE1]
06-09 12:05:45.904  2764  3079 D RILJ    : [UNSL]< MTK: RIL_UNSOL_ICCID_CHANGED N/A [PHONE1]
06-09 12:05:45.906  2764  3079 D RILJ    : Unsol response received; Sending ack to ril.cpp [PHONE2]
06-09 12:05:45.906  2764  3079 D RILJ    : [UNSL]< UNSOL_RESPONSE_SIM_STATUS_CHANGED [PHONE2]
06-09 12:05:45.907  2764  3079 D RILJ    : Unsol response received; Sending ack to ril.cpp [PHONE2]
06-09 12:05:45.907  2764  3079 D RILJ    : [UNSL]< MTK: RIL_UNSOL_ICCID_CHANGED N/A [PHONE2]
06-09 12:05:45.908  2764  3079 D RILJ    : Unsol response received; Sending ack to ril.cpp [PHONE1]
06-09 12:05:45.909  2764  3079 D RILJ    : [UNSL]< UNSOL_HARDWARE_CONFIG_CHANGED [Modem { uuid=modem_sys1_ps1, state=0, rilModel=0, rat={0, 2, 13}, maxActiveVoiceCall=1, maxActiveDataCall=1, maxStandby=3 }, Sim { uuid=modem_sys1_ps1, modemUuid=modem_sys1_ps1, state=0 }] [PHONE1]
06-09 12:05:45.910  2764  3079 D RILJ    : Unsol response received; Sending ack to ril.cpp [PHONE1]
06-09 12:05:45.910  2764  3079 D RILJ    : [UNSL]< MTK: RIL_UNSOL_ICCID_CHANGED N/A [PHONE1]
06-09 12:05:45.911  2764  3079 D RILJ    : Unsol response received; Sending ack to ril.cpp [PHONE2]
06-09 12:05:45.912  2764  3079 D RILJ    : [UNSL]< UNSOL_HARDWARE_CONFIG_CHANGED [Modem { uuid=modem_sys1_ps2, state=0, rilModel=0, rat={0, 13}, maxActiveVoiceCall=1, maxActiveDataCall=1, maxStandby=3 }, Sim { uuid=modem_sys1_ps2, modemUuid=modem_sys1_ps2, state=0 }] [PHONE2]
06-09 12:05:45.913  2764  3079 D RILJ    : Unsol response received; Sending ack to ril.cpp [PHONE2]
06-09 12:05:45.913  2764  3079 D RILJ    : [UNSL]< MTK: RIL_UNSOL_ICCID_CHANGED N/A [PHONE2]
06-09 12:05:45.925  2764  2764 D MTK_SMSVC: create MtkSubscriptionDatabaseManager
06-09 12:05:45.929  1820  1979 I pm_critical_info: setEnabledSettings callingUid = 1000 callingPid = 1820 packageName = com.google.android.marvin.talkback componentName = ComponentInfo{com.google.android.marvin.talkback/com.google.android.accessibility.accessibilitymenu.AccessibilityMenuService} callingPackage= android newState = 2
06-09 12:05:46.054  1820  1820 I service_manager_slow: [18,appops]
06-09 12:05:46.055  2764  2764 D SDMGR   : Created SubscriptionDatabaseManager.
06-09 12:05:46.064  1701  1756 I AT      : [1] AT> AT+CPIN? (RIL_CMD2_RT_7 tid:471666052272)
06-09 12:05:46.064  2786  2786 E ImsService: updateImsRegstration, There is not ImsRegistrationImpl for slot 0
06-09 12:05:46.066  2786  2786 W OperatorUtils: getMccMnc, mccMnc value:
06-09 12:05:46.066  2786  2786 E ImsService: There is not IMtkMmTelFeatureCallback for slot 0
06-09 12:05:46.070  2786  2786 D WifiPdnHandler: Receive WIFI_SCAN_AVAILABLE, state: true
06-09 12:05:46.070  1701  1755 I AT      : [1] AT< +CME ERROR: 10 (RIL_CMD2_RT_7, tid:471667117232)
06-09 12:05:46.071  2786  2786 E ImsService: updateImsRegstration, There is not ImsRegistrationImpl for slot 1
06-09 12:05:46.071  2786  2786 W OperatorUtils: getMccMnc, mccMnc value:
06-09 12:05:46.073  2764  3126 D SDMGR   : loadDatabaseInternal
06-09 12:05:46.075  2786  2786 E ImsService: There is not IMtkMmTelFeatureCallback for slot 1
06-09 12:05:46.079  2764  2764 D SMSVC   : broadcastSubId action: android.intent.action.ACTION_DEFAULT_DATA_SUBSCRIPTION_CHANGED subId= -1
06-09 12:05:46.086  2786  2786 E ImsService: updateImsRegstration, There is not ImsRegistrationImpl for slot 2
06-09 12:05:46.088   441   441 I auditd  : avc:  denied  { find } for pid=2491 uid=10176 name=vendor.mediatek.hardware.mbrain.IMBrain/default scontext=u:r:priv_app:s0:c512,c768 tcontext=u:object_r:default_android_service:s0 tclass=service_manager permissive=0
06-09 12:05:46.089  2786  2786 W OperatorUtils: getMccMnc, mccMnc value:
06-09 12:05:46.089  2786  2786 E ImsService: There is not IMtkMmTelFeatureCallback for slot 2
06-09 12:05:46.092  1701  1756 I AT      : [1] AT> AT+CPIN? (RIL_CMD2_RT_7 tid:471666052272)
06-09 12:05:46.095  1701  1701 I RILC    : [0]Fire Pending indication UNSOL_RESPONSE_RADIO_STATE_CHANGED(0)
06-09 12:05:46.095  1701  1701 I RIL-Fusion: getRadioState(): radioState=0
06-09 12:05:46.096  1701  1701 I RILC    : [1]Fire Pending indication UNSOL_RESPONSE_RADIO_STATE_CHANGED(1)
06-09 12:05:46.096  1701  1701 I RIL-Fusion: getRadioState(): radioState=0
06-09 12:05:46.097  1701  1701 I RILC    : [2]Fire Pending indication UNSOL_RESPONSE_RADIO_STATE_CHANGED(2)
06-09 12:05:46.097  1701  1701 I RIL-Fusion: getRadioState(): radioState=0
06-09 12:05:46.099  2786  2786 I ImsLocationHandler: LocationManager.PROVIDERS_CHANGED_ACTION isNlpEnabled: false, location timeout = false
06-09 12:05:46.100  1701  1755 I AT      : [1] AT< +CME ERROR: 10 (RIL_CMD2_RT_7, tid:471667117232)
06-09 12:05:46.109  1820  1967 W CarrierConfigManager: Error getting config for subId -1 ICarrierConfigLoader is null
06-09 12:05:46.121  1701  1756 I AT      : [1] AT> AT+CPIN? (RIL_CMD2_RT_7 tid:471666052272)
06-09 12:05:46.126  1701  1755 I AT      : [1] AT< +CME ERROR: 10 (RIL_CMD2_RT_7, tid:471667117232)
06-09 12:05:46.138  1820  2098 I commit_sys_config_file: [settings-2-0,10]
06-09 12:05:46.147  1701  1756 I AT      : [1] AT> AT+CPIN? (RIL_CMD2_RT_7 tid:471666052272)
06-09 12:05:46.151  2764  2764 D SMSVC   : broadcastSubId action: android.intent.action.ACTION_DEFAULT_VOICE_SUBSCRIPTION_CHANGED subId= -1
06-09 12:05:46.152  1701  1755 I AT      : [1] AT< +CME ERROR: 10 (RIL_CMD2_RT_7, tid:471667117232)
06-09 12:05:46.169  1820  2810 I am_uid_running: 10151
06-09 12:05:46.176  2764  2764 D SMSVC   : broadcastSubId action: android.telephony.action.DEFAULT_SMS_SUBSCRIPTION_CHANGED subId= -1
06-09 12:05:46.194  2764  2764 D SMSVC   : Registered iSub service
06-09 12:05:46.195  2764  2764 D MTK_SMSVC: MtkSubscriptionManagerService
06-09 12:05:46.199  1820  2005 I am_proc_start: [0,3160,1000,com.transsion.tele.settings,broadcast,{com.transsion.tele.settings/com.transsion.tele.network.telephony.TranDataSwitchNotification},caller=com.android.phone/1001,action = android.intent.action.ACTION_DEFAULT_DATA_SUBSCRIPTION_CHANGED]
06-09 12:05:46.206  2500  3085 I sysui_multi_action: [757,213,758,4,759,-1]
06-09 12:05:46.245  2764  2764 D TranDataSwitchComponentImpl: [TranDataSwitchComponentImpl]
06-09 12:05:46.245  2764  2764 D TranDataSwitchComponentImpl: [init]...
06-09 12:05:46.252  1820  2005 I am_proc_start: [0,3181,10151,com.transsion.applock,content provider,{com.transsion.applock/com.transsion.applock.model.AppLockProvider},caller=com.transsion.XOSLauncher/10176]
06-09 12:05:46.265  1820  2794 I am_proc_bound: [0,3160,com.transsion.tele.settings]
06-09 12:05:46.279  2764  2764 D MtkTelephonyManagerEx: getSimLockPolicy: 3
06-09 12:05:46.281  2764  2764 D MtkTelephonyManagerEx: simSwitchMode result = 1
06-09 12:05:46.283  2764  2764 I PhoneFactory: Creating Phone with type = 1 phoneId = 0
06-09 12:05:46.285  2764  2764 D Phone-0 : mDoesRilSendMultipleCallRing=true
06-09 12:05:46.285  2764  2764 D Phone-0 : mCallRingDelay=3000
06-09 12:05:46.285  2764  2764 D TelephonyAdminReceiver: No user manager. Attempting to resolve one.
06-09 12:05:46.288  2764  2764 D TelephonyTester-0: register for intent action=com.mediatek.internal.telephony.action_detached
06-09 12:05:46.288  2764  2764 D TelephonyTester-0: register for intent action=com.mediatek.internal.telephony.action_attached
06-09 12:05:46.289  2764  2764 D TelephonyTester-0: register for intent action=com.android.internal.telephony.TestServiceState
06-09 12:05:46.289  2764  2764 D TelephonyTester-0: register for intent action=com.android.internal.telephony.TestChangeNumber
06-09 12:05:46.302   441   441 I auditd  : avc:  denied  { find } for pid=2992 uid=1000 name=vendor.mediatek.hardware.mbrain.IMBrain/default scontext=u:r:system_app:s0 tcontext=u:object_r:default_android_service:s0 tclass=service_manager permissive=0
06-09 12:05:46.334  1820  1820 I pm_critical_info: setEnabledSettings callingUid = 1000 callingPid = 1820 packageName = com.android.bluetooth componentName = ComponentInfo{com.android.bluetooth/com.android.bluetooth.opp.BluetoothOppLauncherActivity} callingPackage= android newState = 1
06-09 12:05:46.335  1820  1820 I pm_critical_info: setEnabledSettings callingUid = 1000 callingPid = 1820 packageName = com.android.bluetooth componentName = ComponentInfo{com.android.bluetooth/com.android.bluetooth.opp.BluetoothOppBtEnableActivity} callingPackage= android newState = 1
06-09 12:05:46.337  1820  1820 I pm_critical_info: setEnabledSettings callingUid = 1000 callingPid = 1820 packageName = com.android.bluetooth componentName = ComponentInfo{com.android.bluetooth/com.android.bluetooth.opp.BluetoothOppBtEnablingActivity} callingPackage= android newState = 1
06-09 12:05:46.338  1820  1820 I pm_critical_info: setEnabledSettings callingUid = 1000 callingPid = 1820 packageName = com.android.bluetooth componentName = ComponentInfo{com.android.bluetooth/com.android.bluetooth.opp.BluetoothOppBtErrorActivity} callingPackage= android newState = 1
06-09 12:05:46.359  1820  2794 D TelephonyRegistry: listen oscl: mHasNotifySubscriptionInfoChangedOccurred==false no callback
06-09 12:05:46.360  2764  2764 D TelephonyAnalytics: stopped listener
06-09 12:05:46.378  1820  2794 D TelephonyRegistry: listen oscl: mHasNotifySubscriptionInfoChangedOccurred==false no callback
06-09 12:05:46.381  1820  2809 D TelephonyRegistry: listen oscl: mHasNotifySubscriptionInfoChangedOccurred==false no callback
06-09 12:05:46.383  2764  2764 E SatelliteController: SatelliteController was not yet initialized.
06-09 12:05:46.385  1820  2794 I am_proc_bound: [0,3181,com.transsion.applock]
06-09 12:05:46.400  2764  2764 D GsmCdmaCallTkr: Reset mWaitForHoldToRedialRequest variables
06-09 12:05:46.400  2764  2764 D GsmCdmaCallTkr: Reset mWaitForHoldToHangupRequest variables
06-09 12:05:46.401  2764  2764 D MtkTelephonyComponentFactory: makeIccPhoneBookInterfaceManager mtk
06-09 12:05:46.401  2764  2764 D SmsDispatchersController: SmsDispatchersController created
06-09 12:05:46.408  2764  2764 D SMSDispatcher: SMSDispatcher: ctor mSmsCapable=true format=unknown mSmsSendDisabled=false
06-09 12:05:46.409  2764  2764 D MtkImsSmsDispacher: Created!
06-09 12:05:46.417  2764  2764 D SMSDispatcher: SMSDispatcher: ctor mSmsCapable=true format=3gpp2 mSmsSendDisabled=false
06-09 12:05:46.417  2764  2764 D CdmaSMSDispatcher: CdmaSMSDispatcher created
06-09 12:05:46.417  2764  2764 D MtkCdmaSMSDispatcher: MtkCdmaSMSDispatcher created
06-09 12:05:46.420  2764  2764 E WAP PUSH: bindService() for wappush manager failed
06-09 12:05:46.424  2764  2764 D m.android.phone: created InboundSmsHandler
06-09 12:05:46.453  2500  2593 W CarrierConfigManager: Error getting config for subId -1 ICarrierConfigLoader is null
06-09 12:05:46.515  1820  1820 I pm_critical_info: setEnabledSettings callingUid = 1000 callingPid = 1820 packageName = com.android.bluetooth componentName = ComponentInfo{com.android.bluetooth/com.android.bluetooth.opp.BluetoothOppLauncherActivity} callingPackage= android newState = 1
06-09 12:05:46.516  1820  1820 I pm_critical_info: setEnabledSettings callingUid = 1000 callingPid = 1820 packageName = com.android.bluetooth componentName = ComponentInfo{com.android.bluetooth/com.android.bluetooth.opp.BluetoothOppBtEnableActivity} callingPackage= android newState = 1
06-09 12:05:46.517  1820  1820 I pm_critical_info: setEnabledSettings callingUid = 1000 callingPid = 1820 packageName = com.android.bluetooth componentName = ComponentInfo{com.android.bluetooth/com.android.bluetooth.opp.BluetoothOppBtEnablingActivity} callingPackage= android newState = 1
06-09 12:05:46.517  1820  1820 I pm_critical_info: setEnabledSettings callingUid = 1000 callingPid = 1820 packageName = com.android.bluetooth componentName = ComponentInfo{com.android.bluetooth/com.android.bluetooth.opp.BluetoothOppBtErrorActivity} callingPackage= android newState = 1
06-09 12:05:46.519  1820  1820 D TelephonyRegistry: notifyCellLocationForSubscriber: subId=2147483647 cellIdentity=null
06-09 12:05:46.520  1820  1820 D TelephonyRegistry: notifyCellLocationForSubscriber: subId=2147483647 cellIdentity=null
06-09 12:05:46.525  1820  1820 D TelephonyRegistry: notifyCellLocationForSubscriber: subId=2147483647 cellIdentity=null
06-09 12:05:46.544  2764  2764 D MtkGsmInboundSmsHandler-0: created InboundSmsHandler from MtkGsmInboundSmsHandler
06-09 12:05:46.547  2764  2764 E WAP PUSH: bindService() for wappush manager failed
06-09 12:05:46.565  1820  2878 I sysui_multi_action: [757,127,758,2]
06-09 12:05:46.566  1820  2878 I notification_panel_hidden: 
06-09 12:05:46.572  2764  2764 D m.android.phone: created InboundSmsHandler
06-09 12:05:46.572  1820  3054 I wm_set_requested_orientation: [5,com.transsion.XOSLauncher/com.android.launcher3.uioverrides.QuickstepLauncher]
06-09 12:05:46.658  2491  2491 I wm_on_create_called: [257602181,com.android.launcher3.uioverrides.QuickstepLauncher,performCreate,1125]
06-09 12:05:46.666  1820  2098 I commit_sys_config_file: [settings-2-0,5]
06-09 12:05:46.667  2491  2491 I wm_on_start_called: [257602181,com.android.launcher3.uioverrides.QuickstepLauncher,handleStartActivity,8]
06-09 12:05:46.670  2491  2491 I wm_on_resume_called: [257602181,com.android.launcher3.uioverrides.QuickstepLauncher,RESUME_ACTIVITY,1]
06-09 12:05:46.708  2764  2764 D SMSDispatcher: SMSDispatcher: ctor mSmsCapable=true format=3gpp mSmsSendDisabled=false
06-09 12:05:46.708  2764  2764 D GsmSMSDispatcher: GsmSMSDispatcher created
06-09 12:05:46.709  2764  2764 D MtkGsmSMSDispatcher: MtkGsmSMSDispatcher created
06-09 12:05:46.709  2764  2764 D MtkSmsBroadcastUndelivered:  call initialize
06-09 12:05:46.715  2491  2491 I wm_on_top_resumed_gained_called: [257602181,com.android.launcher3.uioverrides.QuickstepLauncher,topStateChangedWhenResumed]
06-09 12:05:46.727  2992  3189 I viewroot_draw_event: [VRI[Tran_Float_Window_BG],Not drawing due to not visible. Reason=View.INVISIBLE]
06-09 12:05:46.754  1820  1970 I user_activity_timeout_override: 10000
06-09 12:05:46.759  2992  3188 I viewroot_draw_event: [VRI[Tran_Float_Window_BG],Not drawing due to not visible. Reason=View.INVISIBLE]
06-09 12:05:46.765  2764  2764 D MtkSmsDispatchersController: MtkSmsDispatchersController created
06-09 12:05:46.768  2764  2764 D MtkSmsLocationHandler: MtkSmsLocationHandler mSimCount = 3
06-09 12:05:46.793  2764  2764 D CdmaSSM : subscriptionSource from settings: 0
06-09 12:05:46.793  2764  2764 D CdmaSSM : cdmaSSM constructor: 0
06-09 12:05:46.807  2764  2764 I GsmCdmaPhone: [0] enable_identifier_disclosure_transparency_unsol_events is on. Registering for cellular identifier disclosures from phone 0
06-09 12:05:46.807  2764  2764 I GsmCdmaPhone: [0] enable_modem_cipher_transparency_unsol_events is on. Registering for security algorithm updates from phone 0
06-09 12:05:46.817  2764  2764 D RILJ    : setPhoneType=1 old value=0 [PHONE0]
06-09 12:05:46.818  1820  1971 I wm_wallpaper_surface: [0,1,Window{71538ae u0 com.transsion.XOSLauncher/com.android.launcher3.uioverrides.QuickstepLauncher}]
06-09 12:05:46.820  2764  2764 D CarrierActionAgent: [0]Creating CarrierActionAgent
06-09 12:05:46.822  2764  2764 W CarrierConfigManager: Error getting config for subId -1 ICarrierConfigLoader is null
06-09 12:05:46.822  2764  2764 W CarrierConfigManager: CarrierConfigLoader is not available.
06-09 12:05:46.825  1820  1971 I input_focus: [Focus request 71538ae com.transsion.XOSLauncher/com.android.launcher3.uioverrides.QuickstepLauncher,reason=UpdateInputWindows]
06-09 12:05:46.836  2764  2764 W CarrierConfigManager: Error getting config for subId -1 ICarrierConfigLoader is null
06-09 12:05:46.843  2764  2764 W CarrierConfigManager: Error getting config for subId -1 ICarrierConfigLoader is null
06-09 12:05:46.844  2764  2764 W CarrierConfigManager: CarrierConfigLoader is not available.
06-09 12:05:46.845  1820  2262 D TelephonyRegistry: listen oscl: mHasNotifySubscriptionInfoChangedOccurred==false no callback
06-09 12:05:46.859  2764  2764 W CarrierConfigManager: Error getting config for subId -1 ICarrierConfigLoader is null
06-09 12:05:46.868  2764  2764 D NRM-C-0 : registerForNetworkRegistrationInfoChanged
06-09 12:05:46.869  2764  2764 D NRM-I-0 : registerForNetworkRegistrationInfoChanged
06-09 12:05:46.912  2764  2764 D RILJ    : [0068]> SIGNAL_STRENGTH [PHONE0]
06-09 12:05:46.914  2764  2764 D MTKSST  : [GsmSST0] notifyVoiceRegStateRilRadioTechnologyChanged: vrs=1 rat=0
06-09 12:05:46.915   441   441 I auditd  : avc:  denied  { find } for pid=2992 uid=1000 name=vendor.mediatek.hardware.mbrain.IMBrain/default scontext=u:r:system_app:s0 tcontext=u:object_r:default_android_service:s0 tclass=service_manager permissive=0
06-09 12:05:46.917  2992  3188 I viewroot_draw_event: [VRI[Tran_Left_Window],Not drawing due to not visible. Reason=View.GONE]
06-09 12:05:46.919  2764  3079 D RILJ    : [0068]< SIGNAL_STRENGTH SignalStrength:{mAverageLevel=-1mCdma=CellSignalStrengthCdma: cdmaDbm=2147483647 cdmaEcio=2147483647 evdoDbm=2147483647 evdoEcio=2147483647 evdoSnr=2147483647 level=0,mGsm=CellSignalStrengthGsm: rssi=2147483647 ber=2147483647 mTa=2147483647 mLevel=0,mWcdma=CellSignalStrengthWcdma: ss=2147483647 ber=2147483647 rscp=2147483647 ecno=2147483647 level=0,mTdscdma=CellSignalStrengthTdscdma: rssi=2147483647 ber=2147483647 rscp=2147483647 level=0,mLte=CellSignalStrengthLte: rssi=2147483647 rsrp=2147483647 rsrq=2147483647 rssnr=2147483647 cqiTableIndex=2147483647 cqi=2147483647 ta=2147483647 level=0 parametersUseForLevel=1,mNr=CellSignalStrengthNr:{ csiRsrp = 2147483647 csiRsrq = 2147483647 csiCqiTableIndex = 2147483647 csiCqiReport = [] ssRsrp = 2147483647 ssRsrq = 2147483647 ssSinr = 2147483647 level = 0 parametersUseForLevel = 1 timingAdvance = 2147483647 },primary=CellSignalStrengthLte} [PHONE0]
06-09 12:05:46.922  1820  3281 D TelephonyRegistry: listen oscl: mHasNotifySubscriptionInfoChangedOccurred==false no callback
06-09 12:05:46.924  2764  2764 D Phone-0 : [0] SubId-1,get allowed network types user: value = GPRS|EDGE|UMTS|HSDPA|HSUPA|HSPA|LTE|HSPA+|GSM|LTE_CA
06-09 12:05:46.934  2491  2491 I viewroot_draw_event: [VRI[QuickstepLauncher],reportDrawFinished seqId=0]
06-09 12:05:46.945  2491  2491 I viewroot_draw_event: [VRI[QuickstepLauncher],reportDrawFinished seqId=0]
06-09 12:05:46.953  2992  3188 I viewroot_draw_event: [VRI[Tran_Right_Window],Not drawing due to not visible. Reason=View.GONE]
06-09 12:05:46.979   441   441 I auditd  : avc:  denied  { find } for pid=2735 uid=1002 name=vendor.mediatek.hardware.bluetooth.audio.IBluetoothAudioProviderFactory/default scontext=u:r:bluetooth:s0 tcontext=u:object_r:default_android_service:s0 tclass=service_manager permissive=0
06-09 12:05:46.986  1820  1967 I sysui_multi_action: [319,3595,322,3579,325,131,757,761,758,7,759,2,806,com.transsion.XOSLauncher,871,com.android.launcher3.uioverrides.QuickstepLauncher,905,0,945,856,1320,9,1321,23]
06-09 12:05:47.002  2500  3007 I viewroot_draw_event: [VRI[TrEdgeBackGestureHandler0],Not drawing due to not visible. Reason=View.GONE]
06-09 12:05:47.007  1820  1967 I wm_activity_launch_time: [0,257602181,com.transsion.XOSLauncher/com.android.launcher3.uioverrides.QuickstepLauncher,3579]
06-09 12:05:47.041  2992  3188 I viewroot_draw_event: [VRI[Tran_Float_Window_Guide],Not drawing due to not visible. Reason=View.INVISIBLE]
06-09 12:05:47.043  1820  2381 I am_uid_active: 10151
06-09 12:05:47.052  2764  3291 D MTKSST  : [GsmSST0] MtkHandler: EVENT_RIL_READY
06-09 12:05:47.069  1820  1970 I boot_progress_enable_screen: 134796
06-09 12:05:47.093  1820  1970 I screen_toggled: 1
06-09 12:05:47.097  2764  3079 D RILJ    : Unsol response received; Sending ack to ril.cpp [PHONE1]
06-09 12:05:47.097  2764  3079 D RILJ    : [UNSL]< UNSOL_RESPONSE_NETWORK_STATE_CHANGED [PHONE1]
06-09 12:05:47.142  2764  3079 D RILJ    : Unsol response received; Sending ack to ril.cpp [PHONE2]
06-09 12:05:47.142  2764  3079 D RILJ    : [UNSL]< UNSOL_RESPONSE_NETWORK_STATE_CHANGED [PHONE2]
06-09 12:05:47.208  2764  3079 D RILJ    : Unsol response received; Sending ack to ril.cpp [PHONE0]
06-09 12:05:47.208  2764  3079 D RILJ    : [UNSL]< UNSOL_RESPONSE_NETWORK_STATE_CHANGED [PHONE0]
06-09 12:05:47.209  2764  3291 D MTKSST  : [GsmSST0] MtkHandler: EVENT_NETWORK_STATE_CHANGED
06-09 12:05:47.493  2764  2764 W CarrierConfigManager: Error getting config for subId -1 ICarrierConfigLoader is null
06-09 12:05:47.493  2764  2764 W CarrierConfigManager: CarrierConfigLoader is not available.
06-09 12:05:47.498  2764  2764 D EmergencyNumberTracker: [0] asset emergency database is loaded. Ver: 2 Phone Id: 0 countryIso: 
06-09 12:05:47.499  2764  2764 E EmergencyNumberTracker: [0]Cache ota emergency database IOException: java.io.FileNotFoundException: /data/misc/emergencynumberdb/emergency_number_db: open failed: ENOENT (No such file or directory)
06-09 12:05:47.499  2764  2764 D EmergencyNumberTracker: [0]Using Asset Emergency database. Version: 2
06-09 12:05:47.535  1820  2004 I am_uid_running: 10237
06-09 12:05:47.570  1820  2005 I am_proc_start: [0,3315,10237,com.google.android.cellbroadcastreceiver,broadcast,{com.google.android.cellbroadcastreceiver/com.android.cellbroadcastreceiver.CellBroadcastReceiver},caller=com.android.phone/1001,action = android.telephony.action.DEFAULT_SMS_SUBSCRIPTION_CHANGED]
06-09 12:05:47.588  2764  2764 D MtkDeviceStateMonitor: [phoneId0]Initialize MtkDeviceStateMonitor
06-09 12:05:47.588  2764  2764 D MtkDeviceStateMonitor: [phoneId0]isLowDataExpected mIsScreenOn = true mIsCharging = true mIsTetheringOn = false
06-09 12:05:47.590  2764  2764 W CarrierConfigManager: Error getting config for subId -1 ICarrierConfigLoader is null
06-09 12:05:47.593  2764  2764 D DNC-0   : DataNetworkController created.
06-09 12:05:47.598  2764  2764 W CarrierConfigManager: Error getting config for subId -1 ICarrierConfigLoader is null
06-09 12:05:47.598  2764  2764 W CarrierConfigManager: CarrierConfigLoader is not available.
06-09 12:05:47.602  2764  2764 W CarrierConfigManager: Error getting config for subId -1 ICarrierConfigLoader is null
06-09 12:05:47.602  2764  2764 W CarrierConfigManager: CarrierConfigLoader is not available.
06-09 12:05:47.604  2764  2764 W CarrierConfigManager: Error getting config for subId -1 ICarrierConfigLoader is null
06-09 12:05:47.604  2764  2764 W CarrierConfigManager: CarrierConfigLoader is not available.
06-09 12:05:47.607  2764  2764 W CarrierConfigManager: Error getting config for subId -1 ICarrierConfigLoader is null
06-09 12:05:47.607  2764  2764 W CarrierConfigManager: CarrierConfigLoader is not available.
06-09 12:05:47.616  1820  1953 I am_proc_bound: [0,3315,com.google.android.cellbroadcastreceiver]
06-09 12:05:47.619  2764  2764 W CarrierConfigManager: Error getting config for subId -1 ICarrierConfigLoader is null
06-09 12:05:47.619  2764  2764 W CarrierConfigManager: CarrierConfigLoader is not available.
06-09 12:05:47.621  2764  2764 W CarrierConfigManager: Error getting config for subId -1 ICarrierConfigLoader is null
06-09 12:05:47.621  2764  2764 W CarrierConfigManager: CarrierConfigLoader is not available.
06-09 12:05:47.622  2764  2764 W CarrierConfigManager: Error getting config for subId -1 ICarrierConfigLoader is null
06-09 12:05:47.623  2764  2764 W CarrierConfigManager: CarrierConfigLoader is not available.
06-09 12:05:47.627  2764  2764 W CarrierConfigManager: Error getting config for subId -1 ICarrierConfigLoader is null
06-09 12:05:47.627  2764  2764 W CarrierConfigManager: CarrierConfigLoader is not available.
06-09 12:05:47.637  1820  2810 D TelephonyRegistry: listen oscl: mHasNotifySubscriptionInfoChangedOccurred==false no callback
06-09 12:05:47.656  2764  2764 D DCM-0   : DataConfigManager created.
06-09 12:05:47.658  1820  2381 W TelephonyRegistry: Pid 2764 has exceeded half the number of permissible registered listeners. Now at 25
06-09 12:05:47.663  2764  2764 W CarrierConfigManager: Error getting config for subId -1 ICarrierConfigLoader is null
06-09 12:05:47.671  2764  2764 E DCM-0   : updateDataRetryRules: Retry interval should not be less than 0. mRetryIntervalsMillis=[0]
06-09 12:05:47.682  1820  2098 I commit_sys_config_file: [settings-1-0,5]
06-09 12:05:47.685  2764  2764 D MtkDCM  : DCM-0: updateVolteIOTConfig: mVolteIotFirewall false
06-09 12:05:47.685  2764  2764 D DCM-0   : Carrier config updated. Config is not carrier specific.
06-09 12:05:47.692  2764  2764 D DSMGR-0 : DataSettingsManager created.
06-09 12:05:47.695  2764  2764 D TDC     : getModemCount: 1
06-09 12:05:47.695  2764  2764 D TDC     : getModem: 0
06-09 12:05:47.695  2764  2764 D TDC     : getModemCount: 1
06-09 12:05:47.695  2764  2764 D TDC     : getModem: 0
06-09 12:05:47.699  1820  3054 W TelephonyRegistry: Pid 2764 has exceeded half the number of permissible registered listeners. Now at 26
06-09 12:05:47.699  1820  3054 D TelephonyRegistry: listen oscl: mHasNotifySubscriptionInfoChangedOccurred==false no callback
06-09 12:05:47.701  2764  2764 D DSRM-0  : DataStallRecoveryManager created.
06-09 12:05:47.702  2764  2764 D DSRM-0  : Enabled actions is null
06-09 12:05:47.704  2764  2764 D DSRM-0  : Duration millis is null
06-09 12:05:47.720  1820  2232 I notification_cancel_all: [1002,2735,com.android.bluetooth,0,0,32832,9,NULL]
06-09 12:05:47.726  2764  2764 D CarrierResolver: Creating CarrierResolver[0]
